Archive member included to satisfy reference by file (symbol)

/Users/Jannas/Desktop/GitHub/CMPE146_MP3/compiler/mac/gcc-arm-none-eabi-8-2019-q3-update/bin/../lib/gcc/arm-none-eabi/8.3.1/thumb/v7e-m+fp/hard/libgcc.a(_arm_addsubdf3.o)
                              _build_lpc40xx_freertos/obj/pwm1.o (__aeabi_ui2d)
/Users/Jannas/Desktop/GitHub/CMPE146_MP3/compiler/mac/gcc-arm-none-eabi-8-2019-q3-update/bin/../lib/gcc/arm-none-eabi/8.3.1/thumb/v7e-m+fp/hard/libgcc.a(_arm_muldivdf3.o)
                              _build_lpc40xx_freertos/obj/pwm1.o (__aeabi_dmul)
/Users/Jannas/Desktop/GitHub/CMPE146_MP3/compiler/mac/gcc-arm-none-eabi-8-2019-q3-update/bin/../lib/gcc/arm-none-eabi/8.3.1/thumb/v7e-m+fp/hard/libgcc.a(_arm_fixunsdfsi.o)
                              _build_lpc40xx_freertos/obj/pwm1.o (__aeabi_d2uiz)
/Users/Jannas/Desktop/GitHub/CMPE146_MP3/compiler/mac/gcc-arm-none-eabi-8-2019-q3-update/bin/../lib/gcc/arm-none-eabi/8.3.1/thumb/v7e-m+fp/hard/libgcc.a(_aeabi_ldivmod.o)
                              _build_lpc40xx_freertos/obj/tasks.o (__aeabi_ldivmod)
/Users/Jannas/Desktop/GitHub/CMPE146_MP3/compiler/mac/gcc-arm-none-eabi-8-2019-q3-update/bin/../lib/gcc/arm-none-eabi/8.3.1/thumb/v7e-m+fp/hard/libgcc.a(_aeabi_uldivmod.o)
                              _build_lpc40xx_freertos/obj/delay.o (__aeabi_uldivmod)
/Users/Jannas/Desktop/GitHub/CMPE146_MP3/compiler/mac/gcc-arm-none-eabi-8-2019-q3-update/bin/../lib/gcc/arm-none-eabi/8.3.1/thumb/v7e-m+fp/hard/libgcc.a(_udivmoddi4.o)
                              /Users/Jannas/Desktop/GitHub/CMPE146_MP3/compiler/mac/gcc-arm-none-eabi-8-2019-q3-update/bin/../lib/gcc/arm-none-eabi/8.3.1/thumb/v7e-m+fp/hard/libgcc.a(_aeabi_ldivmod.o) (__udivmoddi4)
/Users/Jannas/Desktop/GitHub/CMPE146_MP3/compiler/mac/gcc-arm-none-eabi-8-2019-q3-update/bin/../lib/gcc/arm-none-eabi/8.3.1/thumb/v7e-m+fp/hard/libgcc.a(_dvmd_tls.o)
                              /Users/Jannas/Desktop/GitHub/CMPE146_MP3/compiler/mac/gcc-arm-none-eabi-8-2019-q3-update/bin/../lib/gcc/arm-none-eabi/8.3.1/thumb/v7e-m+fp/hard/libgcc.a(_aeabi_ldivmod.o) (__aeabi_ldiv0)
/Users/Jannas/Desktop/GitHub/CMPE146_MP3/compiler/mac/gcc-arm-none-eabi-8-2019-q3-update/bin/../lib/gcc/arm-none-eabi/8.3.1/../../../../arm-none-eabi/lib/thumb/v7e-m+fp/hard/libg_nano.a(lib_a-atof.o)
                              _build_lpc40xx_freertos/obj/sl_string.o (atof)
/Users/Jannas/Desktop/GitHub/CMPE146_MP3/compiler/mac/gcc-arm-none-eabi-8-2019-q3-update/bin/../lib/gcc/arm-none-eabi/8.3.1/../../../../arm-none-eabi/lib/thumb/v7e-m+fp/hard/libg_nano.a(lib_a-atoi.o)
                              _build_lpc40xx_freertos/obj/sl_string.o (atoi)
/Users/Jannas/Desktop/GitHub/CMPE146_MP3/compiler/mac/gcc-arm-none-eabi-8-2019-q3-update/bin/../lib/gcc/arm-none-eabi/8.3.1/../../../../arm-none-eabi/lib/thumb/v7e-m+fp/hard/libg_nano.a(lib_a-ctype_.o)
                              _build_lpc40xx_freertos/obj/sl_string.o (_ctype_)
/Users/Jannas/Desktop/GitHub/CMPE146_MP3/compiler/mac/gcc-arm-none-eabi-8-2019-q3-update/bin/../lib/gcc/arm-none-eabi/8.3.1/../../../../arm-none-eabi/lib/thumb/v7e-m+fp/hard/libg_nano.a(lib_a-fprintf.o)
                              _build_lpc40xx_freertos/obj/interrupt_vector_table.o (fprintf)
/Users/Jannas/Desktop/GitHub/CMPE146_MP3/compiler/mac/gcc-arm-none-eabi-8-2019-q3-update/bin/../lib/gcc/arm-none-eabi/8.3.1/../../../../arm-none-eabi/lib/thumb/v7e-m+fp/hard/libg_nano.a(lib_a-fputs.o)
                              _build_lpc40xx_freertos/obj/entry_point.o (fputs)
/Users/Jannas/Desktop/GitHub/CMPE146_MP3/compiler/mac/gcc-arm-none-eabi-8-2019-q3-update/bin/../lib/gcc/arm-none-eabi/8.3.1/../../../../arm-none-eabi/lib/thumb/v7e-m+fp/hard/libg_nano.a(lib_a-getchar.o)
                              _build_lpc40xx_freertos/obj/sj2_cli.o (getchar)
/Users/Jannas/Desktop/GitHub/CMPE146_MP3/compiler/mac/gcc-arm-none-eabi-8-2019-q3-update/bin/../lib/gcc/arm-none-eabi/8.3.1/../../../../arm-none-eabi/lib/thumb/v7e-m+fp/hard/libg_nano.a(lib_a-impure.o)
                              _build_lpc40xx_freertos/obj/entry_point.o (_impure_ptr)
/Users/Jannas/Desktop/GitHub/CMPE146_MP3/compiler/mac/gcc-arm-none-eabi-8-2019-q3-update/bin/../lib/gcc/arm-none-eabi/8.3.1/../../../../arm-none-eabi/lib/thumb/v7e-m+fp/hard/libg_nano.a(lib_a-lock.o)
                              /Users/Jannas/Desktop/GitHub/CMPE146_MP3/compiler/mac/gcc-arm-none-eabi-8-2019-q3-update/bin/../lib/gcc/arm-none-eabi/8.3.1/../../../../arm-none-eabi/lib/thumb/v7e-m+fp/hard/libg_nano.a(lib_a-fputs.o) (__retarget_lock_acquire_recursive)
/Users/Jannas/Desktop/GitHub/CMPE146_MP3/compiler/mac/gcc-arm-none-eabi-8-2019-q3-update/bin/../lib/gcc/arm-none-eabi/8.3.1/../../../../arm-none-eabi/lib/thumb/v7e-m+fp/hard/libg_nano.a(lib_a-malloc.o)
                              _build_lpc40xx_freertos/obj/heap_3.o (malloc)
[...]
Memory Configuration

Name             Origin             Length             Attributes
flash_512k       0x0000000000000000 0x0000000000080000 xr
ram_64k          0x0000000010000000 0x0000000000010000 xrw
ram_32k          0x0000000020000000 0x0000000000008000 xrw
*default*        0x0000000000000000 0xffffffffffffffff

Linker script and memory map

LOAD _build_lpc40xx_freertos/obj/entry_point.o
LOAD _build_lpc40xx_freertos/obj/interrupt_vector_table.o
LOAD _build_lpc40xx_freertos/obj/clock.o
LOAD _build_lpc40xx_freertos/obj/crash.o
LOAD _build_lpc40xx_freertos/obj/syscall.o
LOAD _build_lpc40xx_freertos/obj/startup.o
LOAD _build_lpc40xx_freertos/obj/acceleration.o
LOAD _build_lpc40xx_freertos/obj/sensors.o
LOAD _build_lpc40xx_freertos/obj/ff.o
LOAD _build_lpc40xx_freertos/obj/ffsystem.o
LOAD _build_lpc40xx_freertos/obj/ffunicode.o
LOAD _build_lpc40xx_freertos/obj/disk_glue_logic.o
LOAD _build_lpc40xx_freertos/obj/fatfs_time.o
LOAD _build_lpc40xx_freertos/obj/sd_card.o
LOAD _build_lpc40xx_freertos/obj/system_calls.o
LOAD _build_lpc40xx_freertos/obj/app_cli.o
LOAD _build_lpc40xx_freertos/obj/sj2_cli.o
LOAD _build_lpc40xx_freertos/obj/handler_i2c.o
LOAD _build_lpc40xx_freertos/obj/handlers_general.o
LOAD _build_lpc40xx_freertos/obj/mp3_cli.o
LOAD _build_lpc40xx_freertos/obj/file_io_example.o
LOAD _build_lpc40xx_freertos/obj/delay.o
LOAD _build_lpc40xx_freertos/obj/peripherals_init.o
LOAD _build_lpc40xx_freertos/obj/ssp2_mutex.o
LOAD _build_lpc40xx_freertos/obj/sys_time.o
LOAD _build_lpc40xx_freertos/obj/uart_printf.o
LOAD _build_lpc40xx_freertos/obj/main.o
LOAD _build_lpc40xx_freertos/obj/mp3_function.o
LOAD _build_lpc40xx_freertos/obj/rtos_hooks.o
LOAD _build_lpc40xx_freertos/obj/periodic_callbacks.o
LOAD _build_lpc40xx_freertos/obj/periodic_scheduler.o
LOAD _build_lpc40xx_freertos/obj/leightweight_lock.o
LOAD _build_lpc40xx_freertos/obj/sl_string.o
LOAD _build_lpc40xx_freertos/obj/freertos_interrupt_handlers.o
LOAD _build_lpc40xx_freertos/obj/port.o
LOAD _build_lpc40xx_freertos/obj/heap_3.o
LOAD _build_lpc40xx_freertos/obj/croutine.o
LOAD _build_lpc40xx_freertos/obj/event_groups.o
LOAD _build_lpc40xx_freertos/obj/list.o
LOAD _build_lpc40xx_freertos/obj/queue.o
LOAD _build_lpc40xx_freertos/obj/stream_buffer.o
LOAD _build_lpc40xx_freertos/obj/tasks.o
LOAD _build_lpc40xx_freertos/obj/timers.o
LOAD _build_lpc40xx_freertos/obj/adc.o
LOAD _build_lpc40xx_freertos/obj/board_io.o
LOAD _build_lpc40xx_freertos/obj/gpio.o
LOAD _build_lpc40xx_freertos/obj/hw_timer.o
LOAD _build_lpc40xx_freertos/obj/i2c.o
LOAD _build_lpc40xx_freertos/obj/lpc_peripherals.o
LOAD _build_lpc40xx_freertos/obj/pwm1.o
LOAD _build_lpc40xx_freertos/obj/ssp2.o
LOAD _build_lpc40xx_freertos/obj/uart.o
LOAD /Users/Jannas/Desktop/GitHub/CMPE146_MP3/compiler/mac/gcc-arm-none-eabi-8-2019-q3-update/bin/../lib/gcc/arm-none-eabi/8.3.1/../../../../arm-none-eabi/lib/thumb/v7e-m+fp/hard/libm.a
START GROUP
LOAD /Users/Jannas/Desktop/GitHub/CMPE146_MP3/compiler/mac/gcc-arm-none-eabi-8-2019-q3-update/bin/../lib/gcc/arm-none-eabi/8.3.1/thumb/v7e-m+fp/hard/libgcc.a
LOAD /Users/Jannas/Desktop/GitHub/CMPE146_MP3/compiler/mac/gcc-arm-none-eabi-8-2019-q3-update/bin/../lib/gcc/arm-none-eabi/8.3.1/../../../../arm-none-eabi/lib/thumb/v7e-m+fp/hard/libg_nano.a
LOAD /Users/Jannas/Desktop/GitHub/CMPE146_MP3/compiler/mac/gcc-arm-none-eabi-8-2019-q3-update/bin/../lib/gcc/arm-none-eabi/8.3.1/../../../../arm-none-eabi/lib/thumb/v7e-m+fp/hard/libc_nano.a
END GROUP
START GROUP
LOAD /Users/Jannas/Desktop/GitHub/CMPE146_MP3/compiler/mac/gcc-arm-none-eabi-8-2019-q3-update/bin/../lib/gcc/arm-none-eabi/8.3.1/thumb/v7e-m+fp/hard/libgcc.a
LOAD /Users/Jannas/Desktop/GitHub/CMPE146_MP3/compiler/mac/gcc-arm-none-eabi-8-2019-q3-update/bin/../lib/gcc/arm-none-eabi/8.3.1/../../../../arm-none-eabi/lib/thumb/v7e-m+fp/hard/libc_nano.a
LOAD /Users/Jannas/Desktop/GitHub/CMPE146_MP3/compiler/mac/gcc-arm-none-eabi-8-2019-q3-update/bin/../lib/gcc/arm-none-eabi/8.3.1/../../../../arm-none-eabi/lib/thumb/v7e-m+fp/hard/libnosys.a
END GROUP
START GROUP
LOAD /Users/Jannas/Desktop/GitHub/CMPE146_MP3/compiler/mac/gcc-arm-none-eabi-8-2019-q3-update/bin/../lib/gcc/arm-none-eabi/8.3.1/thumb/v7e-m+fp/hard/libgcc.a
LOAD /Users/Jannas/Desktop/GitHub/CMPE146_MP3/compiler/mac/gcc-arm-none-eabi-8-2019-q3-update/bin/../lib/gcc/arm-none-eabi/8.3.1/../../../../arm-none-eabi/lib/thumb/v7e-m+fp/hard/libc_nano.a
LOAD /Users/Jannas/Desktop/GitHub/CMPE146_MP3/compiler/mac/gcc-arm-none-eabi-8-2019-q3-update/bin/../lib/gcc/arm-none-eabi/8.3.1/../../../../arm-none-eabi/lib/thumb/v7e-m+fp/hard/libnosys.a
END GROUP
                0x0000000000000000                __base_flash = ORIGIN (flash_512k)
                0x0000000000080000                __top_flash = (__base_flash + LENGTH (flash_512k))
                0x0000000010000000                __base_ram_64k = ORIGIN (ram_64k)
                0x0000000010010000                __top_ram_64k = (__base_ram_64k + LENGTH (ram_64k))
                0x0000000020000000                __base_ram_32k = ORIGIN (ram_32k)
                0x0000000020008000                __top_ram_32k = (__base_ram_32k + LENGTH (ram_32k))

.text           0x0000000000000000     0xd1c4
 FILL mask 0xff
 *(.interrupt_vector_table)
 .interrupt_vector_table
                0x0000000000000000       0xe4 _build_lpc40xx_freertos/obj/interrupt_vector_table.o
                0x0000000000000000                interrupt_vector_table
                0x00000000000000e4                . = ALIGN (0x4)
 *(.init)
                0x00000000000000e4                . = ALIGN (0x4)
                0x00000000000000e4                __preinit_array_start = .
 *(.preinit_array)
                0x00000000000000e4                __preinit_array_end = .
                0x00000000000000e4                . = ALIGN (0x4)
                0x00000000000000e4                __init_array_start = .
 *(SORT_BY_NAME(.init_array.*))
 *(.init_array)
                0x00000000000000e4                __init_array_end = .
 *(.fini)
                0x00000000000000e4                . = ALIGN (0x4)
 *crtbegin.o(.ctors)
 *(EXCLUDE_FILE(*crtend.o) .ctors)
 *(SORT_BY_NAME(.ctors.*))
 *crtend.o(.ctors)
                0x00000000000000e4                . = ALIGN (0x4)
 *crtbegin.o(.dtors)
 *(EXCLUDE_FILE(*crtend.o) .dtors)
 *(SORT_BY_NAME(.dtors.*))
 *crtend.o(.dtors)
 *(.text*)
 .text.entry_point
                0x00000000000000e4       0x74 _build_lpc40xx_freertos/obj/entry_point.o
                0x00000000000000e4                entry_point
 .text.isr_hard_fault
                0x0000000000000158       0x1a _build_lpc40xx_freertos/obj/interrupt_vector_table.o
 *fill*         0x0000000000000172        0x2 ff
 .text.halt     0x0000000000000174       0x5c _build_lpc40xx_freertos/obj/interrupt_vector_table.o
 .text.isr_hard_fault_handler
                0x00000000000001d0       0x4c _build_lpc40xx_freertos/obj/interrupt_vector_table.o
                0x00000000000001d0                isr_hard_fault_handler
 .text.clock__get_core_clock_hz
                0x000000000000021c        0x8 _build_lpc40xx_freertos/obj/clock.o
                0x000000000000021c                clock__get_core_clock_hz
 .text.clock__get_peripheral_clock_hz
                0x0000000000000224        0x8 _build_lpc40xx_freertos/obj/clock.o
                0x0000000000000224                clock__get_peripheral_clock_hz
 .text.clock__initialize_system_clock_96mhz
                0x000000000000022c       0x40 _build_lpc40xx_freertos/obj/clock.o
                0x000000000000022c                clock__initialize_system_clock_96mhz
 .text.crash__record_get
                0x000000000000026c       0x18 _build_lpc40xx_freertos/obj/crash.o
                0x000000000000026c                crash__record_get
 .text.crash__report_if_occurred
                0x0000000000000284       0xc0 _build_lpc40xx_freertos/obj/crash.o
                0x0000000000000284                crash__report_if_occurred
 .text._sbrk    0x0000000000000344       0x54 _build_lpc40xx_freertos/obj/syscall.o
                0x0000000000000344                _sbrk
 .text.startup__initialize_ram
                0x0000000000000398       0x3c _build_lpc40xx_freertos/obj/startup.o
                0x0000000000000398                startup__initialize_ram
 .text.startup__initialize_fpu
                0x00000000000003d4       0x14 _build_lpc40xx_freertos/obj/startup.o
                0x00000000000003d4                startup__initialize_fpu
 .text.startup__initialize_interrupts
                0x00000000000003e8       0x18 _build_lpc40xx_freertos/obj/startup.o
                0x00000000000003e8                startup__initialize_interrupts
 .text.acceleration__init
                0x0000000000000400       0x22 _build_lpc40xx_freertos/obj/acceleration.o
                0x0000000000000400                acceleration__init
 .text.sensors__init
                0x0000000000000422        0x4 _build_lpc40xx_freertos/obj/sensors.o
                0x0000000000000422                sensors__init
 .text.ld_dword
                0x0000000000000426       0x10 _build_lpc40xx_freertos/obj/ff.o
 .text.st_dword
                0x0000000000000436       0x10 _build_lpc40xx_freertos/obj/ff.o
 .text.mem_cmp  0x0000000000000446       0x1c _build_lpc40xx_freertos/obj/ff.o
 .text.clst2sect
                0x0000000000000462       0x16 _build_lpc40xx_freertos/obj/ff.o
 .text.sum_sfn  0x0000000000000478       0x1e _build_lpc40xx_freertos/obj/ff.o
 .text.get_ldnumber
                0x0000000000000496       0x2a _build_lpc40xx_freertos/obj/ff.o
 .text.mem_cpy.part.0
                0x00000000000004c0       0x12 _build_lpc40xx_freertos/obj/ff.o
 .text.ld_clust.isra.3
                0x00000000000004d2       0x1c _build_lpc40xx_freertos/obj/ff.o
 .text.st_clust.isra.4
                0x00000000000004ee       0x18 _build_lpc40xx_freertos/obj/ff.o
 .text.sync_window.part.6
                0x0000000000000506       0x40 _build_lpc40xx_freertos/obj/ff.o
 .text.move_window
                0x0000000000000546       0x44 _build_lpc40xx_freertos/obj/ff.o
 *fill*         0x000000000000058a        0x2 ff
 .text.check_fs
                0x000000000000058c       0x74 _build_lpc40xx_freertos/obj/ff.o
 .text.find_volume
                0x0000000000000600      0x2c0 _build_lpc40xx_freertos/obj/ff.o
 .text.put_fat  0x00000000000008c0       0xf8 _build_lpc40xx_freertos/obj/ff.o
 .text.get_fat.isra.10
                0x00000000000009b8       0xb4 _build_lpc40xx_freertos/obj/ff.o
 .text.dir_sdi  0x0000000000000a6c       0x82 _build_lpc40xx_freertos/obj/ff.o
 .text.create_chain
                0x0000000000000aee       0xe8 _build_lpc40xx_freertos/obj/ff.o
 .text.remove_chain
                0x0000000000000bd6       0x6e _build_lpc40xx_freertos/obj/ff.o
 .text.unlock_fs
                0x0000000000000c44       0x16 _build_lpc40xx_freertos/obj/ff.o
 .text.dir_clear
                0x0000000000000c5a       0x5c _build_lpc40xx_freertos/obj/ff.o
 .text.dir_next
                0x0000000000000cb6       0xaa _build_lpc40xx_freertos/obj/ff.o
 .text.dir_find
                0x0000000000000d60      0x148 _build_lpc40xx_freertos/obj/ff.o
 .text.follow_path
                0x0000000000000ea8      0x294 _build_lpc40xx_freertos/obj/ff.o
 .text.dir_register
                0x000000000000113c      0x288 _build_lpc40xx_freertos/obj/ff.o
 .text.f_mount  0x00000000000013c4       0x70 _build_lpc40xx_freertos/obj/ff.o
                0x00000000000013c4                f_mount
 .text.f_open   0x0000000000001434      0x1cc _build_lpc40xx_freertos/obj/ff.o
                0x0000000000001434                f_open
 .text.ff_cre_syncobj
                0x0000000000001600       0x14 _build_lpc40xx_freertos/obj/ffsystem.o
                0x0000000000001600                ff_cre_syncobj
 .text.ff_del_syncobj
                0x0000000000001614        0xa _build_lpc40xx_freertos/obj/ffsystem.o
                0x0000000000001614                ff_del_syncobj
 .text.ff_req_grant
                0x000000000000161e       0x12 _build_lpc40xx_freertos/obj/ffsystem.o
                0x000000000000161e                ff_req_grant
 .text.ff_rel_grant
                0x0000000000001630        0xa _build_lpc40xx_freertos/obj/ffsystem.o
                0x0000000000001630                ff_rel_grant
 *fill*         0x000000000000163a        0x2 ff
 .text.ff_uni2oem
                0x000000000000163c       0x40 _build_lpc40xx_freertos/obj/ffunicode.o
                0x000000000000163c                ff_uni2oem
 .text.ff_oem2uni
                0x000000000000167c       0x28 _build_lpc40xx_freertos/obj/ffunicode.o
                0x000000000000167c                ff_oem2uni
 .text.ff_wtoupper
                0x00000000000016a4       0x8c _build_lpc40xx_freertos/obj/ffunicode.o
                0x00000000000016a4                ff_wtoupper
 .text.disk_initialize
                0x0000000000001730       0x1c _build_lpc40xx_freertos/obj/disk_glue_logic.o
                0x0000000000001730                disk_initialize
 .text.disk_status
                0x000000000000174c        0xa _build_lpc40xx_freertos/obj/disk_glue_logic.o
                0x000000000000174c                disk_status
 .text.disk_read
                0x0000000000001756       0x28 _build_lpc40xx_freertos/obj/disk_glue_logic.o
                0x0000000000001756                disk_read
 .text.disk_write
                0x000000000000177e       0x28 _build_lpc40xx_freertos/obj/disk_glue_logic.o
                0x000000000000177e                disk_write
 .text.get_fattime
                0x00000000000017a6        0x4 _build_lpc40xx_freertos/obj/fatfs_time.o
                0x00000000000017a6                get_fattime
 .text.sd_card__wait_for_ready
                0x00000000000017aa       0x28 _build_lpc40xx_freertos/obj/sd_card.o
 *fill*         0x00000000000017d2        0x2 ff
 .text.sd_card__power_off
                0x00000000000017d4       0x20 _build_lpc40xx_freertos/obj/sd_card.o
 .text.sd_card__transmit_datablock
                0x00000000000017f4       0x5a _build_lpc40xx_freertos/obj/sd_card.o
 .text.sd_card__send_command
                0x000000000000184e       0x86 _build_lpc40xx_freertos/obj/sd_card.o
 .text.sd_card__read_datablock
                0x00000000000018d4       0x42 _build_lpc40xx_freertos/obj/sd_card.o
 *fill*         0x0000000000001916        0x2 ff
 .text.sd_card__update_status
                0x0000000000001918       0x20 _build_lpc40xx_freertos/obj/sd_card.o
                0x0000000000001918                sd_card__update_status
 .text.sd_card__initialize
                0x0000000000001938      0x13c _build_lpc40xx_freertos/obj/sd_card.o
                0x0000000000001938                sd_card__initialize
 .text.sd_card__status
                0x0000000000001a74       0x10 _build_lpc40xx_freertos/obj/sd_card.o
                0x0000000000001a74                sd_card__status
 .text.sd_card__read
                0x0000000000001a84       0x8c _build_lpc40xx_freertos/obj/sd_card.o
                0x0000000000001a84                sd_card__read
 .text.sd_card__write
                0x0000000000001b10       0xa8 _build_lpc40xx_freertos/obj/sd_card.o
                0x0000000000001b10                sd_card__write
 .text.system_calls__print_and_halt
                0x0000000000001bb8       0x1e _build_lpc40xx_freertos/obj/system_calls.o
 *fill*         0x0000000000001bd6        0x2 ff
 .text._isatty  0x0000000000001bd8       0x28 _build_lpc40xx_freertos/obj/system_calls.o
                0x0000000000001bd8                _isatty
 .text._write   0x0000000000001c00       0x70 _build_lpc40xx_freertos/obj/system_calls.o
                0x0000000000001c00                _write
 .text._read    0x0000000000001c70       0x1c _build_lpc40xx_freertos/obj/system_calls.o
                0x0000000000001c70                _read
 .text.app_cli__private_print_list_of_all_commands
                0x0000000000001c8c       0x98 _build_lpc40xx_freertos/obj/app_cli.o
 .text.app_cli__initialize
                0x0000000000001d24       0x16 _build_lpc40xx_freertos/obj/app_cli.o
                0x0000000000001d24                app_cli__initialize
 .text.app_cli__add_command_handler
                0x0000000000001d3a        0xa _build_lpc40xx_freertos/obj/app_cli.o
                0x0000000000001d3a                app_cli__add_command_handler
 .text.app_cli__process_input
                0x0000000000001d44      0x134 _build_lpc40xx_freertos/obj/app_cli.o
                0x0000000000001d44                app_cli__process_input
 .text.sj2_cli__output_function
                0x0000000000001e78       0x12 _build_lpc40xx_freertos/obj/sj2_cli.o
 *fill*         0x0000000000001e8a        0x2 ff
 .text.sj2_cli__task
                0x0000000000001e8c       0x78 _build_lpc40xx_freertos/obj/sj2_cli.o
 .text.sj2_cli__init
                0x0000000000001f04       0xac _build_lpc40xx_freertos/obj/sj2_cli.o
                0x0000000000001f04                sj2_cli__init
 .text.cli__i2c_read
                0x0000000000001fb0       0xc8 _build_lpc40xx_freertos/obj/handler_i2c.o
 .text.cli__i2c_write
                0x0000000000002078       0xe8 _build_lpc40xx_freertos/obj/handler_i2c.o
 .text.cli__i2c
                0x0000000000002160       0x48 _build_lpc40xx_freertos/obj/handler_i2c.o
                0x0000000000002160                cli__i2c
 .text.cli__crash_me
                0x00000000000021a8        0x6 _build_lpc40xx_freertos/obj/handlers_general.o
                0x00000000000021a8                cli__crash_me
 *fill*         0x00000000000021ae        0x2 ff
 .text.cli__task_list
                0x00000000000021b0       0xdc _build_lpc40xx_freertos/obj/handlers_general.o
                0x00000000000021b0                cli__task_list
 .text.cli__task_control
                0x000000000000228c       0x70 _build_lpc40xx_freertos/obj/handlers_general.o
                0x000000000000228c                cli__task_control
 .text.cli__mp3_play
                0x00000000000022fc       0x18 _build_lpc40xx_freertos/obj/mp3_cli.o
                0x00000000000022fc                cli__mp3_play
 .text.cli__mp3_pause
                0x0000000000002314       0x44 _build_lpc40xx_freertos/obj/mp3_cli.o
                0x0000000000002314                cli__mp3_pause
 .text.cli__mp3_resume
                0x0000000000002358       0x44 _build_lpc40xx_freertos/obj/mp3_cli.o
                0x0000000000002358                cli__mp3_resume
 .text.delay__us
                0x000000000000239c       0x40 _build_lpc40xx_freertos/obj/delay.o
                0x000000000000239c                delay__us
 .text.delay__ms
                0x00000000000023dc        0xc _build_lpc40xx_freertos/obj/delay.o
                0x00000000000023dc                delay__ms
 .text.peripherals_init
                0x00000000000023e8      0x110 _build_lpc40xx_freertos/obj/peripherals_init.o
                0x00000000000023e8                peripherals_init
 .text.spi2_mutex__acquire
                0x00000000000024f8       0x34 _build_lpc40xx_freertos/obj/ssp2_mutex.o
                0x00000000000024f8                spi2_mutex__acquire
 .text.spi2_mutex__release
                0x000000000000252c       0x24 _build_lpc40xx_freertos/obj/ssp2_mutex.o
                0x000000000000252c                spi2_mutex__release
 .text.sys_time__one_minute_isr
                0x0000000000002550       0x24 _build_lpc40xx_freertos/obj/sys_time.o
 .text.sys_time__init
                0x0000000000002574       0x2c _build_lpc40xx_freertos/obj/sys_time.o
                0x0000000000002574                sys_time__init
 .text.sys_time__get_uptime_us
                0x00000000000025a0       0x2c _build_lpc40xx_freertos/obj/sys_time.o
                0x00000000000025a0                sys_time__get_uptime_us
 .text.sys_time__get_uptime_ms
                0x00000000000025cc       0x12 _build_lpc40xx_freertos/obj/sys_time.o
                0x00000000000025cc                sys_time__get_uptime_ms
 .text.uart_puts__polled
                0x00000000000025de       0x2a _build_lpc40xx_freertos/obj/uart_printf.o
                0x00000000000025de                uart_puts__polled
 .text.mp3_play
                0x0000000000002608       0x94 _build_lpc40xx_freertos/obj/main.o
                0x0000000000002608                mp3_play
 .text.startup.main
                0x000000000000269c       0x74 _build_lpc40xx_freertos/obj/main.o
                0x000000000000269c                main
 .text.if_mp3   0x0000000000002710       0x1c _build_lpc40xx_freertos/obj/mp3_function.o
                0x0000000000002710                if_mp3
 .text.check_name
                0x000000000000272c       0x58 _build_lpc40xx_freertos/obj/mp3_function.o
                0x000000000000272c                check_name
 .text.check_file
                0x0000000000002784       0x1e _build_lpc40xx_freertos/obj/mp3_function.o
                0x0000000000002784                check_file
 .text.read_file
                0x00000000000027a2        0x2 _build_lpc40xx_freertos/obj/mp3_function.o
                0x00000000000027a2                read_file
 .text.vApplicationStackOverflowHook
                0x00000000000027a4       0x1c _build_lpc40xx_freertos/obj/rtos_hooks.o
                0x00000000000027a4                vApplicationStackOverflowHook
 .text.vApplicationMallocFailedHook
                0x00000000000027c0       0x10 _build_lpc40xx_freertos/obj/rtos_hooks.o
                0x00000000000027c0                vApplicationMallocFailedHook
 .text.vApplicationIdleHook
                0x00000000000027d0       0x10 _build_lpc40xx_freertos/obj/rtos_hooks.o
                0x00000000000027d0                vApplicationIdleHook
 .text.configASSERT_callback
                0x00000000000027e0       0x40 _build_lpc40xx_freertos/obj/rtos_hooks.o
                0x00000000000027e0                configASSERT_callback
 .text.vApplicationGetIdleTaskMemory
                0x0000000000002820       0x18 _build_lpc40xx_freertos/obj/rtos_hooks.o
                0x0000000000002820                vApplicationGetIdleTaskMemory
 .text.freertos_hooks__get_run_time_counter_value
                0x0000000000002838       0x14 _build_lpc40xx_freertos/obj/rtos_hooks.o
                0x0000000000002838                freertos_hooks__get_run_time_counter_value
 .text.freertos_hooks__reset_run_time_stats
                0x000000000000284c       0x14 _build_lpc40xx_freertos/obj/rtos_hooks.o
                0x000000000000284c                freertos_hooks__reset_run_time_stats
 .text.sl_string__initialize
                0x0000000000002860       0x28 _build_lpc40xx_freertos/obj/sl_string.o
                0x0000000000002860                sl_string__initialize
 .text.sl_string__get_capacity
                0x0000000000002888       0x12 _build_lpc40xx_freertos/obj/sl_string.o
                0x0000000000002888                sl_string__get_capacity
 .text.sl_string__get_capacity_including_null_char
                0x000000000000289a        0xc _build_lpc40xx_freertos/obj/sl_string.o
                0x000000000000289a                sl_string__get_capacity_including_null_char
 .text.sl_string__get_length
                0x00000000000028a6        0xc _build_lpc40xx_freertos/obj/sl_string.o
                0x00000000000028a6                sl_string__get_length
 .text.sl_string__is_full
                0x00000000000028b2       0x1a _build_lpc40xx_freertos/obj/sl_string.o
                0x00000000000028b2                sl_string__is_full
 .text.sl_string__to_int
                0x00000000000028cc        0x4 _build_lpc40xx_freertos/obj/sl_string.o
                0x00000000000028cc                sl_string__to_int
 .text.sl_string__clear
                0x00000000000028d0        0x6 _build_lpc40xx_freertos/obj/sl_string.o
                0x00000000000028d0                sl_string__clear
 .text.sl_string__vprintf
                0x00000000000028d6       0x1c _build_lpc40xx_freertos/obj/sl_string.o
                0x00000000000028d6                sl_string__vprintf
 .text.sl_string__printf
                0x00000000000028f2       0x1a _build_lpc40xx_freertos/obj/sl_string.o
                0x00000000000028f2                sl_string__printf
 .text.sl_string__scanf
                0x000000000000290c       0x22 _build_lpc40xx_freertos/obj/sl_string.o
                0x000000000000290c                sl_string__scanf
 .text.sl_string__set
                0x000000000000292e       0x2e _build_lpc40xx_freertos/obj/sl_string.o
                0x000000000000292e                sl_string__set
 .text.sl_string__initialize_from
                0x000000000000295c       0x16 _build_lpc40xx_freertos/obj/sl_string.o
                0x000000000000295c                sl_string__initialize_from
 .text.sl_string__insert_at
                0x0000000000002972       0x54 _build_lpc40xx_freertos/obj/sl_string.o
                0x0000000000002972                sl_string__insert_at
 .text.sl_string__append
                0x00000000000029c6       0x38 _build_lpc40xx_freertos/obj/sl_string.o
                0x00000000000029c6                sl_string__append
 .text.sl_string__append_char
                0x00000000000029fe       0x18 _build_lpc40xx_freertos/obj/sl_string.o
                0x00000000000029fe                sl_string__append_char
 .text.sl_string__equals_to_ignore_case
                0x0000000000002a16       0x14 _build_lpc40xx_freertos/obj/sl_string.o
                0x0000000000002a16                sl_string__equals_to_ignore_case
 .text.sl_string__begins_with_limited_chars
                0x0000000000002a2a       0x28 _build_lpc40xx_freertos/obj/sl_string.o
                0x0000000000002a2a                sl_string__begins_with_limited_chars
 .text.sl_string__begins_with_ignore_case
                0x0000000000002a52       0x2e _build_lpc40xx_freertos/obj/sl_string.o
                0x0000000000002a52                sl_string__begins_with_ignore_case
 .text.sl_string__begins_with_whole_word
                0x0000000000002a80       0x44 _build_lpc40xx_freertos/obj/sl_string.o
                0x0000000000002a80                sl_string__begins_with_whole_word
 .text.sl_string__ends_with_newline
                0x0000000000002ac4       0x22 _build_lpc40xx_freertos/obj/sl_string.o
                0x0000000000002ac4                sl_string__ends_with_newline
 .text.sl_string__erase_after
                0x0000000000002ae6       0x38 _build_lpc40xx_freertos/obj/sl_string.o
                0x0000000000002ae6                sl_string__erase_after
 .text.sl_string__erase_first
                0x0000000000002b1e        0x8 _build_lpc40xx_freertos/obj/sl_string.o
                0x0000000000002b1e                sl_string__erase_first
 .text.sl_string__erase_last
                0x0000000000002b26       0x22 _build_lpc40xx_freertos/obj/sl_string.o
                0x0000000000002b26                sl_string__erase_last
 .text.sl_string__erase_at_substring
                0x0000000000002b48       0x1c _build_lpc40xx_freertos/obj/sl_string.o
                0x0000000000002b48                sl_string__erase_at_substring
 .text.sl_string__erase_first_word
                0x0000000000002b64       0x1c _build_lpc40xx_freertos/obj/sl_string.o
                0x0000000000002b64                sl_string__erase_first_word
 .text.sl_string__erase_int
                0x0000000000002b80       0x50 _build_lpc40xx_freertos/obj/sl_string.o
                0x0000000000002b80                sl_string__erase_int
 .text.sl_string__trim_end
                0x0000000000002bd0       0x40 _build_lpc40xx_freertos/obj/sl_string.o
                0x0000000000002bd0                sl_string__trim_end
 .text.vPortSVCHandler_wrapper
                0x0000000000002c10       0x12 _build_lpc40xx_freertos/obj/freertos_interrupt_handlers.o
                0x0000000000002c10                vPortSVCHandler_wrapper
 .text.xPortPendSVHandler_wrapper
                0x0000000000002c22       0x12 _build_lpc40xx_freertos/obj/freertos_interrupt_handlers.o
                0x0000000000002c22                xPortPendSVHandler_wrapper
 .text.xPortSysTickHandler_wrapper
                0x0000000000002c34       0x12 _build_lpc40xx_freertos/obj/freertos_interrupt_handlers.o
                0x0000000000002c34                xPortSysTickHandler_wrapper
 *fill*         0x0000000000002c46        0x2 ff
 .text.prvPortStartFirstTask
                0x0000000000002c48       0x28 _build_lpc40xx_freertos/obj/port.o
 .text.vPortEnableVFP
                0x0000000000002c70       0x14 _build_lpc40xx_freertos/obj/port.o
 .text.prvTaskExitError
                0x0000000000002c84       0x3c _build_lpc40xx_freertos/obj/port.o
 .text.pxPortInitialiseStack
                0x0000000000002cc0       0x2c _build_lpc40xx_freertos/obj/port.o
                0x0000000000002cc0                pxPortInitialiseStack
 *fill*         0x0000000000002cec        0x4 ff
 .text.vPortSVCHandler
                0x0000000000002cf0       0x24 _build_lpc40xx_freertos/obj/port.o
                0x0000000000002cf0                vPortSVCHandler
 .text.vPortEnterCritical
                0x0000000000002d14       0x44 _build_lpc40xx_freertos/obj/port.o
                0x0000000000002d14                vPortEnterCritical
 .text.vPortExitCritical
                0x0000000000002d58       0x28 _build_lpc40xx_freertos/obj/port.o
                0x0000000000002d58                vPortExitCritical
 .text.xPortPendSVHandler
                0x0000000000002d80       0x64 _build_lpc40xx_freertos/obj/port.o
                0x0000000000002d80                xPortPendSVHandler
 .text.xPortSysTickHandler
                0x0000000000002de4       0x2c _build_lpc40xx_freertos/obj/port.o
                0x0000000000002de4                xPortSysTickHandler
 .text.vPortSetupTimerInterrupt
                0x0000000000002e10       0x30 _build_lpc40xx_freertos/obj/port.o
                0x0000000000002e10                vPortSetupTimerInterrupt
 .text.xPortStartScheduler
                0x0000000000002e40      0x100 _build_lpc40xx_freertos/obj/port.o
                0x0000000000002e40                xPortStartScheduler
 .text.vPortValidateInterruptPriority
                0x0000000000002f40       0x58 _build_lpc40xx_freertos/obj/port.o
                0x0000000000002f40                vPortValidateInterruptPriority
 .text.pvPortMalloc
                0x0000000000002f98       0x1e _build_lpc40xx_freertos/obj/heap_3.o
                0x0000000000002f98                pvPortMalloc
 .text.vPortFree
                0x0000000000002fb6       0x1a _build_lpc40xx_freertos/obj/heap_3.o
                0x0000000000002fb6                vPortFree
 .text.vListInitialise
                0x0000000000002fd0       0x16 _build_lpc40xx_freertos/obj/list.o
                0x0000000000002fd0                vListInitialise
 .text.vListInitialiseItem
                0x0000000000002fe6        0x6 _build_lpc40xx_freertos/obj/list.o
                0x0000000000002fe6                vListInitialiseItem
 .text.vListInsertEnd
                0x0000000000002fec       0x18 _build_lpc40xx_freertos/obj/list.o
                0x0000000000002fec                vListInsertEnd
 .text.vListInsert
                0x0000000000003004       0x2e _build_lpc40xx_freertos/obj/list.o
                0x0000000000003004                vListInsert
 .text.uxListRemove
                0x0000000000003032       0x20 _build_lpc40xx_freertos/obj/list.o
                0x0000000000003032                uxListRemove
 .text.prvIsQueueEmpty
                0x0000000000003052       0x16 _build_lpc40xx_freertos/obj/queue.o
 .text.prvCopyDataToQueue
                0x0000000000003068       0x6a _build_lpc40xx_freertos/obj/queue.o
 .text.prvCopyDataFromQueue
                0x00000000000030d2       0x2a _build_lpc40xx_freertos/obj/queue.o
 .text.prvUnlockQueue
                0x00000000000030fc       0x70 _build_lpc40xx_freertos/obj/queue.o
 .text.xQueueGenericReset
                0x000000000000316c       0x7c _build_lpc40xx_freertos/obj/queue.o
                0x000000000000316c                xQueueGenericReset
 .text.xQueueGenericCreateStatic
                0x00000000000031e8       0x94 _build_lpc40xx_freertos/obj/queue.o
                0x00000000000031e8                xQueueGenericCreateStatic
 .text.xQueueGenericCreate
                0x000000000000327c       0x4c _build_lpc40xx_freertos/obj/queue.o
                0x000000000000327c                xQueueGenericCreate
 .text.xQueueGenericSend
                0x00000000000032c8      0x15c _build_lpc40xx_freertos/obj/queue.o
                0x00000000000032c8                xQueueGenericSend
 .text.xQueueCreateMutexStatic
                0x0000000000003424       0x2a _build_lpc40xx_freertos/obj/queue.o
                0x0000000000003424                xQueueCreateMutexStatic
 .text.xQueueCreateMutex
                0x000000000000344e       0x24 _build_lpc40xx_freertos/obj/queue.o
                0x000000000000344e                xQueueCreateMutex
 *fill*         0x0000000000003472        0x2 ff
 .text.xQueueGenericSendFromISR
                0x0000000000003474       0xbc _build_lpc40xx_freertos/obj/queue.o
                0x0000000000003474                xQueueGenericSendFromISR
 .text.xQueueGiveFromISR
                0x0000000000003530       0xa4 _build_lpc40xx_freertos/obj/queue.o
                0x0000000000003530                xQueueGiveFromISR
 .text.xQueueReceive
                0x00000000000035d4      0x13c _build_lpc40xx_freertos/obj/queue.o
                0x00000000000035d4                xQueueReceive
 .text.xQueueSemaphoreTake
                0x0000000000003710      0x180 _build_lpc40xx_freertos/obj/queue.o
                0x0000000000003710                xQueueSemaphoreTake
 .text.xQueueReceiveFromISR
                0x0000000000003890       0x9c _build_lpc40xx_freertos/obj/queue.o
                0x0000000000003890                xQueueReceiveFromISR
 .text.vQueueDelete
                0x000000000000392c       0x24 _build_lpc40xx_freertos/obj/queue.o
                0x000000000000392c                vQueueDelete
 .text.prvSearchForNameWithinSingleList
                0x0000000000003950       0x54 _build_lpc40xx_freertos/obj/tasks.o
 .text.prvResetRunTimeStatsInList
                0x00000000000039a4       0x2e _build_lpc40xx_freertos/obj/tasks.o
 *fill*         0x00000000000039d2        0x2 ff
 .text.prvAddNewTaskToReadyList
                0x00000000000039d4       0xf4 _build_lpc40xx_freertos/obj/tasks.o
 .text.prvIdleTask
                0x0000000000003ac8       0x28 _build_lpc40xx_freertos/obj/tasks.o
 .text.prvResetNextTaskUnblockTime
                0x0000000000003af0       0x24 _build_lpc40xx_freertos/obj/tasks.o
 .text.prvTaskIsTaskSuspended
                0x0000000000003b14       0x38 _build_lpc40xx_freertos/obj/tasks.o
 .text.prvInitialiseNewTask.isra.2
                0x0000000000003b4c       0x98 _build_lpc40xx_freertos/obj/tasks.o
 .text.prvAddCurrentTaskToDelayedList
                0x0000000000003be4       0x8c _build_lpc40xx_freertos/obj/tasks.o
 .text.xTaskCreateStatic
                0x0000000000003c70       0x6c _build_lpc40xx_freertos/obj/tasks.o
                0x0000000000003c70                xTaskCreateStatic
 .text.xTaskCreate
                0x0000000000003cdc       0x5a _build_lpc40xx_freertos/obj/tasks.o
                0x0000000000003cdc                xTaskCreate
 *fill*         0x0000000000003d36        0x2 ff
 .text.eTaskGetState
                0x0000000000003d38       0x6c _build_lpc40xx_freertos/obj/tasks.o
                0x0000000000003d38                eTaskGetState
 .text.vTaskResume
                0x0000000000003da4       0x84 _build_lpc40xx_freertos/obj/tasks.o
                0x0000000000003da4                vTaskResume
 .text.vTaskStartScheduler
                0x0000000000003e28       0x74 _build_lpc40xx_freertos/obj/tasks.o
                0x0000000000003e28                vTaskStartScheduler
 .text.vTaskSuspendAll
                0x0000000000003e9c       0x10 _build_lpc40xx_freertos/obj/tasks.o
                0x0000000000003e9c                vTaskSuspendAll
 .text.xTaskIncrementTick
                0x0000000000003eac      0x124 _build_lpc40xx_freertos/obj/tasks.o
                0x0000000000003eac                xTaskIncrementTick
 .text.xTaskResumeAll
                0x0000000000003fd0       0xec _build_lpc40xx_freertos/obj/tasks.o
                0x0000000000003fd0                xTaskResumeAll
 .text.vTaskDelay
                0x00000000000040bc       0x48 _build_lpc40xx_freertos/obj/tasks.o
                0x00000000000040bc                vTaskDelay
 .text.xTaskGetHandle
                0x0000000000004104       0x7c _build_lpc40xx_freertos/obj/tasks.o
                0x0000000000004104                xTaskGetHandle
 .text.vTaskSwitchContext
                0x0000000000004180       0xbc _build_lpc40xx_freertos/obj/tasks.o
                0x0000000000004180                vTaskSwitchContext
 .text.vTaskSuspend
                0x000000000000423c       0xd4 _build_lpc40xx_freertos/obj/tasks.o
                0x000000000000423c                vTaskSuspend
 .text.vTaskPlaceOnEventList
                0x0000000000004310       0x30 _build_lpc40xx_freertos/obj/tasks.o
                0x0000000000004310                vTaskPlaceOnEventList
 .text.xTaskRemoveFromEventList
                0x0000000000004340       0x80 _build_lpc40xx_freertos/obj/tasks.o
                0x0000000000004340                xTaskRemoveFromEventList
 .text.vTaskInternalSetTimeOutState
                0x00000000000043c0       0x18 _build_lpc40xx_freertos/obj/tasks.o
                0x00000000000043c0                vTaskInternalSetTimeOutState
 .text.xTaskCheckForTimeOut
                0x00000000000043d8       0x74 _build_lpc40xx_freertos/obj/tasks.o
                0x00000000000043d8                xTaskCheckForTimeOut
 .text.vTaskMissedYield
                0x000000000000444c        0xc _build_lpc40xx_freertos/obj/tasks.o
                0x000000000000444c                vTaskMissedYield
 .text.vTaskGetInfo
                0x0000000000004458       0x7c _build_lpc40xx_freertos/obj/tasks.o
                0x0000000000004458                vTaskGetInfo
 .text.prvListTasksWithinSingleList
                0x00000000000044d4       0x5a _build_lpc40xx_freertos/obj/tasks.o
 *fill*         0x000000000000452e        0x2 ff
 .text.uxTaskGetSystemState
                0x0000000000004530       0x98 _build_lpc40xx_freertos/obj/tasks.o
                0x0000000000004530                uxTaskGetSystemState
 .text.xTaskGetSchedulerState
                0x00000000000045c8       0x20 _build_lpc40xx_freertos/obj/tasks.o
                0x00000000000045c8                xTaskGetSchedulerState
 .text.xTaskPriorityInherit
                0x00000000000045e8       0xa4 _build_lpc40xx_freertos/obj/tasks.o
                0x00000000000045e8                xTaskPriorityInherit
 .text.xTaskPriorityDisinherit
                0x000000000000468c       0x9c _build_lpc40xx_freertos/obj/tasks.o
                0x000000000000468c                xTaskPriorityDisinherit
 .text.vTaskPriorityDisinheritAfterTimeout
                0x0000000000004728       0xb0 _build_lpc40xx_freertos/obj/tasks.o
                0x0000000000004728                vTaskPriorityDisinheritAfterTimeout
 .text.pvTaskIncrementMutexHeldCount
                0x00000000000047d8       0x18 _build_lpc40xx_freertos/obj/tasks.o
                0x00000000000047d8                pvTaskIncrementMutexHeldCount
 .text.vTaskResetRunTimeStats
                0x00000000000047f0       0x6c _build_lpc40xx_freertos/obj/tasks.o
                0x00000000000047f0                vTaskResetRunTimeStats
 .text.vRunTimeStatIsrEntry
                0x000000000000485c       0x28 _build_lpc40xx_freertos/obj/tasks.o
                0x000000000000485c                vRunTimeStatIsrEntry
 .text.vRunTimeStatIsrExit
                0x0000000000004884       0x10 _build_lpc40xx_freertos/obj/tasks.o
                0x0000000000004884                vRunTimeStatIsrExit
 .text.board_io__initialize
                0x0000000000004894      0x100 _build_lpc40xx_freertos/obj/board_io.o
                0x0000000000004894                board_io__initialize
 .text.board_io__sd_card_cs
                0x0000000000004994       0x10 _build_lpc40xx_freertos/obj/board_io.o
                0x0000000000004994                board_io__sd_card_cs
 .text.board_io__sd_card_ds
                0x00000000000049a4       0x10 _build_lpc40xx_freertos/obj/board_io.o
                0x00000000000049a4                board_io__sd_card_ds
 .text.board_io__sd_card_is_present
                0x00000000000049b4       0x14 _build_lpc40xx_freertos/obj/board_io.o
                0x00000000000049b4                board_io__sd_card_is_present
 .text.board_io__get_led0
                0x00000000000049c8       0x24 _build_lpc40xx_freertos/obj/board_io.o
                0x00000000000049c8                board_io__get_led0
 .text.board_io__get_led1
                0x00000000000049ec       0x24 _build_lpc40xx_freertos/obj/board_io.o
                0x00000000000049ec                board_io__get_led1
 .text.board_io__get_led2
                0x0000000000004a10       0x24 _build_lpc40xx_freertos/obj/board_io.o
                0x0000000000004a10                board_io__get_led2
 .text.board_io__get_led3
                0x0000000000004a34       0x24 _build_lpc40xx_freertos/obj/board_io.o
                0x0000000000004a34                board_io__get_led3
 .text.gpio__set_function
                0x0000000000004a58       0x30 _build_lpc40xx_freertos/obj/gpio.o
                0x0000000000004a58                gpio__set_function
 .text.gpio__construct_with_function
                0x0000000000004a88       0x1e _build_lpc40xx_freertos/obj/gpio.o
                0x0000000000004a88                gpio__construct_with_function
 .text.gpio__enable_open_drain
                0x0000000000004aa6       0x26 _build_lpc40xx_freertos/obj/gpio.o
                0x0000000000004aa6                gpio__enable_open_drain
 .text.gpio__set_as_input
                0x0000000000004acc       0x28 _build_lpc40xx_freertos/obj/gpio.o
                0x0000000000004acc                gpio__set_as_input
 .text.gpio__construct_as_input
                0x0000000000004af4       0x1c _build_lpc40xx_freertos/obj/gpio.o
                0x0000000000004af4                gpio__construct_as_input
 .text.gpio__set_as_output
                0x0000000000004b10       0x24 _build_lpc40xx_freertos/obj/gpio.o
                0x0000000000004b10                gpio__set_as_output
 .text.gpio__construct_as_output
                0x0000000000004b34       0x1c _build_lpc40xx_freertos/obj/gpio.o
                0x0000000000004b34                gpio__construct_as_output
 .text.gpio__get
                0x0000000000004b50       0x28 _build_lpc40xx_freertos/obj/gpio.o
                0x0000000000004b50                gpio__get
 .text.gpio__set
                0x0000000000004b78       0x1c _build_lpc40xx_freertos/obj/gpio.o
                0x0000000000004b78                gpio__set
 .text.gpio__reset
                0x0000000000004b94       0x1c _build_lpc40xx_freertos/obj/gpio.o
                0x0000000000004b94                gpio__reset
 .text.gpio__toggle
                0x0000000000004bb0       0x26 _build_lpc40xx_freertos/obj/gpio.o
                0x0000000000004bb0                gpio__toggle
 *fill*         0x0000000000004bd6        0x2 ff
 .text.hw_timer__enable
                0x0000000000004bd8       0x48 _build_lpc40xx_freertos/obj/hw_timer.o
                0x0000000000004bd8                hw_timer__enable
 .text.hw_timer__enable_match_isr
                0x0000000000004c20       0x24 _build_lpc40xx_freertos/obj/hw_timer.o
                0x0000000000004c20                hw_timer__enable_match_isr
 .text.hw_timer__acknowledge_interrupt
                0x0000000000004c44       0x14 _build_lpc40xx_freertos/obj/hw_timer.o
                0x0000000000004c44                hw_timer__acknowledge_interrupt
 .text.hw_timer__get_value
                0x0000000000004c58       0x10 _build_lpc40xx_freertos/obj/hw_timer.o
                0x0000000000004c58                hw_timer__get_value
 .text.hw_timer__set_value
                0x0000000000004c68       0x10 _build_lpc40xx_freertos/obj/hw_timer.o
                0x0000000000004c68                hw_timer__set_value
 .text.i2c__transfer_unprotected
                0x0000000000004c78       0x5e _build_lpc40xx_freertos/obj/i2c.o
 *fill*         0x0000000000004cd6        0x2 ff
 .text.i2c__handle_interrupt
                0x0000000000004cd8      0x128 _build_lpc40xx_freertos/obj/i2c.o
 .text.i2c2_isr
                0x0000000000004e00        0xc _build_lpc40xx_freertos/obj/i2c.o
 .text.i2c1_isr
                0x0000000000004e0c        0xc _build_lpc40xx_freertos/obj/i2c.o
 .text.i2c0_isr
                0x0000000000004e18        0xc _build_lpc40xx_freertos/obj/i2c.o
 .text.i2c__initialize
                0x0000000000004e24       0xb8 _build_lpc40xx_freertos/obj/i2c.o
                0x0000000000004e24                i2c__initialize
 .text.i2c__read_slave_data
                0x0000000000004edc       0x58 _build_lpc40xx_freertos/obj/i2c.o
                0x0000000000004edc                i2c__read_slave_data
 .text.i2c__read_single
                0x0000000000004f34       0x1e _build_lpc40xx_freertos/obj/i2c.o
                0x0000000000004f34                i2c__read_single
 *fill*         0x0000000000004f52        0x2 ff
 .text.i2c__write_slave_data
                0x0000000000004f54       0x50 _build_lpc40xx_freertos/obj/i2c.o
                0x0000000000004f54                i2c__write_slave_data
 .text.i2c__detect
                0x0000000000004fa4       0x18 _build_lpc40xx_freertos/obj/i2c.o
                0x0000000000004fa4                i2c__detect
 .text.i2c__write_single
                0x0000000000004fbc       0x18 _build_lpc40xx_freertos/obj/i2c.o
                0x0000000000004fbc                i2c__write_single
 .text.lpc_peripheral__halt_handler
                0x0000000000004fd4        0x2 _build_lpc40xx_freertos/obj/lpc_peripherals.o
 *fill*         0x0000000000004fd6        0x2 ff
 .text.lpc_peripheral__interrupt_dispatcher
                0x0000000000004fd8       0x34 _build_lpc40xx_freertos/obj/lpc_peripherals.o
                0x0000000000004fd8                lpc_peripheral__interrupt_dispatcher
 .text.lpc_peripheral__turn_on_power_to
                0x000000000000500c       0x24 _build_lpc40xx_freertos/obj/lpc_peripherals.o
                0x000000000000500c                lpc_peripheral__turn_on_power_to
 .text.lpc_peripheral__is_powered_on
                0x0000000000005030       0x24 _build_lpc40xx_freertos/obj/lpc_peripherals.o
                0x0000000000005030                lpc_peripheral__is_powered_on
 .text.lpc_peripheral__enable_interrupt
                0x0000000000005054       0x28 _build_lpc40xx_freertos/obj/lpc_peripherals.o
                0x0000000000005054                lpc_peripheral__enable_interrupt
 .text.ssp2__dma_transfer_block
                0x000000000000507c       0x98 _build_lpc40xx_freertos/obj/ssp2.o
 .text.ssp2__set_max_clock
                0x0000000000005114       0x2c _build_lpc40xx_freertos/obj/ssp2.o
                0x0000000000005114                ssp2__set_max_clock
 .text.ssp2__initialize
                0x0000000000005140       0x44 _build_lpc40xx_freertos/obj/ssp2.o
                0x0000000000005140                ssp2__initialize
 .text.ssp2__exchange_byte
                0x0000000000005184       0x14 _build_lpc40xx_freertos/obj/ssp2.o
                0x0000000000005184                ssp2__exchange_byte
 .text.ssp2__dma_write_block
                0x0000000000005198        0x6 _build_lpc40xx_freertos/obj/ssp2.o
                0x0000000000005198                ssp2__dma_write_block
 .text.ssp2__dma_read_block
                0x000000000000519e        0x6 _build_lpc40xx_freertos/obj/ssp2.o
                0x000000000000519e                ssp2__dma_read_block
 .text.uart__isr_common
                0x00000000000051a4       0x94 _build_lpc40xx_freertos/obj/uart.o
 .text.uart3_isr
                0x0000000000005238        0xc _build_lpc40xx_freertos/obj/uart.o
 .text.uart2_isr
                0x0000000000005244        0xc _build_lpc40xx_freertos/obj/uart.o
 .text.uart1_isr
                0x0000000000005250        0xc _build_lpc40xx_freertos/obj/uart.o
 .text.uart0_isr
                0x000000000000525c        0xc _build_lpc40xx_freertos/obj/uart.o
 .text.uart__init
                0x0000000000005268       0x58 _build_lpc40xx_freertos/obj/uart.o
                0x0000000000005268                uart__init
 .text.uart__is_initialized
                0x00000000000052c0       0x28 _build_lpc40xx_freertos/obj/uart.o
                0x00000000000052c0                uart__is_initialized
 .text.uart__is_transmit_queue_initialized
                0x00000000000052e8       0x18 _build_lpc40xx_freertos/obj/uart.o
                0x00000000000052e8                uart__is_transmit_queue_initialized
 .text.uart__enable_queues
                0x0000000000005300       0x7c _build_lpc40xx_freertos/obj/uart.o
                0x0000000000005300                uart__enable_queues
 .text.uart__polled_put
                0x000000000000537c       0x28 _build_lpc40xx_freertos/obj/uart.o
                0x000000000000537c                uart__polled_put
 .text.uart__get
                0x00000000000053a4       0x50 _build_lpc40xx_freertos/obj/uart.o
                0x00000000000053a4                uart__get
 .text.uart__polled_get
                0x00000000000053f4       0x58 _build_lpc40xx_freertos/obj/uart.o
                0x00000000000053f4                uart__polled_get
 .text.uart__put
                0x000000000000544c       0x84 _build_lpc40xx_freertos/obj/uart.o
                0x000000000000544c                uart__put
 .text          0x00000000000054d0      0x378 /Users/Jannas/Desktop/GitHub/CMPE146_MP3/compiler/mac/gcc-arm-none-eabi-8-2019-q3-update/bin/../lib/gcc/arm-none-eabi/8.3.1/thumb/v7e-m+fp/hard/libgcc.a(_arm_addsubdf3.o)
                0x00000000000054d0                __aeabi_drsub
                0x00000000000054d8                __subdf3
                0x00000000000054d8                __aeabi_dsub
                0x00000000000054dc                __aeabi_dadd
                0x00000000000054dc                __adddf3
                0x0000000000005754                __aeabi_ui2d
                0x0000000000005754                __floatunsidf
                0x0000000000005774                __floatsidf
                0x0000000000005774                __aeabi_i2d
                0x0000000000005798                __extendsfdf2
                0x0000000000005798                __aeabi_f2d
                0x00000000000057dc                __aeabi_ul2d
                0x00000000000057dc                __floatundidf
                0x00000000000057ec                __aeabi_l2d
                0x00000000000057ec                __floatdidf
 .text          0x0000000000005848      0x424 /Users/Jannas/Desktop/GitHub/CMPE146_MP3/compiler/mac/gcc-arm-none-eabi-8-2019-q3-update/bin/../lib/gcc/arm-none-eabi/8.3.1/thumb/v7e-m+fp/hard/libgcc.a(_arm_muldivdf3.o)
                0x0000000000005848                __aeabi_dmul
                0x0000000000005848                __muldf3
                0x0000000000005a9c                __aeabi_ddiv
                0x0000000000005a9c                __divdf3
 .text          0x0000000000005c6c       0x40 /Users/Jannas/Desktop/GitHub/CMPE146_MP3/compiler/mac/gcc-arm-none-eabi-8-2019-q3-update/bin/../lib/gcc/arm-none-eabi/8.3.1/thumb/v7e-m+fp/hard/libgcc.a(_arm_fixunsdfsi.o)
                0x0000000000005c6c                __fixunsdfsi
                0x0000000000005c6c                __aeabi_d2uiz
 .text          0x0000000000005cac       0x30 /Users/Jannas/Desktop/GitHub/CMPE146_MP3/compiler/mac/gcc-arm-none-eabi-8-2019-q3-update/bin/../lib/gcc/arm-none-eabi/8.3.1/thumb/v7e-m+fp/hard/libgcc.a(_aeabi_uldivmod.o)
                0x0000000000005cac                __aeabi_uldivmod
 .text          0x0000000000005cdc      0x2d0 /Users/Jannas/Desktop/GitHub/CMPE146_MP3/compiler/mac/gcc-arm-none-eabi-8-2019-q3-update/bin/../lib/gcc/arm-none-eabi/8.3.1/thumb/v7e-m+fp/hard/libgcc.a(_udivmoddi4.o)
                0x0000000000005cdc                __udivmoddi4
 .text          0x0000000000005fac        0x4 /Users/Jannas/Desktop/GitHub/CMPE146_MP3/compiler/mac/gcc-arm-none-eabi-8-2019-q3-update/bin/../lib/gcc/arm-none-eabi/8.3.1/thumb/v7e-m+fp/hard/libgcc.a(_dvmd_tls.o)
                0x0000000000005fac                __aeabi_ldiv0
                0x0000000000005fac                __aeabi_idiv0
 .text.atoi     0x0000000000005fb0        0x8 /Users/Jannas/Desktop/GitHub/CMPE146_MP3/compiler/mac/gcc-arm-none-eabi-8-2019-q3-update/bin/../lib/gcc/arm-none-eabi/8.3.1/../../../../arm-none-eabi/lib/thumb/v7e-m+fp/hard/libg_nano.a(lib_a-atoi.o)
                0x0000000000005fb0                atoi
 .text.fprintf  0x0000000000005fb8       0x24 /Users/Jannas/Desktop/GitHub/CMPE146_MP3/compiler/mac/gcc-arm-none-eabi-8-2019-q3-update/bin/../lib/gcc/arm-none-eabi/8.3.1/../../../../arm-none-eabi/lib/thumb/v7e-m+fp/hard/libg_nano.a(lib_a-fprintf.o)
                0x0000000000005fb8                fprintf
                0x0000000000005fb8                fiprintf
 .text._fputs_r
                0x0000000000005fdc       0xcc /Users/Jannas/Desktop/GitHub/CMPE146_MP3/compiler/mac/gcc-arm-none-eabi-8-2019-q3-update/bin/../lib/gcc/arm-none-eabi/8.3.1/../../../../arm-none-eabi/lib/thumb/v7e-m+fp/hard/libg_nano.a(lib_a-fputs.o)
                0x0000000000005fdc                _fputs_r
 .text.fputs    0x00000000000060a8       0x10 /Users/Jannas/Desktop/GitHub/CMPE146_MP3/compiler/mac/gcc-arm-none-eabi-8-2019-q3-update/bin/../lib/gcc/arm-none-eabi/8.3.1/../../../../arm-none-eabi/lib/thumb/v7e-m+fp/hard/libg_nano.a(lib_a-fputs.o)
                0x00000000000060a8                fputs
 .text.getchar  0x00000000000060b8       0x24 /Users/Jannas/Desktop/GitHub/CMPE146_MP3/compiler/mac/gcc-arm-none-eabi-8-2019-q3-update/bin/../lib/gcc/arm-none-eabi/8.3.1/../../../../arm-none-eabi/lib/thumb/v7e-m+fp/hard/libg_nano.a(lib_a-getchar.o)
                0x00000000000060b8                getchar
 .text.__retarget_lock_init_recursive
                0x00000000000060dc        0x2 /Users/Jannas/Desktop/GitHub/CMPE146_MP3/compiler/mac/gcc-arm-none-eabi-8-2019-q3-update/bin/../lib/gcc/arm-none-eabi/8.3.1/../../../../arm-none-eabi/lib/thumb/v7e-m+fp/hard/libg_nano.a(lib_a-lock.o)
                0x00000000000060dc                __retarget_lock_init_recursive
 .text.__retarget_lock_acquire_recursive
                0x00000000000060de        0x2 /Users/Jannas/Desktop/GitHub/CMPE146_MP3/compiler/mac/gcc-arm-none-eabi-8-2019-q3-update/bin/../lib/gcc/arm-none-eabi/8.3.1/../../../../arm-none-eabi/lib/thumb/v7e-m+fp/hard/libg_nano.a(lib_a-lock.o)
                0x00000000000060de                __retarget_lock_acquire_recursive
 .text.__retarget_lock_release_recursive
                0x00000000000060e0        0x2 /Users/Jannas/Desktop/GitHub/CMPE146_MP3/compiler/mac/gcc-arm-none-eabi-8-2019-q3-update/bin/../lib/gcc/arm-none-eabi/8.3.1/../../../../arm-none-eabi/lib/thumb/v7e-m+fp/hard/libg_nano.a(lib_a-lock.o)
                0x00000000000060e0                __retarget_lock_release_recursive
 *fill*         0x00000000000060e2        0x2 ff
 .text.malloc   0x00000000000060e4       0x10 /Users/Jannas/Desktop/GitHub/CMPE146_MP3/compiler/mac/gcc-arm-none-eabi-8-2019-q3-update/bin/../lib/gcc/arm-none-eabi/8.3.1/../../../../arm-none-eabi/lib/thumb/v7e-m+fp/hard/libg_nano.a(lib_a-malloc.o)
                0x00000000000060e4                malloc
 .text.free     0x00000000000060f4       0x10 /Users/Jannas/Desktop/GitHub/CMPE146_MP3/compiler/mac/gcc-arm-none-eabi-8-2019-q3-update/bin/../lib/gcc/arm-none-eabi/8.3.1/../../../../arm-none-eabi/lib/thumb/v7e-m+fp/hard/libg_nano.a(lib_a-malloc.o)
                0x00000000000060f4                free
 .text.memcpy   0x0000000000006104       0x1c /Users/Jannas/Desktop/GitHub/CMPE146_MP3/compiler/mac/gcc-arm-none-eabi-8-2019-q3-update/bin/../lib/gcc/arm-none-eabi/8.3.1/../../../../arm-none-eabi/lib/thumb/v7e-m+fp/hard/libg_nano.a(lib_a-memcpy-stub.o)
                0x0000000000006104                memcpy
 .text.memmove  0x0000000000006120       0x34 /Users/Jannas/Desktop/GitHub/CMPE146_MP3/compiler/mac/gcc-arm-none-eabi-8-2019-q3-update/bin/../lib/gcc/arm-none-eabi/8.3.1/../../../../arm-none-eabi/lib/thumb/v7e-m+fp/hard/libg_nano.a(lib_a-memmove.o)
                0x0000000000006120                memmove
 .text.memset   0x0000000000006154       0x10 /Users/Jannas/Desktop/GitHub/CMPE146_MP3/compiler/mac/gcc-arm-none-eabi-8-2019-q3-update/bin/../lib/gcc/arm-none-eabi/8.3.1/../../../../arm-none-eabi/lib/thumb/v7e-m+fp/hard/libg_nano.a(lib_a-memset.o)
                0x0000000000006154                memset
 .text._free_r  0x0000000000006164       0x9c /Users/Jannas/Desktop/GitHub/CMPE146_MP3/compiler/mac/gcc-arm-none-eabi-8-2019-q3-update/bin/../lib/gcc/arm-none-eabi/8.3.1/../../../../arm-none-eabi/lib/thumb/v7e-m+fp/hard/libg_nano.a(lib_a-nano-freer.o)
                0x0000000000006164                _free_r
 .text._malloc_r
                0x0000000000006200       0xb4 /Users/Jannas/Desktop/GitHub/CMPE146_MP3/compiler/mac/gcc-arm-none-eabi-8-2019-q3-update/bin/../lib/gcc/arm-none-eabi/8.3.1/../../../../arm-none-eabi/lib/thumb/v7e-m+fp/hard/libg_nano.a(lib_a-nano-mallocr.o)
                0x0000000000006200                _malloc_r
 .text.__sfputc_r
                0x00000000000062b4       0x2e /Users/Jannas/Desktop/GitHub/CMPE146_MP3/compiler/mac/gcc-arm-none-eabi-8-2019-q3-update/bin/../lib/gcc/arm-none-eabi/8.3.1/../../../../arm-none-eabi/lib/thumb/v7e-m+fp/hard/libg_nano.a(lib_a-nano-vfprintf.o)
 .text.__sfputs_r
                0x00000000000062e2       0x24 /Users/Jannas/Desktop/GitHub/CMPE146_MP3/compiler/mac/gcc-arm-none-eabi-8-2019-q3-update/bin/../lib/gcc/arm-none-eabi/8.3.1/../../../../arm-none-eabi/lib/thumb/v7e-m+fp/hard/libg_nano.a(lib_a-nano-vfprintf.o)
                0x00000000000062e2                __sfputs_r
 *fill*         0x0000000000006306        0x2 ff
 .text._vfprintf_r
                0x0000000000006308      0x250 /Users/Jannas/Desktop/GitHub/CMPE146_MP3/compiler/mac/gcc-arm-none-eabi-8-2019-q3-update/bin/../lib/gcc/arm-none-eabi/8.3.1/../../../../arm-none-eabi/lib/thumb/v7e-m+fp/hard/libg_nano.a(lib_a-nano-vfprintf.o)
                0x0000000000006308                _vfiprintf_r
                0x0000000000006308                _vfprintf_r
 .text.__cvt    0x0000000000006558       0xba /Users/Jannas/Desktop/GitHub/CMPE146_MP3/compiler/mac/gcc-arm-none-eabi-8-2019-q3-update/bin/../lib/gcc/arm-none-eabi/8.3.1/../../../../arm-none-eabi/lib/thumb/v7e-m+fp/hard/libg_nano.a(lib_a-nano-vfprintf_float.o)
                0x0000000000006558                __cvt
 .text.__exponent
                0x0000000000006612       0x64 /Users/Jannas/Desktop/GitHub/CMPE146_MP3/compiler/mac/gcc-arm-none-eabi-8-2019-q3-update/bin/../lib/gcc/arm-none-eabi/8.3.1/../../../../arm-none-eabi/lib/thumb/v7e-m+fp/hard/libg_nano.a(lib_a-nano-vfprintf_float.o)
                0x0000000000006612                __exponent
 *fill*         0x0000000000006676        0x2 ff
 .text._printf_float
                0x0000000000006678      0x454 /Users/Jannas/Desktop/GitHub/CMPE146_MP3/compiler/mac/gcc-arm-none-eabi-8-2019-q3-update/bin/../lib/gcc/arm-none-eabi/8.3.1/../../../../arm-none-eabi/lib/thumb/v7e-m+fp/hard/libg_nano.a(lib_a-nano-vfprintf_float.o)
                0x0000000000006678                _printf_float
 .text._printf_common
                0x0000000000006acc       0xea /Users/Jannas/Desktop/GitHub/CMPE146_MP3/compiler/mac/gcc-arm-none-eabi-8-2019-q3-update/bin/../lib/gcc/arm-none-eabi/8.3.1/../../../../arm-none-eabi/lib/thumb/v7e-m+fp/hard/libg_nano.a(lib_a-nano-vfprintf_i.o)
                0x0000000000006acc                _printf_common
 *fill*         0x0000000000006bb6        0x2 ff
 .text._printf_i
                0x0000000000006bb8      0x228 /Users/Jannas/Desktop/GitHub/CMPE146_MP3/compiler/mac/gcc-arm-none-eabi-8-2019-q3-update/bin/../lib/gcc/arm-none-eabi/8.3.1/../../../../arm-none-eabi/lib/thumb/v7e-m+fp/hard/libg_nano.a(lib_a-nano-vfprintf_i.o)
                0x0000000000006bb8                _printf_i
 .text._scanf_float
                0x0000000000006de0      0x3c0 /Users/Jannas/Desktop/GitHub/CMPE146_MP3/compiler/mac/gcc-arm-none-eabi-8-2019-q3-update/bin/../lib/gcc/arm-none-eabi/8.3.1/../../../../arm-none-eabi/lib/thumb/v7e-m+fp/hard/libg_nano.a(lib_a-nano-vfscanf_float.o)
                0x0000000000006de0                _scanf_float
 .text.printf   0x00000000000071a0       0x30 /Users/Jannas/Desktop/GitHub/CMPE146_MP3/compiler/mac/gcc-arm-none-eabi-8-2019-q3-update/bin/../lib/gcc/arm-none-eabi/8.3.1/../../../../arm-none-eabi/lib/thumb/v7e-m+fp/hard/libg_nano.a(lib_a-printf.o)
                0x00000000000071a0                printf
                0x00000000000071a0                iprintf
 .text.putchar  0x00000000000071d0       0x28 /Users/Jannas/Desktop/GitHub/CMPE146_MP3/compiler/mac/gcc-arm-none-eabi-8-2019-q3-update/bin/../lib/gcc/arm-none-eabi/8.3.1/../../../../arm-none-eabi/lib/thumb/v7e-m+fp/hard/libg_nano.a(lib_a-putchar.o)
                0x00000000000071d0                putchar
 .text._puts_r  0x00000000000071f8       0xdc /Users/Jannas/Desktop/GitHub/CMPE146_MP3/compiler/mac/gcc-arm-none-eabi-8-2019-q3-update/bin/../lib/gcc/arm-none-eabi/8.3.1/../../../../arm-none-eabi/lib/thumb/v7e-m+fp/hard/libg_nano.a(lib_a-puts.o)
                0x00000000000071f8                _puts_r
 .text.puts     0x00000000000072d4       0x10 /Users/Jannas/Desktop/GitHub/CMPE146_MP3/compiler/mac/gcc-arm-none-eabi-8-2019-q3-update/bin/../lib/gcc/arm-none-eabi/8.3.1/../../../../arm-none-eabi/lib/thumb/v7e-m+fp/hard/libg_nano.a(lib_a-puts.o)
                0x00000000000072d4                puts
 .text._sbrk_r  0x00000000000072e4       0x20 /Users/Jannas/Desktop/GitHub/CMPE146_MP3/compiler/mac/gcc-arm-none-eabi-8-2019-q3-update/bin/../lib/gcc/arm-none-eabi/8.3.1/../../../../arm-none-eabi/lib/thumb/v7e-m+fp/hard/libg_nano.a(lib_a-sbrkr.o)
                0x00000000000072e4                _sbrk_r
 .text.setvbuf  0x0000000000007304      0x184 /Users/Jannas/Desktop/GitHub/CMPE146_MP3/compiler/mac/gcc-arm-none-eabi-8-2019-q3-update/bin/../lib/gcc/arm-none-eabi/8.3.1/../../../../arm-none-eabi/lib/thumb/v7e-m+fp/hard/libg_nano.a(lib_a-setvbuf.o)
                0x0000000000007304                setvbuf
 .text.nanf     0x0000000000007488        0xc /Users/Jannas/Desktop/GitHub/CMPE146_MP3/compiler/mac/gcc-arm-none-eabi-8-2019-q3-update/bin/../lib/gcc/arm-none-eabi/8.3.1/../../../../arm-none-eabi/lib/thumb/v7e-m+fp/hard/libg_nano.a(lib_a-sf_nan.o)
                0x0000000000007488                nanf
 .text.sprintf  0x0000000000007494       0x40 /Users/Jannas/Desktop/GitHub/CMPE146_MP3/compiler/mac/gcc-arm-none-eabi-8-2019-q3-update/bin/../lib/gcc/arm-none-eabi/8.3.1/../../../../arm-none-eabi/lib/thumb/v7e-m+fp/hard/libg_nano.a(lib_a-sprintf.o)
                0x0000000000007494                sprintf
                0x0000000000007494                siprintf
 .text.strcasecmp
                0x00000000000074d4       0x38 /Users/Jannas/Desktop/GitHub/CMPE146_MP3/compiler/mac/gcc-arm-none-eabi-8-2019-q3-update/bin/../lib/gcc/arm-none-eabi/8.3.1/../../../../arm-none-eabi/lib/thumb/v7e-m+fp/hard/libg_nano.a(lib_a-strcasecmp.o)
                0x00000000000074d4                strcasecmp
 .text.strchr   0x000000000000750c       0x1a /Users/Jannas/Desktop/GitHub/CMPE146_MP3/compiler/mac/gcc-arm-none-eabi-8-2019-q3-update/bin/../lib/gcc/arm-none-eabi/8.3.1/../../../../arm-none-eabi/lib/thumb/v7e-m+fp/hard/libg_nano.a(lib_a-strchr.o)
                0x000000000000750c                strchr
 .text          0x0000000000007526       0x10 /Users/Jannas/Desktop/GitHub/CMPE146_MP3/compiler/mac/gcc-arm-none-eabi-8-2019-q3-update/bin/../lib/gcc/arm-none-eabi/8.3.1/../../../../arm-none-eabi/lib/thumb/v7e-m+fp/hard/libg_nano.a(lib_a-strlen.o)
                0x0000000000007526                strlen
 *fill*         0x0000000000007536        0x2 ff
 .text.strncasecmp
                0x0000000000007538       0x44 /Users/Jannas/Desktop/GitHub/CMPE146_MP3/compiler/mac/gcc-arm-none-eabi-8-2019-q3-update/bin/../lib/gcc/arm-none-eabi/8.3.1/../../../../arm-none-eabi/lib/thumb/v7e-m+fp/hard/libg_nano.a(lib_a-strncasecmp.o)
                0x0000000000007538                strncasecmp
 .text.strncmp  0x000000000000757c       0x24 /Users/Jannas/Desktop/GitHub/CMPE146_MP3/compiler/mac/gcc-arm-none-eabi-8-2019-q3-update/bin/../lib/gcc/arm-none-eabi/8.3.1/../../../../arm-none-eabi/lib/thumb/v7e-m+fp/hard/libg_nano.a(lib_a-strncmp.o)
                0x000000000000757c                strncmp
 .text.strncpy  0x00000000000075a0       0x26 /Users/Jannas/Desktop/GitHub/CMPE146_MP3/compiler/mac/gcc-arm-none-eabi-8-2019-q3-update/bin/../lib/gcc/arm-none-eabi/8.3.1/../../../../arm-none-eabi/lib/thumb/v7e-m+fp/hard/libg_nano.a(lib_a-strncpy.o)
                0x00000000000075a0                strncpy
 .text.strstr   0x00000000000075c6       0x2e /Users/Jannas/Desktop/GitHub/CMPE146_MP3/compiler/mac/gcc-arm-none-eabi-8-2019-q3-update/bin/../lib/gcc/arm-none-eabi/8.3.1/../../../../arm-none-eabi/lib/thumb/v7e-m+fp/hard/libg_nano.a(lib_a-strstr.o)
                0x00000000000075c6                strstr
 .text.sulp     0x00000000000075f4       0x38 /Users/Jannas/Desktop/GitHub/CMPE146_MP3/compiler/mac/gcc-arm-none-eabi-8-2019-q3-update/bin/../lib/gcc/arm-none-eabi/8.3.1/../../../../arm-none-eabi/lib/thumb/v7e-m+fp/hard/libg_nano.a(lib_a-strtod.o)
 *fill*         0x000000000000762c        0x4 ff
 .text._strtod_l
                0x0000000000007630      0xb98 /Users/Jannas/Desktop/GitHub/CMPE146_MP3/compiler/mac/gcc-arm-none-eabi-8-2019-q3-update/bin/../lib/gcc/arm-none-eabi/8.3.1/../../../../arm-none-eabi/lib/thumb/v7e-m+fp/hard/libg_nano.a(lib_a-strtod.o)
                0x0000000000007630                _strtod_l
 .text._strtod_r
                0x00000000000081c8        0xc /Users/Jannas/Desktop/GitHub/CMPE146_MP3/compiler/mac/gcc-arm-none-eabi-8-2019-q3-update/bin/../lib/gcc/arm-none-eabi/8.3.1/../../../../arm-none-eabi/lib/thumb/v7e-m+fp/hard/libg_nano.a(lib_a-strtod.o)
                0x00000000000081c8                _strtod_r
 .text._strtol_l.isra.0
                0x00000000000081d4       0xf0 /Users/Jannas/Desktop/GitHub/CMPE146_MP3/compiler/mac/gcc-arm-none-eabi-8-2019-q3-update/bin/../lib/gcc/arm-none-eabi/8.3.1/../../../../arm-none-eabi/lib/thumb/v7e-m+fp/hard/libg_nano.a(lib_a-strtol.o)
 .text._strtol_r
                0x00000000000082c4        0x4 /Users/Jannas/Desktop/GitHub/CMPE146_MP3/compiler/mac/gcc-arm-none-eabi-8-2019-q3-update/bin/../lib/gcc/arm-none-eabi/8.3.1/../../../../arm-none-eabi/lib/thumb/v7e-m+fp/hard/libg_nano.a(lib_a-strtol.o)
                0x00000000000082c4                _strtol_r
 .text.strtol   0x00000000000082c8       0x14 /Users/Jannas/Desktop/GitHub/CMPE146_MP3/compiler/mac/gcc-arm-none-eabi-8-2019-q3-update/bin/../lib/gcc/arm-none-eabi/8.3.1/../../../../arm-none-eabi/lib/thumb/v7e-m+fp/hard/libg_nano.a(lib_a-strtol.o)
                0x00000000000082c8                strtol
 .text._vsnprintf_r
                0x00000000000082dc       0x58 /Users/Jannas/Desktop/GitHub/CMPE146_MP3/compiler/mac/gcc-arm-none-eabi-8-2019-q3-update/bin/../lib/gcc/arm-none-eabi/8.3.1/../../../../arm-none-eabi/lib/thumb/v7e-m+fp/hard/libg_nano.a(lib_a-vsnprintf.o)
                0x00000000000082dc                _vsnprintf_r
                0x00000000000082dc                _vsniprintf_r
 .text.vsnprintf
                0x0000000000008334       0x1c /Users/Jannas/Desktop/GitHub/CMPE146_MP3/compiler/mac/gcc-arm-none-eabi-8-2019-q3-update/bin/../lib/gcc/arm-none-eabi/8.3.1/../../../../arm-none-eabi/lib/thumb/v7e-m+fp/hard/libg_nano.a(lib_a-vsnprintf.o)
                0x0000000000008334                vsnprintf
                0x0000000000008334                vsniprintf
 .text._vsscanf_r
                0x0000000000008350       0x48 /Users/Jannas/Desktop/GitHub/CMPE146_MP3/compiler/mac/gcc-arm-none-eabi-8-2019-q3-update/bin/../lib/gcc/arm-none-eabi/8.3.1/../../../../arm-none-eabi/lib/thumb/v7e-m+fp/hard/libg_nano.a(lib_a-vsscanf.o)
                0x0000000000008350                _vsiscanf_r
                0x0000000000008350                _vsscanf_r
 .text.vsscanf  0x0000000000008398       0x14 /Users/Jannas/Desktop/GitHub/CMPE146_MP3/compiler/mac/gcc-arm-none-eabi-8-2019-q3-update/bin/../lib/gcc/arm-none-eabi/8.3.1/../../../../arm-none-eabi/lib/thumb/v7e-m+fp/hard/libg_nano.a(lib_a-vsscanf.o)
                0x0000000000008398                vsscanf
                0x0000000000008398                vsiscanf
 .text.__swbuf_r
                0x00000000000083ac       0xa4 /Users/Jannas/Desktop/GitHub/CMPE146_MP3/compiler/mac/gcc-arm-none-eabi-8-2019-q3-update/bin/../lib/gcc/arm-none-eabi/8.3.1/../../../../arm-none-eabi/lib/thumb/v7e-m+fp/hard/libg_nano.a(lib_a-wbuf.o)
                0x00000000000083ac                __swbuf_r
 .text.__swsetup_r
                0x0000000000008450       0xdc /Users/Jannas/Desktop/GitHub/CMPE146_MP3/compiler/mac/gcc-arm-none-eabi-8-2019-q3-update/bin/../lib/gcc/arm-none-eabi/8.3.1/../../../../arm-none-eabi/lib/thumb/v7e-m+fp/hard/libg_nano.a(lib_a-wsetup.o)
                0x0000000000008450                __swsetup_r
 .text.quorem   0x000000000000852c      0x112 /Users/Jannas/Desktop/GitHub/CMPE146_MP3/compiler/mac/gcc-arm-none-eabi-8-2019-q3-update/bin/../lib/gcc/arm-none-eabi/8.3.1/../../../../arm-none-eabi/lib/thumb/v7e-m+fp/hard/libg_nano.a(lib_a-dtoa.o)
 *fill*         0x000000000000863e        0x2 ff
 .text._dtoa_r  0x0000000000008640      0xb74 /Users/Jannas/Desktop/GitHub/CMPE146_MP3/compiler/mac/gcc-arm-none-eabi-8-2019-q3-update/bin/../lib/gcc/arm-none-eabi/8.3.1/../../../../arm-none-eabi/lib/thumb/v7e-m+fp/hard/libg_nano.a(lib_a-dtoa.o)
                0x0000000000008640                _dtoa_r
 .text.__sflush_r
                0x00000000000091b4      0x10c /Users/Jannas/Desktop/GitHub/CMPE146_MP3/compiler/mac/gcc-arm-none-eabi-8-2019-q3-update/bin/../lib/gcc/arm-none-eabi/8.3.1/../../../../arm-none-eabi/lib/thumb/v7e-m+fp/hard/libg_nano.a(lib_a-fflush.o)
                0x00000000000091b4                __sflush_r
 .text._fflush_r
                0x00000000000092c0       0x78 /Users/Jannas/Desktop/GitHub/CMPE146_MP3/compiler/mac/gcc-arm-none-eabi-8-2019-q3-update/bin/../lib/gcc/arm-none-eabi/8.3.1/../../../../arm-none-eabi/lib/thumb/v7e-m+fp/hard/libg_nano.a(lib_a-fflush.o)
                0x00000000000092c0                _fflush_r
 .text.fflush   0x0000000000009338       0x24 /Users/Jannas/Desktop/GitHub/CMPE146_MP3/compiler/mac/gcc-arm-none-eabi-8-2019-q3-update/bin/../lib/gcc/arm-none-eabi/8.3.1/../../../../arm-none-eabi/lib/thumb/v7e-m+fp/hard/libg_nano.a(lib_a-fflush.o)
                0x0000000000009338                fflush
 .text.std      0x000000000000935c       0x48 /Users/Jannas/Desktop/GitHub/CMPE146_MP3/compiler/mac/gcc-arm-none-eabi-8-2019-q3-update/bin/../lib/gcc/arm-none-eabi/8.3.1/../../../../arm-none-eabi/lib/thumb/v7e-m+fp/hard/libg_nano.a(lib_a-findfp.o)
 .text._cleanup_r
                0x00000000000093a4        0xc /Users/Jannas/Desktop/GitHub/CMPE146_MP3/compiler/mac/gcc-arm-none-eabi-8-2019-q3-update/bin/../lib/gcc/arm-none-eabi/8.3.1/../../../../arm-none-eabi/lib/thumb/v7e-m+fp/hard/libg_nano.a(lib_a-findfp.o)
                0x00000000000093a4                _cleanup_r
 .text.__sfmoreglue
                0x00000000000093b0       0x2c /Users/Jannas/Desktop/GitHub/CMPE146_MP3/compiler/mac/gcc-arm-none-eabi-8-2019-q3-update/bin/../lib/gcc/arm-none-eabi/8.3.1/../../../../arm-none-eabi/lib/thumb/v7e-m+fp/hard/libg_nano.a(lib_a-findfp.o)
                0x00000000000093b0                __sfmoreglue
 .text.__sfp_lock_acquire
                0x00000000000093dc        0xc /Users/Jannas/Desktop/GitHub/CMPE146_MP3/compiler/mac/gcc-arm-none-eabi-8-2019-q3-update/bin/../lib/gcc/arm-none-eabi/8.3.1/../../../../arm-none-eabi/lib/thumb/v7e-m+fp/hard/libg_nano.a(lib_a-findfp.o)
                0x00000000000093dc                __sfp_lock_acquire
 .text.__sfp_lock_release
                0x00000000000093e8        0xc /Users/Jannas/Desktop/GitHub/CMPE146_MP3/compiler/mac/gcc-arm-none-eabi-8-2019-q3-update/bin/../lib/gcc/arm-none-eabi/8.3.1/../../../../arm-none-eabi/lib/thumb/v7e-m+fp/hard/libg_nano.a(lib_a-findfp.o)
                0x00000000000093e8                __sfp_lock_release
 .text.__sinit_lock_acquire
                0x00000000000093f4        0xc /Users/Jannas/Desktop/GitHub/CMPE146_MP3/compiler/mac/gcc-arm-none-eabi-8-2019-q3-update/bin/../lib/gcc/arm-none-eabi/8.3.1/../../../../arm-none-eabi/lib/thumb/v7e-m+fp/hard/libg_nano.a(lib_a-findfp.o)
                0x00000000000093f4                __sinit_lock_acquire
 .text.__sinit_lock_release
                0x0000000000009400        0xc /Users/Jannas/Desktop/GitHub/CMPE146_MP3/compiler/mac/gcc-arm-none-eabi-8-2019-q3-update/bin/../lib/gcc/arm-none-eabi/8.3.1/../../../../arm-none-eabi/lib/thumb/v7e-m+fp/hard/libg_nano.a(lib_a-findfp.o)
                0x0000000000009400                __sinit_lock_release
 .text.__sinit  0x000000000000940c       0x70 /Users/Jannas/Desktop/GitHub/CMPE146_MP3/compiler/mac/gcc-arm-none-eabi-8-2019-q3-update/bin/../lib/gcc/arm-none-eabi/8.3.1/../../../../arm-none-eabi/lib/thumb/v7e-m+fp/hard/libg_nano.a(lib_a-findfp.o)
                0x000000000000940c                __sinit
 .text.__sfp    0x000000000000947c       0x8c /Users/Jannas/Desktop/GitHub/CMPE146_MP3/compiler/mac/gcc-arm-none-eabi-8-2019-q3-update/bin/../lib/gcc/arm-none-eabi/8.3.1/../../../../arm-none-eabi/lib/thumb/v7e-m+fp/hard/libg_nano.a(lib_a-findfp.o)
                0x000000000000947c                __sfp
 .text._fwalk   0x0000000000009508       0x38 /Users/Jannas/Desktop/GitHub/CMPE146_MP3/compiler/mac/gcc-arm-none-eabi-8-2019-q3-update/bin/../lib/gcc/arm-none-eabi/8.3.1/../../../../arm-none-eabi/lib/thumb/v7e-m+fp/hard/libg_nano.a(lib_a-fwalk.o)
                0x0000000000009508                _fwalk
 .text._fwalk_reent
                0x0000000000009540       0x3c /Users/Jannas/Desktop/GitHub/CMPE146_MP3/compiler/mac/gcc-arm-none-eabi-8-2019-q3-update/bin/../lib/gcc/arm-none-eabi/8.3.1/../../../../arm-none-eabi/lib/thumb/v7e-m+fp/hard/libg_nano.a(lib_a-fwalk.o)
                0x0000000000009540                _fwalk_reent
 .text.rshift   0x000000000000957c       0x74 /Users/Jannas/Desktop/GitHub/CMPE146_MP3/compiler/mac/gcc-arm-none-eabi-8-2019-q3-update/bin/../lib/gcc/arm-none-eabi/8.3.1/../../../../arm-none-eabi/lib/thumb/v7e-m+fp/hard/libg_nano.a(lib_a-gdtoa-gethex.o)
 .text.__hexdig_fun
                0x00000000000095f0       0x2a /Users/Jannas/Desktop/GitHub/CMPE146_MP3/compiler/mac/gcc-arm-none-eabi-8-2019-q3-update/bin/../lib/gcc/arm-none-eabi/8.3.1/../../../../arm-none-eabi/lib/thumb/v7e-m+fp/hard/libg_nano.a(lib_a-gdtoa-gethex.o)
                0x00000000000095f0                __hexdig_fun
 *fill*         0x000000000000961a        0x2 ff
 .text.__gethex
                0x000000000000961c      0x448 /Users/Jannas/Desktop/GitHub/CMPE146_MP3/compiler/mac/gcc-arm-none-eabi-8-2019-q3-update/bin/../lib/gcc/arm-none-eabi/8.3.1/../../../../arm-none-eabi/lib/thumb/v7e-m+fp/hard/libg_nano.a(lib_a-gdtoa-gethex.o)
                0x000000000000961c                __gethex
 .text.L_shift  0x0000000000009a64       0x24 /Users/Jannas/Desktop/GitHub/CMPE146_MP3/compiler/mac/gcc-arm-none-eabi-8-2019-q3-update/bin/../lib/gcc/arm-none-eabi/8.3.1/../../../../arm-none-eabi/lib/thumb/v7e-m+fp/hard/libg_nano.a(lib_a-gdtoa-hexnan.o)
 .text.__match  0x0000000000009a88       0x28 /Users/Jannas/Desktop/GitHub/CMPE146_MP3/compiler/mac/gcc-arm-none-eabi-8-2019-q3-update/bin/../lib/gcc/arm-none-eabi/8.3.1/../../../../arm-none-eabi/lib/thumb/v7e-m+fp/hard/libg_nano.a(lib_a-gdtoa-hexnan.o)
                0x0000000000009a88                __match
 .text.__hexnan
                0x0000000000009ab0      0x120 /Users/Jannas/Desktop/GitHub/CMPE146_MP3/compiler/mac/gcc-arm-none-eabi-8-2019-q3-update/bin/../lib/gcc/arm-none-eabi/8.3.1/../../../../arm-none-eabi/lib/thumb/v7e-m+fp/hard/libg_nano.a(lib_a-gdtoa-hexnan.o)
                0x0000000000009ab0                __hexnan
 .text._getc_r  0x0000000000009bd0       0x80 /Users/Jannas/Desktop/GitHub/CMPE146_MP3/compiler/mac/gcc-arm-none-eabi-8-2019-q3-update/bin/../lib/gcc/arm-none-eabi/8.3.1/../../../../arm-none-eabi/lib/thumb/v7e-m+fp/hard/libg_nano.a(lib_a-getc.o)
                0x0000000000009bd0                _getc_r
 .text._localeconv_r
                0x0000000000009c50        0x8 /Users/Jannas/Desktop/GitHub/CMPE146_MP3/compiler/mac/gcc-arm-none-eabi-8-2019-q3-update/bin/../lib/gcc/arm-none-eabi/8.3.1/../../../../arm-none-eabi/lib/thumb/v7e-m+fp/hard/libg_nano.a(lib_a-localeconv.o)
                0x0000000000009c50                _localeconv_r
 .text.__swhatbuf_r
                0x0000000000009c58       0x48 /Users/Jannas/Desktop/GitHub/CMPE146_MP3/compiler/mac/gcc-arm-none-eabi-8-2019-q3-update/bin/../lib/gcc/arm-none-eabi/8.3.1/../../../../arm-none-eabi/lib/thumb/v7e-m+fp/hard/libg_nano.a(lib_a-makebuf.o)
                0x0000000000009c58                __swhatbuf_r
 .text.__smakebuf_r
                0x0000000000009ca0       0x80 /Users/Jannas/Desktop/GitHub/CMPE146_MP3/compiler/mac/gcc-arm-none-eabi-8-2019-q3-update/bin/../lib/gcc/arm-none-eabi/8.3.1/../../../../arm-none-eabi/lib/thumb/v7e-m+fp/hard/libg_nano.a(lib_a-makebuf.o)
                0x0000000000009ca0                __smakebuf_r
 .text.__ascii_mbtowc
                0x0000000000009d20       0x24 /Users/Jannas/Desktop/GitHub/CMPE146_MP3/compiler/mac/gcc-arm-none-eabi-8-2019-q3-update/bin/../lib/gcc/arm-none-eabi/8.3.1/../../../../arm-none-eabi/lib/thumb/v7e-m+fp/hard/libg_nano.a(lib_a-mbtowc_r.o)
                0x0000000000009d20                __ascii_mbtowc
 *fill*         0x0000000000009d44        0xc ff
 .text          0x0000000000009d50       0xa0 /Users/Jannas/Desktop/GitHub/CMPE146_MP3/compiler/mac/gcc-arm-none-eabi-8-2019-q3-update/bin/../lib/gcc/arm-none-eabi/8.3.1/../../../../arm-none-eabi/lib/thumb/v7e-m+fp/hard/libg_nano.a(lib_a-memchr.o)
                0x0000000000009d50                memchr
 .text.__malloc_lock
                0x0000000000009df0        0xc /Users/Jannas/Desktop/GitHub/CMPE146_MP3/compiler/mac/gcc-arm-none-eabi-8-2019-q3-update/bin/../lib/gcc/arm-none-eabi/8.3.1/../../../../arm-none-eabi/lib/thumb/v7e-m+fp/hard/libg_nano.a(lib_a-mlock.o)
                0x0000000000009df0                __malloc_lock
 .text.__malloc_unlock
                0x0000000000009dfc        0xc /Users/Jannas/Desktop/GitHub/CMPE146_MP3/compiler/mac/gcc-arm-none-eabi-8-2019-q3-update/bin/../lib/gcc/arm-none-eabi/8.3.1/../../../../arm-none-eabi/lib/thumb/v7e-m+fp/hard/libg_nano.a(lib_a-mlock.o)
                0x0000000000009dfc                __malloc_unlock
 .text._Balloc  0x0000000000009e08       0x68 /Users/Jannas/Desktop/GitHub/CMPE146_MP3/compiler/mac/gcc-arm-none-eabi-8-2019-q3-update/bin/../lib/gcc/arm-none-eabi/8.3.1/../../../../arm-none-eabi/lib/thumb/v7e-m+fp/hard/libg_nano.a(lib_a-mprec.o)
                0x0000000000009e08                _Balloc
 .text._Bfree   0x0000000000009e70       0x2e /Users/Jannas/Desktop/GitHub/CMPE146_MP3/compiler/mac/gcc-arm-none-eabi-8-2019-q3-update/bin/../lib/gcc/arm-none-eabi/8.3.1/../../../../arm-none-eabi/lib/thumb/v7e-m+fp/hard/libg_nano.a(lib_a-mprec.o)
                0x0000000000009e70                _Bfree
 .text.__multadd
                0x0000000000009e9e       0x76 /Users/Jannas/Desktop/GitHub/CMPE146_MP3/compiler/mac/gcc-arm-none-eabi-8-2019-q3-update/bin/../lib/gcc/arm-none-eabi/8.3.1/../../../../arm-none-eabi/lib/thumb/v7e-m+fp/hard/libg_nano.a(lib_a-mprec.o)
                0x0000000000009e9e                __multadd
 .text.__s2b    0x0000000000009f14       0x7c /Users/Jannas/Desktop/GitHub/CMPE146_MP3/compiler/mac/gcc-arm-none-eabi-8-2019-q3-update/bin/../lib/gcc/arm-none-eabi/8.3.1/../../../../arm-none-eabi/lib/thumb/v7e-m+fp/hard/libg_nano.a(lib_a-mprec.o)
                0x0000000000009f14                __s2b
 .text.__hi0bits
                0x0000000000009f90       0x40 /Users/Jannas/Desktop/GitHub/CMPE146_MP3/compiler/mac/gcc-arm-none-eabi-8-2019-q3-update/bin/../lib/gcc/arm-none-eabi/8.3.1/../../../../arm-none-eabi/lib/thumb/v7e-m+fp/hard/libg_nano.a(lib_a-mprec.o)
                0x0000000000009f90                __hi0bits
 .text.__lo0bits
                0x0000000000009fd0       0x60 /Users/Jannas/Desktop/GitHub/CMPE146_MP3/compiler/mac/gcc-arm-none-eabi-8-2019-q3-update/bin/../lib/gcc/arm-none-eabi/8.3.1/../../../../arm-none-eabi/lib/thumb/v7e-m+fp/hard/libg_nano.a(lib_a-mprec.o)
                0x0000000000009fd0                __lo0bits
 .text.__i2b    0x000000000000a030       0x12 /Users/Jannas/Desktop/GitHub/CMPE146_MP3/compiler/mac/gcc-arm-none-eabi-8-2019-q3-update/bin/../lib/gcc/arm-none-eabi/8.3.1/../../../../arm-none-eabi/lib/thumb/v7e-m+fp/hard/libg_nano.a(lib_a-mprec.o)
                0x000000000000a030                __i2b
 .text.__multiply
                0x000000000000a042      0x120 /Users/Jannas/Desktop/GitHub/CMPE146_MP3/compiler/mac/gcc-arm-none-eabi-8-2019-q3-update/bin/../lib/gcc/arm-none-eabi/8.3.1/../../../../arm-none-eabi/lib/thumb/v7e-m+fp/hard/libg_nano.a(lib_a-mprec.o)
                0x000000000000a042                __multiply
 *fill*         0x000000000000a162        0x2 ff
 .text.__pow5mult
                0x000000000000a164       0x9c /Users/Jannas/Desktop/GitHub/CMPE146_MP3/compiler/mac/gcc-arm-none-eabi-8-2019-q3-update/bin/../lib/gcc/arm-none-eabi/8.3.1/../../../../arm-none-eabi/lib/thumb/v7e-m+fp/hard/libg_nano.a(lib_a-mprec.o)
                0x000000000000a164                __pow5mult
 .text.__lshift
                0x000000000000a200       0xa6 /Users/Jannas/Desktop/GitHub/CMPE146_MP3/compiler/mac/gcc-arm-none-eabi-8-2019-q3-update/bin/../lib/gcc/arm-none-eabi/8.3.1/../../../../arm-none-eabi/lib/thumb/v7e-m+fp/hard/libg_nano.a(lib_a-mprec.o)
                0x000000000000a200                __lshift
 .text.__mcmp   0x000000000000a2a6       0x34 /Users/Jannas/Desktop/GitHub/CMPE146_MP3/compiler/mac/gcc-arm-none-eabi-8-2019-q3-update/bin/../lib/gcc/arm-none-eabi/8.3.1/../../../../arm-none-eabi/lib/thumb/v7e-m+fp/hard/libg_nano.a(lib_a-mprec.o)
                0x000000000000a2a6                __mcmp
 .text.__mdiff  0x000000000000a2da       0xba /Users/Jannas/Desktop/GitHub/CMPE146_MP3/compiler/mac/gcc-arm-none-eabi-8-2019-q3-update/bin/../lib/gcc/arm-none-eabi/8.3.1/../../../../arm-none-eabi/lib/thumb/v7e-m+fp/hard/libg_nano.a(lib_a-mprec.o)
                0x000000000000a2da                __mdiff
 .text.__ulp    0x000000000000a394       0x4c /Users/Jannas/Desktop/GitHub/CMPE146_MP3/compiler/mac/gcc-arm-none-eabi-8-2019-q3-update/bin/../lib/gcc/arm-none-eabi/8.3.1/../../../../arm-none-eabi/lib/thumb/v7e-m+fp/hard/libg_nano.a(lib_a-mprec.o)
                0x000000000000a394                __ulp
 .text.__b2d    0x000000000000a3e0       0xa0 /Users/Jannas/Desktop/GitHub/CMPE146_MP3/compiler/mac/gcc-arm-none-eabi-8-2019-q3-update/bin/../lib/gcc/arm-none-eabi/8.3.1/../../../../arm-none-eabi/lib/thumb/v7e-m+fp/hard/libg_nano.a(lib_a-mprec.o)
                0x000000000000a3e0                __b2d
 .text.__d2b    0x000000000000a480       0x9c /Users/Jannas/Desktop/GitHub/CMPE146_MP3/compiler/mac/gcc-arm-none-eabi-8-2019-q3-update/bin/../lib/gcc/arm-none-eabi/8.3.1/../../../../arm-none-eabi/lib/thumb/v7e-m+fp/hard/libg_nano.a(lib_a-mprec.o)
                0x000000000000a480                __d2b
 .text.__ratio  0x000000000000a51c       0x66 /Users/Jannas/Desktop/GitHub/CMPE146_MP3/compiler/mac/gcc-arm-none-eabi-8-2019-q3-update/bin/../lib/gcc/arm-none-eabi/8.3.1/../../../../arm-none-eabi/lib/thumb/v7e-m+fp/hard/libg_nano.a(lib_a-mprec.o)
                0x000000000000a51c                __ratio
 .text.__copybits
                0x000000000000a582       0x34 /Users/Jannas/Desktop/GitHub/CMPE146_MP3/compiler/mac/gcc-arm-none-eabi-8-2019-q3-update/bin/../lib/gcc/arm-none-eabi/8.3.1/../../../../arm-none-eabi/lib/thumb/v7e-m+fp/hard/libg_nano.a(lib_a-mprec.o)
                0x000000000000a582                __copybits
 .text.__any_on
                0x000000000000a5b6       0x42 /Users/Jannas/Desktop/GitHub/CMPE146_MP3/compiler/mac/gcc-arm-none-eabi-8-2019-q3-update/bin/../lib/gcc/arm-none-eabi/8.3.1/../../../../arm-none-eabi/lib/thumb/v7e-m+fp/hard/libg_nano.a(lib_a-mprec.o)
                0x000000000000a5b6                __any_on
 .text._calloc_r
                0x000000000000a5f8       0x1c /Users/Jannas/Desktop/GitHub/CMPE146_MP3/compiler/mac/gcc-arm-none-eabi-8-2019-q3-update/bin/../lib/gcc/arm-none-eabi/8.3.1/../../../../arm-none-eabi/lib/thumb/v7e-m+fp/hard/libg_nano.a(lib_a-nano-callocr.o)
                0x000000000000a5f8                _calloc_r
 .text._realloc_r
                0x000000000000a614       0x4c /Users/Jannas/Desktop/GitHub/CMPE146_MP3/compiler/mac/gcc-arm-none-eabi-8-2019-q3-update/bin/../lib/gcc/arm-none-eabi/8.3.1/../../../../arm-none-eabi/lib/thumb/v7e-m+fp/hard/libg_nano.a(lib_a-nano-reallocr.o)
                0x000000000000a614                _realloc_r
 .text.__ssputs_r
                0x000000000000a660       0xb6 /Users/Jannas/Desktop/GitHub/CMPE146_MP3/compiler/mac/gcc-arm-none-eabi-8-2019-q3-update/bin/../lib/gcc/arm-none-eabi/8.3.1/../../../../arm-none-eabi/lib/thumb/v7e-m+fp/hard/libg_nano.a(lib_a-nano-svfprintf.o)
                0x000000000000a660                __ssputs_r
 *fill*         0x000000000000a716        0x2 ff
 .text._svfprintf_r
                0x000000000000a718      0x1f0 /Users/Jannas/Desktop/GitHub/CMPE146_MP3/compiler/mac/gcc-arm-none-eabi-8-2019-q3-update/bin/../lib/gcc/arm-none-eabi/8.3.1/../../../../arm-none-eabi/lib/thumb/v7e-m+fp/hard/libg_nano.a(lib_a-nano-svfprintf.o)
                0x000000000000a718                _svfprintf_r
                0x000000000000a718                _svfiprintf_r
 .text._sungetc_r
                0x000000000000a908       0x7a /Users/Jannas/Desktop/GitHub/CMPE146_MP3/compiler/mac/gcc-arm-none-eabi-8-2019-q3-update/bin/../lib/gcc/arm-none-eabi/8.3.1/../../../../arm-none-eabi/lib/thumb/v7e-m+fp/hard/libg_nano.a(lib_a-nano-svfscanf.o)
                0x000000000000a908                _sungetc_r
 .text.__ssrefill_r
                0x000000000000a982       0x3a /Users/Jannas/Desktop/GitHub/CMPE146_MP3/compiler/mac/gcc-arm-none-eabi-8-2019-q3-update/bin/../lib/gcc/arm-none-eabi/8.3.1/../../../../arm-none-eabi/lib/thumb/v7e-m+fp/hard/libg_nano.a(lib_a-nano-svfscanf.o)
                0x000000000000a982                __ssrefill_r
 .text.__ssvfscanf_r
                0x000000000000a9bc      0x290 /Users/Jannas/Desktop/GitHub/CMPE146_MP3/compiler/mac/gcc-arm-none-eabi-8-2019-q3-update/bin/../lib/gcc/arm-none-eabi/8.3.1/../../../../arm-none-eabi/lib/thumb/v7e-m+fp/hard/libg_nano.a(lib_a-nano-svfscanf.o)
                0x000000000000a9bc                __ssvfscanf_r
                0x000000000000a9bc                __ssvfiscanf_r
 .text._scanf_chars
                0x000000000000ac4c       0xb0 /Users/Jannas/Desktop/GitHub/CMPE146_MP3/compiler/mac/gcc-arm-none-eabi-8-2019-q3-update/bin/../lib/gcc/arm-none-eabi/8.3.1/../../../../arm-none-eabi/lib/thumb/v7e-m+fp/hard/libg_nano.a(lib_a-nano-vfscanf_i.o)
                0x000000000000ac4c                _scanf_chars
 .text._scanf_i
                0x000000000000acfc      0x1e8 /Users/Jannas/Desktop/GitHub/CMPE146_MP3/compiler/mac/gcc-arm-none-eabi-8-2019-q3-update/bin/../lib/gcc/arm-none-eabi/8.3.1/../../../../arm-none-eabi/lib/thumb/v7e-m+fp/hard/libg_nano.a(lib_a-nano-vfscanf_i.o)
                0x000000000000acfc                _scanf_i
 .text._putc_r  0x000000000000aee4       0x90 /Users/Jannas/Desktop/GitHub/CMPE146_MP3/compiler/mac/gcc-arm-none-eabi-8-2019-q3-update/bin/../lib/gcc/arm-none-eabi/8.3.1/../../../../arm-none-eabi/lib/thumb/v7e-m+fp/hard/libg_nano.a(lib_a-putc.o)
                0x000000000000aee4                _putc_r
 .text.__srget_r
                0x000000000000af74       0x58 /Users/Jannas/Desktop/GitHub/CMPE146_MP3/compiler/mac/gcc-arm-none-eabi-8-2019-q3-update/bin/../lib/gcc/arm-none-eabi/8.3.1/../../../../arm-none-eabi/lib/thumb/v7e-m+fp/hard/libg_nano.a(lib_a-rget.o)
                0x000000000000af74                __srget_r
 *fill*         0x000000000000afcc        0x4 ff
 .text.nan      0x000000000000afd0       0x10 /Users/Jannas/Desktop/GitHub/CMPE146_MP3/compiler/mac/gcc-arm-none-eabi-8-2019-q3-update/bin/../lib/gcc/arm-none-eabi/8.3.1/../../../../arm-none-eabi/lib/thumb/v7e-m+fp/hard/libg_nano.a(lib_a-s_nan.o)
                0x000000000000afd0                nan
 .text.__sccl   0x000000000000afe0       0x64 /Users/Jannas/Desktop/GitHub/CMPE146_MP3/compiler/mac/gcc-arm-none-eabi-8-2019-q3-update/bin/../lib/gcc/arm-none-eabi/8.3.1/../../../../arm-none-eabi/lib/thumb/v7e-m+fp/hard/libg_nano.a(lib_a-sccl.o)
                0x000000000000afe0                __sccl
 .text.__sread  0x000000000000b044       0x22 /Users/Jannas/Desktop/GitHub/CMPE146_MP3/compiler/mac/gcc-arm-none-eabi-8-2019-q3-update/bin/../lib/gcc/arm-none-eabi/8.3.1/../../../../arm-none-eabi/lib/thumb/v7e-m+fp/hard/libg_nano.a(lib_a-stdio.o)
                0x000000000000b044                __sread
 .text.__seofread
                0x000000000000b066        0x4 /Users/Jannas/Desktop/GitHub/CMPE146_MP3/compiler/mac/gcc-arm-none-eabi-8-2019-q3-update/bin/../lib/gcc/arm-none-eabi/8.3.1/../../../../arm-none-eabi/lib/thumb/v7e-m+fp/hard/libg_nano.a(lib_a-stdio.o)
                0x000000000000b066                __seofread
 .text.__swrite
                0x000000000000b06a       0x38 /Users/Jannas/Desktop/GitHub/CMPE146_MP3/compiler/mac/gcc-arm-none-eabi-8-2019-q3-update/bin/../lib/gcc/arm-none-eabi/8.3.1/../../../../arm-none-eabi/lib/thumb/v7e-m+fp/hard/libg_nano.a(lib_a-stdio.o)
                0x000000000000b06a                __swrite
 .text.__sseek  0x000000000000b0a2       0x24 /Users/Jannas/Desktop/GitHub/CMPE146_MP3/compiler/mac/gcc-arm-none-eabi-8-2019-q3-update/bin/../lib/gcc/arm-none-eabi/8.3.1/../../../../arm-none-eabi/lib/thumb/v7e-m+fp/hard/libg_nano.a(lib_a-stdio.o)
                0x000000000000b0a2                __sseek
 .text.__sclose
                0x000000000000b0c6        0x8 /Users/Jannas/Desktop/GitHub/CMPE146_MP3/compiler/mac/gcc-arm-none-eabi-8-2019-q3-update/bin/../lib/gcc/arm-none-eabi/8.3.1/../../../../arm-none-eabi/lib/thumb/v7e-m+fp/hard/libg_nano.a(lib_a-stdio.o)
                0x000000000000b0c6                __sclose
 *fill*         0x000000000000b0ce        0x2 ff
 .text._strtoul_l.isra.0
                0x000000000000b0d0       0xec /Users/Jannas/Desktop/GitHub/CMPE146_MP3/compiler/mac/gcc-arm-none-eabi-8-2019-q3-update/bin/../lib/gcc/arm-none-eabi/8.3.1/../../../../arm-none-eabi/lib/thumb/v7e-m+fp/hard/libg_nano.a(lib_a-strtoul.o)
 .text._strtoul_r
                0x000000000000b1bc        0x4 /Users/Jannas/Desktop/GitHub/CMPE146_MP3/compiler/mac/gcc-arm-none-eabi-8-2019-q3-update/bin/../lib/gcc/arm-none-eabi/8.3.1/../../../../arm-none-eabi/lib/thumb/v7e-m+fp/hard/libg_nano.a(lib_a-strtoul.o)
                0x000000000000b1bc                _strtoul_r
 .text.__submore
                0x000000000000b1c0       0x74 /Users/Jannas/Desktop/GitHub/CMPE146_MP3/compiler/mac/gcc-arm-none-eabi-8-2019-q3-update/bin/../lib/gcc/arm-none-eabi/8.3.1/../../../../arm-none-eabi/lib/thumb/v7e-m+fp/hard/libg_nano.a(lib_a-ungetc.o)
                0x000000000000b1c0                __submore
 .text.__ascii_wctomb
                0x000000000000b234       0x1a /Users/Jannas/Desktop/GitHub/CMPE146_MP3/compiler/mac/gcc-arm-none-eabi-8-2019-q3-update/bin/../lib/gcc/arm-none-eabi/8.3.1/../../../../arm-none-eabi/lib/thumb/v7e-m+fp/hard/libg_nano.a(lib_a-wctomb_r.o)
                0x000000000000b234                __ascii_wctomb
 *fill*         0x000000000000b24e        0x2 ff
 .text._write_r
                0x000000000000b250       0x24 /Users/Jannas/Desktop/GitHub/CMPE146_MP3/compiler/mac/gcc-arm-none-eabi-8-2019-q3-update/bin/../lib/gcc/arm-none-eabi/8.3.1/../../../../arm-none-eabi/lib/thumb/v7e-m+fp/hard/libg_nano.a(lib_a-writer.o)
                0x000000000000b250                _write_r
 .text._close_r
                0x000000000000b274       0x20 /Users/Jannas/Desktop/GitHub/CMPE146_MP3/compiler/mac/gcc-arm-none-eabi-8-2019-q3-update/bin/../lib/gcc/arm-none-eabi/8.3.1/../../../../arm-none-eabi/lib/thumb/v7e-m+fp/hard/libg_nano.a(lib_a-closer.o)
                0x000000000000b274                _close_r
 .text._fstat_r
                0x000000000000b294       0x24 /Users/Jannas/Desktop/GitHub/CMPE146_MP3/compiler/mac/gcc-arm-none-eabi-8-2019-q3-update/bin/../lib/gcc/arm-none-eabi/8.3.1/../../../../arm-none-eabi/lib/thumb/v7e-m+fp/hard/libg_nano.a(lib_a-fstatr.o)
                0x000000000000b294                _fstat_r
 .text._isatty_r
                0x000000000000b2b8       0x20 /Users/Jannas/Desktop/GitHub/CMPE146_MP3/compiler/mac/gcc-arm-none-eabi-8-2019-q3-update/bin/../lib/gcc/arm-none-eabi/8.3.1/../../../../arm-none-eabi/lib/thumb/v7e-m+fp/hard/libg_nano.a(lib_a-isattyr.o)
                0x000000000000b2b8                _isatty_r
 .text._lseek_r
                0x000000000000b2d8       0x24 /Users/Jannas/Desktop/GitHub/CMPE146_MP3/compiler/mac/gcc-arm-none-eabi-8-2019-q3-update/bin/../lib/gcc/arm-none-eabi/8.3.1/../../../../arm-none-eabi/lib/thumb/v7e-m+fp/hard/libg_nano.a(lib_a-lseekr.o)
                0x000000000000b2d8                _lseek_r
 .text._malloc_usable_size_r
                0x000000000000b2fc       0x10 /Users/Jannas/Desktop/GitHub/CMPE146_MP3/compiler/mac/gcc-arm-none-eabi-8-2019-q3-update/bin/../lib/gcc/arm-none-eabi/8.3.1/../../../../arm-none-eabi/lib/thumb/v7e-m+fp/hard/libg_nano.a(lib_a-nano-msizer.o)
                0x000000000000b2fc                _malloc_usable_size_r
 .text._read_r  0x000000000000b30c       0x24 /Users/Jannas/Desktop/GitHub/CMPE146_MP3/compiler/mac/gcc-arm-none-eabi-8-2019-q3-update/bin/../lib/gcc/arm-none-eabi/8.3.1/../../../../arm-none-eabi/lib/thumb/v7e-m+fp/hard/libg_nano.a(lib_a-readr.o)