Archive member included to satisfy reference by file (symbol)

/Users/Jannas/Desktop/GitHub/CMPE146_MP3/compiler/mac/gcc-arm-none-eabi-8-2019-q3-update/bin/../lib/gcc/arm-none-eabi/8.3.1/thumb/v7e-m+fp/hard/libgcc.a(_arm_addsubdf3.o)
                              _build_lpc40xx_freertos/obj/pwm1.o (__aeabi_ui2d)
/Users/Jannas/Desktop/GitHub/CMPE146_MP3/compiler/mac/gcc-arm-none-eabi-8-2019-q3-update/bin/../lib/gcc/arm-none-eabi/8.3.1/thumb/v7e-m+fp/hard/libgcc.a(_arm_muldivdf3.o)
                              _build_lpc40xx_freertos/obj/pwm1.o (__aeabi_dmul)
/Users/Jannas/Desktop/GitHub/CMPE146_MP3/compiler/mac/gcc-arm-none-eabi-8-2019-q3-update/bin/../lib/gcc/arm-none-eabi/8.3.1/thumb/v7e-m+fp/hard/libgcc.a(_arm_fixunsdfsi.o)
                              _build_lpc40xx_freertos/obj/pwm1.o (__aeabi_d2uiz)
/Users/Jannas/Desktop/GitHub/CMPE146_MP3/compiler/mac/gcc-arm-none-eabi-8-2019-q3-update/bin/../lib/gcc/arm-none-eabi/8.3.1/thumb/v7e-m+fp/hard/libgcc.a(_aeabi_ldivmod.o)
                              _build_lpc40xx_freertos/obj/tasks.o (__aeabi_ldivmod)
/Users/Jannas/Desktop/GitHub/CMPE146_MP3/compiler/mac/gcc-arm-none-eabi-8-2019-q3-update/bin/../lib/gcc/arm-none-eabi/8.3.1/thumb/v7e-m+fp/hard/libgcc.a(_aeabi_uldivmod.o)
                              _build_lpc40xx_freertos/obj/delay.o (__aeabi_uldivmod)
/Users/Jannas/Desktop/GitHub/CMPE146_MP3/compiler/mac/gcc-arm-none-eabi-8-2019-q3-update/bin/../lib/gcc/arm-none-eabi/8.3.1/thumb/v7e-m+fp/hard/libgcc.a(_udivmoddi4.o)
                              /Users/Jannas/Desktop/GitHub/CMPE146_MP3/compiler/mac/gcc-arm-none-eabi-8-2019-q3-update/bin/../lib/gcc/arm-none-eabi/8.3.1/thumb/v7e-m+fp/hard/libgcc.a(_aeabi_ldivmod.o) (__udivmoddi4)
/Users/Jannas/Desktop/GitHub/CMPE146_MP3/compiler/mac/gcc-arm-none-eabi-8-2019-q3-update/bin/../lib/gcc/arm-none-eabi/8.3.1/thumb/v7e-m+fp/hard/libgcc.a(_dvmd_tls.o)
                              /Users/Jannas/Desktop/GitHub/CMPE146_MP3/compiler/mac/gcc-arm-none-eabi-8-2019-q3-update/bin/../lib/gcc/arm-none-eabi/8.3.1/thumb/v7e-m+fp/hard/libgcc.a(_aeabi_ldivmod.o) (__aeabi_ldiv0)
/Users/Jannas/Desktop/GitHub/CMPE146_MP3/compiler/mac/gcc-arm-none-eabi-8-2019-q3-update/bin/../lib/gcc/arm-none-eabi/8.3.1/../../../../arm-none-eabi/lib/thumb/v7e-m+fp/hard/libg_nano.a(lib_a-atof.o)
                              _build_lpc40xx_freertos/obj/sl_string.o (atof)
/Users/Jannas/Desktop/GitHub/CMPE146_MP3/compiler/mac/gcc-arm-none-eabi-8-2019-q3-update/bin/../lib/gcc/arm-none-eabi/8.3.1/../../../../arm-none-eabi/lib/thumb/v7e-m+fp/hard/libg_nano.a(lib_a-atoi.o)
                              _build_lpc40xx_freertos/obj/sl_string.o (atoi)
/Users/Jannas/Desktop/GitHub/CMPE146_MP3/compiler/mac/gcc-arm-none-eabi-8-2019-q3-update/bin/../lib/gcc/arm-none-eabi/8.3.1/../../../../arm-none-eabi/lib/thumb/v7e-m+fp/hard/libg_nano.a(lib_a-ctype_.o)
                              _build_lpc40xx_freertos/obj/sl_string.o (_ctype_)
/Users/Jannas/Desktop/GitHub/CMPE146_MP3/compiler/mac/gcc-arm-none-eabi-8-2019-q3-update/bin/../lib/gcc/arm-none-eabi/8.3.1/../../../../arm-none-eabi/lib/thumb/v7e-m+fp/hard/libg_nano.a(lib_a-exit.o)
                              _build_lpc40xx_freertos/obj/main.o (exit)
/Users/Jannas/Desktop/GitHub/CMPE146_MP3/compiler/mac/gcc-arm-none-eabi-8-2019-q3-update/bin/../lib/gcc/arm-none-eabi/8.3.1/../../../../arm-none-eabi/lib/thumb/v7e-m+fp/hard/libg_nano.a(lib_a-fprintf.o)
                              _build_lpc40xx_freertos/obj/interrupt_vector_table.o (fprintf)
/Users/Jannas/Desktop/GitHub/CMPE146_MP3/compiler/mac/gcc-arm-none-eabi-8-2019-q3-update/bin/../lib/gcc/arm-none-eabi/8.3.1/../../../../arm-none-eabi/lib/thumb/v7e-m+fp/hard/libg_nano.a(lib_a-fputs.o)
                              _build_lpc40xx_freertos/obj/entry_point.o (fputs)
/Users/Jannas/Desktop/GitHub/CMPE146_MP3/compiler/mac/gcc-arm-none-eabi-8-2019-q3-update/bin/../lib/gcc/arm-none-eabi/8.3.1/../../../../arm-none-eabi/lib/thumb/v7e-m+fp/hard/libg_nano.a(lib_a-getchar.o)
                              _build_lpc40xx_freertos/obj/sj2_cli.o (getchar)
/Users/Jannas/Desktop/GitHub/CMPE146_MP3/compiler/mac/gcc-arm-none-eabi-8-2019-q3-update/bin/../lib/gcc/arm-none-eabi/8.3.1/../../../../arm-none-eabi/lib/thumb/v7e-m+fp/hard/libg_nano.a(lib_a-impure.o)
                              /Users/Jannas/Desktop/GitHub/CMPE146_MP3/compiler/mac/gcc-arm-none-eabi-8-2019-q3-update/bin/../lib/gcc/arm-none-eabi/8.3.1/../../../../arm-none-eabi/lib/thumb/v7e-m+fp/hard/libg_nano.a(lib_a-exit.o) (_global_impure_ptr)
/Users/Jannas/Desktop/GitHub/CMPE146_MP3/compiler/mac/gcc-arm-none-eabi-8-2019-q3-update/bin/../lib/gcc/arm-none-eabi/8.3.1/../../../../arm-none-eabi/lib/thumb/v7e-m+fp/hard/libg_nano.a(lib_a-lock.o)
                              /Users/Jannas/Desktop/GitHub/CMPE146_MP3/compiler/mac/gcc-arm-none-eabi-8-2019-q3-update/bin/../lib/gcc/arm-none-eabi/8.3.1/../../../../arm-none-eabi/lib/thumb/v7e-m+fp/hard/libg_nano.a(lib_a-fputs.o) (__retarget_lock_acquire_recursive)
[...]
Memory Configuration

Name             Origin             Length             Attributes
flash_512k       0x0000000000000000 0x0000000000080000 xr
ram_64k          0x0000000010000000 0x0000000000010000 xrw
ram_32k          0x0000000020000000 0x0000000000008000 xrw
*default*        0x0000000000000000 0xffffffffffffffff

Linker script and memory map

LOAD _build_lpc40xx_freertos/obj/entry_point.o
LOAD _build_lpc40xx_freertos/obj/interrupt_vector_table.o
LOAD _build_lpc40xx_freertos/obj/clock.o
LOAD _build_lpc40xx_freertos/obj/crash.o
LOAD _build_lpc40xx_freertos/obj/syscall.o
LOAD _build_lpc40xx_freertos/obj/startup.o
LOAD _build_lpc40xx_freertos/obj/acceleration.o
LOAD _build_lpc40xx_freertos/obj/sensors.o
LOAD _build_lpc40xx_freertos/obj/ff.o
LOAD _build_lpc40xx_freertos/obj/ffsystem.o
LOAD _build_lpc40xx_freertos/obj/ffunicode.o
LOAD _build_lpc40xx_freertos/obj/disk_glue_logic.o
LOAD _build_lpc40xx_freertos/obj/fatfs_time.o
LOAD _build_lpc40xx_freertos/obj/sd_card.o
LOAD _build_lpc40xx_freertos/obj/system_calls.o
LOAD _build_lpc40xx_freertos/obj/app_cli.o
LOAD _build_lpc40xx_freertos/obj/sj2_cli.o
LOAD _build_lpc40xx_freertos/obj/handler_i2c.o
LOAD _build_lpc40xx_freertos/obj/handlers_general.o
LOAD _build_lpc40xx_freertos/obj/mp3_cli.o
LOAD _build_lpc40xx_freertos/obj/file_io_example.o
LOAD _build_lpc40xx_freertos/obj/delay.o
LOAD _build_lpc40xx_freertos/obj/peripherals_init.o
LOAD _build_lpc40xx_freertos/obj/ssp2_mutex.o
LOAD _build_lpc40xx_freertos/obj/sys_time.o
LOAD _build_lpc40xx_freertos/obj/uart_printf.o
LOAD _build_lpc40xx_freertos/obj/decoder.o
LOAD _build_lpc40xx_freertos/obj/main.o
LOAD _build_lpc40xx_freertos/obj/mp3_function.o
LOAD _build_lpc40xx_freertos/obj/rtos_hooks.o
LOAD _build_lpc40xx_freertos/obj/ssp2_lab.o
LOAD _build_lpc40xx_freertos/obj/periodic_callbacks.o
LOAD _build_lpc40xx_freertos/obj/periodic_scheduler.o
LOAD _build_lpc40xx_freertos/obj/leightweight_lock.o
LOAD _build_lpc40xx_freertos/obj/sl_string.o
LOAD _build_lpc40xx_freertos/obj/freertos_interrupt_handlers.o
LOAD _build_lpc40xx_freertos/obj/port.o
LOAD _build_lpc40xx_freertos/obj/heap_3.o
LOAD _build_lpc40xx_freertos/obj/croutine.o
LOAD _build_lpc40xx_freertos/obj/event_groups.o
LOAD _build_lpc40xx_freertos/obj/list.o
LOAD _build_lpc40xx_freertos/obj/queue.o
LOAD _build_lpc40xx_freertos/obj/stream_buffer.o
LOAD _build_lpc40xx_freertos/obj/tasks.o
LOAD _build_lpc40xx_freertos/obj/timers.o
LOAD _build_lpc40xx_freertos/obj/adc.o
LOAD _build_lpc40xx_freertos/obj/board_io.o
LOAD _build_lpc40xx_freertos/obj/gpio.o
LOAD _build_lpc40xx_freertos/obj/hw_timer.o
LOAD _build_lpc40xx_freertos/obj/i2c.o
LOAD _build_lpc40xx_freertos/obj/lpc_peripherals.o
LOAD _build_lpc40xx_freertos/obj/pwm1.o
LOAD _build_lpc40xx_freertos/obj/ssp2.o
LOAD _build_lpc40xx_freertos/obj/uart.o
LOAD /Users/Jannas/Desktop/GitHub/CMPE146_MP3/compiler/mac/gcc-arm-none-eabi-8-2019-q3-update/bin/../lib/gcc/arm-none-eabi/8.3.1/../../../../arm-none-eabi/lib/thumb/v7e-m+fp/hard/libm.a
START GROUP
LOAD /Users/Jannas/Desktop/GitHub/CMPE146_MP3/compiler/mac/gcc-arm-none-eabi-8-2019-q3-update/bin/../lib/gcc/arm-none-eabi/8.3.1/thumb/v7e-m+fp/hard/libgcc.a
LOAD /Users/Jannas/Desktop/GitHub/CMPE146_MP3/compiler/mac/gcc-arm-none-eabi-8-2019-q3-update/bin/../lib/gcc/arm-none-eabi/8.3.1/../../../../arm-none-eabi/lib/thumb/v7e-m+fp/hard/libg_nano.a
LOAD /Users/Jannas/Desktop/GitHub/CMPE146_MP3/compiler/mac/gcc-arm-none-eabi-8-2019-q3-update/bin/../lib/gcc/arm-none-eabi/8.3.1/../../../../arm-none-eabi/lib/thumb/v7e-m+fp/hard/libc_nano.a
END GROUP
START GROUP
LOAD /Users/Jannas/Desktop/GitHub/CMPE146_MP3/compiler/mac/gcc-arm-none-eabi-8-2019-q3-update/bin/../lib/gcc/arm-none-eabi/8.3.1/thumb/v7e-m+fp/hard/libgcc.a
LOAD /Users/Jannas/Desktop/GitHub/CMPE146_MP3/compiler/mac/gcc-arm-none-eabi-8-2019-q3-update/bin/../lib/gcc/arm-none-eabi/8.3.1/../../../../arm-none-eabi/lib/thumb/v7e-m+fp/hard/libc_nano.a
LOAD /Users/Jannas/Desktop/GitHub/CMPE146_MP3/compiler/mac/gcc-arm-none-eabi-8-2019-q3-update/bin/../lib/gcc/arm-none-eabi/8.3.1/../../../../arm-none-eabi/lib/thumb/v7e-m+fp/hard/libnosys.a
END GROUP
START GROUP
LOAD /Users/Jannas/Desktop/GitHub/CMPE146_MP3/compiler/mac/gcc-arm-none-eabi-8-2019-q3-update/bin/../lib/gcc/arm-none-eabi/8.3.1/thumb/v7e-m+fp/hard/libgcc.a
LOAD /Users/Jannas/Desktop/GitHub/CMPE146_MP3/compiler/mac/gcc-arm-none-eabi-8-2019-q3-update/bin/../lib/gcc/arm-none-eabi/8.3.1/../../../../arm-none-eabi/lib/thumb/v7e-m+fp/hard/libc_nano.a
LOAD /Users/Jannas/Desktop/GitHub/CMPE146_MP3/compiler/mac/gcc-arm-none-eabi-8-2019-q3-update/bin/../lib/gcc/arm-none-eabi/8.3.1/../../../../arm-none-eabi/lib/thumb/v7e-m+fp/hard/libnosys.a
END GROUP
                0x0000000000000000                __base_flash = ORIGIN (flash_512k)
                0x0000000000080000                __top_flash = (__base_flash + LENGTH (flash_512k))
                0x0000000010000000                __base_ram_64k = ORIGIN (ram_64k)
                0x0000000010010000                __top_ram_64k = (__base_ram_64k + LENGTH (ram_64k))
                0x0000000020000000                __base_ram_32k = ORIGIN (ram_32k)
                0x0000000020008000                __top_ram_32k = (__base_ram_32k + LENGTH (ram_32k))

.text           0x0000000000000000     0xca04
 FILL mask 0xff
 *(.interrupt_vector_table)
 .interrupt_vector_table
                0x0000000000000000       0xe4 _build_lpc40xx_freertos/obj/interrupt_vector_table.o
                0x0000000000000000                interrupt_vector_table
                0x00000000000000e4                . = ALIGN (0x4)
 *(.init)
                0x00000000000000e4                . = ALIGN (0x4)
                0x00000000000000e4                __preinit_array_start = .
 *(.preinit_array)
                0x00000000000000e4                __preinit_array_end = .
                0x00000000000000e4                . = ALIGN (0x4)
                0x00000000000000e4                __init_array_start = .
 *(SORT_BY_NAME(.init_array.*))
 *(.init_array)
                0x00000000000000e4                __init_array_end = .
 *(.fini)
                0x00000000000000e4                . = ALIGN (0x4)
 *crtbegin.o(.ctors)
 *(EXCLUDE_FILE(*crtend.o) .ctors)
 *(SORT_BY_NAME(.ctors.*))
 *crtend.o(.ctors)
                0x00000000000000e4                . = ALIGN (0x4)
 *crtbegin.o(.dtors)
 *(EXCLUDE_FILE(*crtend.o) .dtors)
 *(SORT_BY_NAME(.dtors.*))
 *crtend.o(.dtors)
 *(.text*)
 .text.entry_point
                0x00000000000000e4       0x74 _build_lpc40xx_freertos/obj/entry_point.o
                0x00000000000000e4                entry_point
 .text.isr_hard_fault
                0x0000000000000158       0x1a _build_lpc40xx_freertos/obj/interrupt_vector_table.o
 *fill*         0x0000000000000172        0x2 ff
 .text.halt     0x0000000000000174       0x5c _build_lpc40xx_freertos/obj/interrupt_vector_table.o
 .text.isr_hard_fault_handler
                0x00000000000001d0       0x4c _build_lpc40xx_freertos/obj/interrupt_vector_table.o
                0x00000000000001d0                isr_hard_fault_handler
 .text.clock__get_core_clock_hz
                0x000000000000021c        0x8 _build_lpc40xx_freertos/obj/clock.o
                0x000000000000021c                clock__get_core_clock_hz
 .text.clock__get_peripheral_clock_hz
                0x0000000000000224        0x8 _build_lpc40xx_freertos/obj/clock.o
                0x0000000000000224                clock__get_peripheral_clock_hz
 .text.clock__initialize_system_clock_96mhz
                0x000000000000022c       0x40 _build_lpc40xx_freertos/obj/clock.o
                0x000000000000022c                clock__initialize_system_clock_96mhz
 .text.crash__record_get
                0x000000000000026c       0x18 _build_lpc40xx_freertos/obj/crash.o
                0x000000000000026c                crash__record_get
 .text.crash__report_if_occurred
                0x0000000000000284       0xc0 _build_lpc40xx_freertos/obj/crash.o
                0x0000000000000284                crash__report_if_occurred
 .text._sbrk    0x0000000000000344       0x54 _build_lpc40xx_freertos/obj/syscall.o
                0x0000000000000344                _sbrk
 .text.startup__initialize_ram
                0x0000000000000398       0x3c _build_lpc40xx_freertos/obj/startup.o
                0x0000000000000398                startup__initialize_ram
 .text.startup__initialize_fpu
                0x00000000000003d4       0x14 _build_lpc40xx_freertos/obj/startup.o
                0x00000000000003d4                startup__initialize_fpu
 .text.startup__initialize_interrupts
                0x00000000000003e8       0x18 _build_lpc40xx_freertos/obj/startup.o
                0x00000000000003e8                startup__initialize_interrupts
 .text.acceleration__init
                0x0000000000000400       0x22 _build_lpc40xx_freertos/obj/acceleration.o
                0x0000000000000400                acceleration__init
 .text.sensors__init
                0x0000000000000422        0x4 _build_lpc40xx_freertos/obj/sensors.o
                0x0000000000000422                sensors__init
 .text.ld_dword
                0x0000000000000426       0x10 _build_lpc40xx_freertos/obj/ff.o
 .text.st_dword
                0x0000000000000436       0x10 _build_lpc40xx_freertos/obj/ff.o
 .text.mem_cmp  0x0000000000000446       0x1c _build_lpc40xx_freertos/obj/ff.o
 .text.clst2sect
                0x0000000000000462       0x16 _build_lpc40xx_freertos/obj/ff.o
 .text.sum_sfn  0x0000000000000478       0x1e _build_lpc40xx_freertos/obj/ff.o
 .text.get_ldnumber
                0x0000000000000496       0x2a _build_lpc40xx_freertos/obj/ff.o
 .text.mem_cpy.part.0
                0x00000000000004c0       0x12 _build_lpc40xx_freertos/obj/ff.o
 .text.ld_clust.isra.3
                0x00000000000004d2       0x1c _build_lpc40xx_freertos/obj/ff.o
 .text.st_clust.isra.4
                0x00000000000004ee       0x18 _build_lpc40xx_freertos/obj/ff.o
 .text.sync_window.part.6
                0x0000000000000506       0x40 _build_lpc40xx_freertos/obj/ff.o
 .text.move_window
                0x0000000000000546       0x44 _build_lpc40xx_freertos/obj/ff.o
 *fill*         0x000000000000058a        0x2 ff
 .text.check_fs
                0x000000000000058c       0x74 _build_lpc40xx_freertos/obj/ff.o
 .text.find_volume
                0x0000000000000600      0x2c0 _build_lpc40xx_freertos/obj/ff.o
 .text.put_fat  0x00000000000008c0       0xf8 _build_lpc40xx_freertos/obj/ff.o
 .text.get_fat.isra.10
                0x00000000000009b8       0xb4 _build_lpc40xx_freertos/obj/ff.o
 .text.dir_sdi  0x0000000000000a6c       0x82 _build_lpc40xx_freertos/obj/ff.o
 .text.create_chain
                0x0000000000000aee       0xe8 _build_lpc40xx_freertos/obj/ff.o
 .text.remove_chain
                0x0000000000000bd6       0x6e _build_lpc40xx_freertos/obj/ff.o
 .text.unlock_fs
                0x0000000000000c44       0x16 _build_lpc40xx_freertos/obj/ff.o
 .text.validate
                0x0000000000000c5a       0x50 _build_lpc40xx_freertos/obj/ff.o
 .text.get_fileinfo
                0x0000000000000caa      0x13c _build_lpc40xx_freertos/obj/ff.o
 .text.dir_clear
                0x0000000000000de6       0x5c _build_lpc40xx_freertos/obj/ff.o
 .text.dir_next
                0x0000000000000e42       0xaa _build_lpc40xx_freertos/obj/ff.o
 .text.dir_find
                0x0000000000000eec      0x148 _build_lpc40xx_freertos/obj/ff.o
 .text.dir_read.constprop.15
                0x0000000000001034      0x11c _build_lpc40xx_freertos/obj/ff.o
 .text.follow_path
                0x0000000000001150      0x294 _build_lpc40xx_freertos/obj/ff.o
 .text.sync_fs  0x00000000000013e4       0xa0 _build_lpc40xx_freertos/obj/ff.o
 .text.dir_register
                0x0000000000001484      0x288 _build_lpc40xx_freertos/obj/ff.o
 .text.f_mount  0x000000000000170c       0x70 _build_lpc40xx_freertos/obj/ff.o
                0x000000000000170c                f_mount
 .text.f_open   0x000000000000177c      0x1cc _build_lpc40xx_freertos/obj/ff.o
                0x000000000000177c                f_open
 .text.f_read   0x0000000000001948      0x17c _build_lpc40xx_freertos/obj/ff.o
                0x0000000000001948                f_read
 .text.f_sync   0x0000000000001ac4       0xa2 _build_lpc40xx_freertos/obj/ff.o
                0x0000000000001ac4                f_sync
 .text.f_close  0x0000000000001b66       0x28 _build_lpc40xx_freertos/obj/ff.o
                0x0000000000001b66                f_close
 .text.f_opendir
                0x0000000000001b8e       0x7e _build_lpc40xx_freertos/obj/ff.o
                0x0000000000001b8e                f_opendir
 .text.f_closedir
                0x0000000000001c0c       0x1e _build_lpc40xx_freertos/obj/ff.o
                0x0000000000001c0c                f_closedir
 .text.f_readdir
                0x0000000000001c2a       0x5a _build_lpc40xx_freertos/obj/ff.o
                0x0000000000001c2a                f_readdir
 .text.ff_cre_syncobj
                0x0000000000001c84       0x14 _build_lpc40xx_freertos/obj/ffsystem.o
                0x0000000000001c84                ff_cre_syncobj
 .text.ff_del_syncobj
                0x0000000000001c98        0xa _build_lpc40xx_freertos/obj/ffsystem.o
                0x0000000000001c98                ff_del_syncobj
 .text.ff_req_grant
                0x0000000000001ca2       0x12 _build_lpc40xx_freertos/obj/ffsystem.o
                0x0000000000001ca2                ff_req_grant
 .text.ff_rel_grant
                0x0000000000001cb4        0xa _build_lpc40xx_freertos/obj/ffsystem.o
                0x0000000000001cb4                ff_rel_grant
 *fill*         0x0000000000001cbe        0x2 ff
 .text.ff_uni2oem
                0x0000000000001cc0       0x40 _build_lpc40xx_freertos/obj/ffunicode.o
                0x0000000000001cc0                ff_uni2oem
 .text.ff_oem2uni
                0x0000000000001d00       0x28 _build_lpc40xx_freertos/obj/ffunicode.o
                0x0000000000001d00                ff_oem2uni
 .text.ff_wtoupper
                0x0000000000001d28       0x8c _build_lpc40xx_freertos/obj/ffunicode.o
                0x0000000000001d28                ff_wtoupper
 .text.disk_initialize
                0x0000000000001db4       0x1c _build_lpc40xx_freertos/obj/disk_glue_logic.o
                0x0000000000001db4                disk_initialize
 .text.disk_status
                0x0000000000001dd0        0xa _build_lpc40xx_freertos/obj/disk_glue_logic.o
                0x0000000000001dd0                disk_status
 .text.disk_read
                0x0000000000001dda       0x28 _build_lpc40xx_freertos/obj/disk_glue_logic.o
                0x0000000000001dda                disk_read
 .text.disk_write
                0x0000000000001e02       0x28 _build_lpc40xx_freertos/obj/disk_glue_logic.o
                0x0000000000001e02                disk_write
 .text.disk_ioctl
                0x0000000000001e2a       0x24 _build_lpc40xx_freertos/obj/disk_glue_logic.o
                0x0000000000001e2a                disk_ioctl
 .text.get_fattime
                0x0000000000001e4e        0x4 _build_lpc40xx_freertos/obj/fatfs_time.o
                0x0000000000001e4e                get_fattime
 .text.sd_card__wait_for_ready
                0x0000000000001e52       0x28 _build_lpc40xx_freertos/obj/sd_card.o
 *fill*         0x0000000000001e7a        0x2 ff
 .text.sd_card__power_off
                0x0000000000001e7c       0x20 _build_lpc40xx_freertos/obj/sd_card.o
 .text.sd_card__transmit_datablock
                0x0000000000001e9c       0x5a _build_lpc40xx_freertos/obj/sd_card.o
 .text.sd_card__send_command
                0x0000000000001ef6       0x86 _build_lpc40xx_freertos/obj/sd_card.o
 .text.sd_card__read_datablock
                0x0000000000001f7c       0x42 _build_lpc40xx_freertos/obj/sd_card.o
 *fill*         0x0000000000001fbe        0x2 ff
 .text.sd_card__update_status
                0x0000000000001fc0       0x20 _build_lpc40xx_freertos/obj/sd_card.o
                0x0000000000001fc0                sd_card__update_status
 .text.sd_card__initialize
                0x0000000000001fe0      0x13c _build_lpc40xx_freertos/obj/sd_card.o
                0x0000000000001fe0                sd_card__initialize
 .text.sd_card__status
                0x000000000000211c       0x10 _build_lpc40xx_freertos/obj/sd_card.o
                0x000000000000211c                sd_card__status
 .text.sd_card__read
                0x000000000000212c       0x8c _build_lpc40xx_freertos/obj/sd_card.o
                0x000000000000212c                sd_card__read
 .text.sd_card__write
                0x00000000000021b8       0xa8 _build_lpc40xx_freertos/obj/sd_card.o
                0x00000000000021b8                sd_card__write
 .text.sd_card__ioctl
                0x0000000000002260      0x200 _build_lpc40xx_freertos/obj/sd_card.o
                0x0000000000002260                sd_card__ioctl
 .text.system_calls__print_and_halt
                0x0000000000002460       0x1e _build_lpc40xx_freertos/obj/system_calls.o
 *fill*         0x000000000000247e        0x2 ff
 .text._exit    0x0000000000002480        0xc _build_lpc40xx_freertos/obj/system_calls.o
                0x0000000000002480                _exit
 .text._isatty  0x000000000000248c       0x28 _build_lpc40xx_freertos/obj/system_calls.o
                0x000000000000248c                _isatty
 .text._write   0x00000000000024b4       0x70 _build_lpc40xx_freertos/obj/system_calls.o
                0x00000000000024b4                _write
 .text._read    0x0000000000002524       0x1c _build_lpc40xx_freertos/obj/system_calls.o
                0x0000000000002524                _read
 .text.app_cli__private_print_list_of_all_commands
                0x0000000000002540       0x98 _build_lpc40xx_freertos/obj/app_cli.o
 .text.app_cli__initialize
                0x00000000000025d8       0x16 _build_lpc40xx_freertos/obj/app_cli.o
                0x00000000000025d8                app_cli__initialize
 .text.app_cli__add_command_handler
                0x00000000000025ee        0xa _build_lpc40xx_freertos/obj/app_cli.o
                0x00000000000025ee                app_cli__add_command_handler
 .text.app_cli__process_input
                0x00000000000025f8      0x134 _build_lpc40xx_freertos/obj/app_cli.o
                0x00000000000025f8                app_cli__process_input
 .text.sj2_cli__output_function
                0x000000000000272c       0x12 _build_lpc40xx_freertos/obj/sj2_cli.o
 *fill*         0x000000000000273e        0x2 ff
 .text.sj2_cli__task
                0x0000000000002740       0x78 _build_lpc40xx_freertos/obj/sj2_cli.o
 .text.sj2_cli__init
                0x00000000000027b8       0x88 _build_lpc40xx_freertos/obj/sj2_cli.o
                0x00000000000027b8                sj2_cli__init
 .text.cli__mp3_play
                0x0000000000002840       0x24 _build_lpc40xx_freertos/obj/mp3_cli.o
                0x0000000000002840                cli__mp3_play
 .text.cli__mp3_pause
                0x0000000000002864       0x24 _build_lpc40xx_freertos/obj/mp3_cli.o
                0x0000000000002864                cli__mp3_pause
 .text.cli__mp3_next
                0x0000000000002888       0x24 _build_lpc40xx_freertos/obj/mp3_cli.o
                0x0000000000002888                cli__mp3_next
 .text.cli__mp3_prev
                0x00000000000028ac       0x24 _build_lpc40xx_freertos/obj/mp3_cli.o
                0x00000000000028ac                cli__mp3_prev
 .text.delay__us
                0x00000000000028d0       0x40 _build_lpc40xx_freertos/obj/delay.o
                0x00000000000028d0                delay__us
 .text.delay__ms
                0x0000000000002910        0xc _build_lpc40xx_freertos/obj/delay.o
                0x0000000000002910                delay__ms
 .text.peripherals_init
                0x000000000000291c      0x110 _build_lpc40xx_freertos/obj/peripherals_init.o
                0x000000000000291c                peripherals_init
 .text.spi2_mutex__acquire
                0x0000000000002a2c       0x34 _build_lpc40xx_freertos/obj/ssp2_mutex.o
                0x0000000000002a2c                spi2_mutex__acquire
 .text.spi2_mutex__release
                0x0000000000002a60       0x24 _build_lpc40xx_freertos/obj/ssp2_mutex.o
                0x0000000000002a60                spi2_mutex__release
 .text.sys_time__one_minute_isr
                0x0000000000002a84       0x24 _build_lpc40xx_freertos/obj/sys_time.o
 .text.sys_time__init
                0x0000000000002aa8       0x2c _build_lpc40xx_freertos/obj/sys_time.o
                0x0000000000002aa8                sys_time__init
 .text.sys_time__get_uptime_us
                0x0000000000002ad4       0x2c _build_lpc40xx_freertos/obj/sys_time.o
                0x0000000000002ad4                sys_time__get_uptime_us
 .text.sys_time__get_uptime_ms
                0x0000000000002b00       0x12 _build_lpc40xx_freertos/obj/sys_time.o
                0x0000000000002b00                sys_time__get_uptime_ms
 .text.uart_puts__polled
                0x0000000000002b12       0x2a _build_lpc40xx_freertos/obj/uart_printf.o
                0x0000000000002b12                uart_puts__polled
 .text.decoder_send_data
                0x0000000000002b3c       0x74 _build_lpc40xx_freertos/obj/decoder.o
                0x0000000000002b3c                decoder_send_data
 .text.decoder_write_reg
                0x0000000000002bb0       0x68 _build_lpc40xx_freertos/obj/decoder.o
                0x0000000000002bb0                decoder_write_reg
 .text.decoder_hardware_reset
                0x0000000000002c18       0x38 _build_lpc40xx_freertos/obj/decoder.o
                0x0000000000002c18                decoder_hardware_reset
 .text.decoder_init
                0x0000000000002c50       0xf0 _build_lpc40xx_freertos/obj/decoder.o
                0x0000000000002c50                decoder_init
 .text.mp3_play
                0x0000000000002d40       0xec _build_lpc40xx_freertos/obj/main.o
                0x0000000000002d40                mp3_play
 .text.mp3_lcd  0x0000000000002e2c       0x38 _build_lpc40xx_freertos/obj/main.o
                0x0000000000002e2c                mp3_lcd
 .text.sd_mount
                0x0000000000002e64       0xc8 _build_lpc40xx_freertos/obj/main.o
                0x0000000000002e64                sd_mount
 .text.mp3_init
                0x0000000000002f2c       0x60 _build_lpc40xx_freertos/obj/main.o
                0x0000000000002f2c                mp3_init
 .text.startup.main
                0x0000000000002f8c       0x50 _build_lpc40xx_freertos/obj/main.o
                0x0000000000002f8c                main
 .text.isMP3    0x0000000000002fdc       0x44 _build_lpc40xx_freertos/obj/mp3_function.o
                0x0000000000002fdc                isMP3
 .text.vApplicationStackOverflowHook
                0x0000000000003020       0x1c _build_lpc40xx_freertos/obj/rtos_hooks.o
                0x0000000000003020                vApplicationStackOverflowHook
 .text.vApplicationMallocFailedHook
                0x000000000000303c       0x10 _build_lpc40xx_freertos/obj/rtos_hooks.o
                0x000000000000303c                vApplicationMallocFailedHook
 .text.vApplicationIdleHook
                0x000000000000304c       0x10 _build_lpc40xx_freertos/obj/rtos_hooks.o
                0x000000000000304c                vApplicationIdleHook
 .text.configASSERT_callback
                0x000000000000305c       0x40 _build_lpc40xx_freertos/obj/rtos_hooks.o
                0x000000000000305c                configASSERT_callback
 .text.vApplicationGetIdleTaskMemory
                0x000000000000309c       0x18 _build_lpc40xx_freertos/obj/rtos_hooks.o
                0x000000000000309c                vApplicationGetIdleTaskMemory
 .text.freertos_hooks__get_run_time_counter_value
                0x00000000000030b4       0x14 _build_lpc40xx_freertos/obj/rtos_hooks.o
                0x00000000000030b4                freertos_hooks__get_run_time_counter_value
 .text.ssp2__initia
                0x00000000000030c8       0x2c _build_lpc40xx_freertos/obj/ssp2_lab.o
                0x00000000000030c8                ssp2__initia
 .text.ssp2__transfer_byte
                0x00000000000030f4       0x14 _build_lpc40xx_freertos/obj/ssp2_lab.o
                0x00000000000030f4                ssp2__transfer_byte
 .text.sl_string__initialize
                0x0000000000003108       0x28 _build_lpc40xx_freertos/obj/sl_string.o
                0x0000000000003108                sl_string__initialize
 .text.sl_string__get_capacity
                0x0000000000003130       0x12 _build_lpc40xx_freertos/obj/sl_string.o
                0x0000000000003130                sl_string__get_capacity
 .text.sl_string__get_capacity_including_null_char
                0x0000000000003142        0xc _build_lpc40xx_freertos/obj/sl_string.o
                0x0000000000003142                sl_string__get_capacity_including_null_char
 .text.sl_string__get_length
                0x000000000000314e        0xc _build_lpc40xx_freertos/obj/sl_string.o
                0x000000000000314e                sl_string__get_length
 .text.sl_string__is_full
                0x000000000000315a       0x1a _build_lpc40xx_freertos/obj/sl_string.o
                0x000000000000315a                sl_string__is_full
 .text.sl_string__clear
                0x0000000000003174        0x6 _build_lpc40xx_freertos/obj/sl_string.o
                0x0000000000003174                sl_string__clear
 .text.sl_string__vprintf
                0x000000000000317a       0x1c _build_lpc40xx_freertos/obj/sl_string.o
                0x000000000000317a                sl_string__vprintf
 .text.sl_string__printf
                0x0000000000003196       0x1a _build_lpc40xx_freertos/obj/sl_string.o
                0x0000000000003196                sl_string__printf
 .text.sl_string__set
                0x00000000000031b0       0x2e _build_lpc40xx_freertos/obj/sl_string.o
                0x00000000000031b0                sl_string__set
 .text.sl_string__initialize_from
                0x00000000000031de       0x16 _build_lpc40xx_freertos/obj/sl_string.o
                0x00000000000031de                sl_string__initialize_from
 .text.sl_string__insert_at
                0x00000000000031f4       0x54 _build_lpc40xx_freertos/obj/sl_string.o
                0x00000000000031f4                sl_string__insert_at
 .text.sl_string__append
                0x0000000000003248       0x38 _build_lpc40xx_freertos/obj/sl_string.o
                0x0000000000003248                sl_string__append
 .text.sl_string__append_char
                0x0000000000003280       0x18 _build_lpc40xx_freertos/obj/sl_string.o
                0x0000000000003280                sl_string__append_char
 .text.sl_string__equals_to_ignore_case
                0x0000000000003298       0x14 _build_lpc40xx_freertos/obj/sl_string.o
                0x0000000000003298                sl_string__equals_to_ignore_case
 .text.sl_string__begins_with_limited_chars
                0x00000000000032ac       0x28 _build_lpc40xx_freertos/obj/sl_string.o
                0x00000000000032ac                sl_string__begins_with_limited_chars
 .text.sl_string__begins_with_ignore_case
                0x00000000000032d4       0x2e _build_lpc40xx_freertos/obj/sl_string.o
                0x00000000000032d4                sl_string__begins_with_ignore_case
 .text.sl_string__begins_with_whole_word
                0x0000000000003302       0x44 _build_lpc40xx_freertos/obj/sl_string.o
                0x0000000000003302                sl_string__begins_with_whole_word
 .text.sl_string__ends_with_newline
                0x0000000000003346       0x22 _build_lpc40xx_freertos/obj/sl_string.o
                0x0000000000003346                sl_string__ends_with_newline
 .text.sl_string__erase_after
                0x0000000000003368       0x38 _build_lpc40xx_freertos/obj/sl_string.o
                0x0000000000003368                sl_string__erase_after
 .text.sl_string__erase_first
                0x00000000000033a0        0x8 _build_lpc40xx_freertos/obj/sl_string.o
                0x00000000000033a0                sl_string__erase_first
 .text.sl_string__erase_last
                0x00000000000033a8       0x22 _build_lpc40xx_freertos/obj/sl_string.o
                0x00000000000033a8                sl_string__erase_last
 .text.sl_string__erase_at_substring
                0x00000000000033ca       0x1c _build_lpc40xx_freertos/obj/sl_string.o
                0x00000000000033ca                sl_string__erase_at_substring
 .text.sl_string__erase_first_word
                0x00000000000033e6       0x1c _build_lpc40xx_freertos/obj/sl_string.o
                0x00000000000033e6                sl_string__erase_first_word
 .text.sl_string__trim_end
                0x0000000000003402       0x40 _build_lpc40xx_freertos/obj/sl_string.o
                0x0000000000003402                sl_string__trim_end
 .text.vPortSVCHandler_wrapper
                0x0000000000003442       0x12 _build_lpc40xx_freertos/obj/freertos_interrupt_handlers.o
                0x0000000000003442                vPortSVCHandler_wrapper
 .text.xPortPendSVHandler_wrapper
                0x0000000000003454       0x12 _build_lpc40xx_freertos/obj/freertos_interrupt_handlers.o
                0x0000000000003454                xPortPendSVHandler_wrapper
 .text.xPortSysTickHandler_wrapper
                0x0000000000003466       0x12 _build_lpc40xx_freertos/obj/freertos_interrupt_handlers.o
                0x0000000000003466                xPortSysTickHandler_wrapper
 .text.prvPortStartFirstTask
                0x0000000000003478       0x28 _build_lpc40xx_freertos/obj/port.o
 .text.vPortEnableVFP
                0x00000000000034a0       0x14 _build_lpc40xx_freertos/obj/port.o
 .text.prvTaskExitError
                0x00000000000034b4       0x3c _build_lpc40xx_freertos/obj/port.o
 .text.pxPortInitialiseStack
                0x00000000000034f0       0x2c _build_lpc40xx_freertos/obj/port.o
                0x00000000000034f0                pxPortInitialiseStack
 *fill*         0x000000000000351c        0x4 ff
 .text.vPortSVCHandler
                0x0000000000003520       0x24 _build_lpc40xx_freertos/obj/port.o
                0x0000000000003520                vPortSVCHandler
 .text.vPortEnterCritical
                0x0000000000003544       0x44 _build_lpc40xx_freertos/obj/port.o
                0x0000000000003544                vPortEnterCritical
 .text.vPortExitCritical
                0x0000000000003588       0x28 _build_lpc40xx_freertos/obj/port.o
                0x0000000000003588                vPortExitCritical
 .text.xPortPendSVHandler
                0x00000000000035b0       0x64 _build_lpc40xx_freertos/obj/port.o
                0x00000000000035b0                xPortPendSVHandler
 .text.xPortSysTickHandler
                0x0000000000003614       0x2c _build_lpc40xx_freertos/obj/port.o
                0x0000000000003614                xPortSysTickHandler
 .text.vPortSetupTimerInterrupt
                0x0000000000003640       0x30 _build_lpc40xx_freertos/obj/port.o
                0x0000000000003640                vPortSetupTimerInterrupt
 .text.xPortStartScheduler
                0x0000000000003670      0x100 _build_lpc40xx_freertos/obj/port.o
                0x0000000000003670                xPortStartScheduler
 .text.vPortValidateInterruptPriority
                0x0000000000003770       0x58 _build_lpc40xx_freertos/obj/port.o
                0x0000000000003770                vPortValidateInterruptPriority
 .text.pvPortMalloc
                0x00000000000037c8       0x1e _build_lpc40xx_freertos/obj/heap_3.o
                0x00000000000037c8                pvPortMalloc
 .text.vPortFree
                0x00000000000037e6       0x1a _build_lpc40xx_freertos/obj/heap_3.o
                0x00000000000037e6                vPortFree
 .text.vListInitialise
                0x0000000000003800       0x16 _build_lpc40xx_freertos/obj/list.o
                0x0000000000003800                vListInitialise
 .text.vListInitialiseItem
                0x0000000000003816        0x6 _build_lpc40xx_freertos/obj/list.o
                0x0000000000003816                vListInitialiseItem
 .text.vListInsertEnd
                0x000000000000381c       0x18 _build_lpc40xx_freertos/obj/list.o
                0x000000000000381c                vListInsertEnd
 .text.vListInsert
                0x0000000000003834       0x2e _build_lpc40xx_freertos/obj/list.o
                0x0000000000003834                vListInsert
 .text.uxListRemove
                0x0000000000003862       0x20 _build_lpc40xx_freertos/obj/list.o
                0x0000000000003862                uxListRemove
 .text.prvIsQueueEmpty
                0x0000000000003882       0x16 _build_lpc40xx_freertos/obj/queue.o
 .text.prvCopyDataToQueue
                0x0000000000003898       0x6a _build_lpc40xx_freertos/obj/queue.o
 .text.prvCopyDataFromQueue
                0x0000000000003902       0x2a _build_lpc40xx_freertos/obj/queue.o
 .text.prvUnlockQueue
                0x000000000000392c       0x70 _build_lpc40xx_freertos/obj/queue.o
 .text.xQueueGenericReset
                0x000000000000399c       0x7c _build_lpc40xx_freertos/obj/queue.o
                0x000000000000399c                xQueueGenericReset
 .text.xQueueGenericCreateStatic
                0x0000000000003a18       0x94 _build_lpc40xx_freertos/obj/queue.o
                0x0000000000003a18                xQueueGenericCreateStatic
 .text.xQueueGenericCreate
                0x0000000000003aac       0x4c _build_lpc40xx_freertos/obj/queue.o
                0x0000000000003aac                xQueueGenericCreate
 .text.xQueueGenericSend
                0x0000000000003af8      0x15c _build_lpc40xx_freertos/obj/queue.o
                0x0000000000003af8                xQueueGenericSend
 .text.xQueueCreateMutexStatic
                0x0000000000003c54       0x2a _build_lpc40xx_freertos/obj/queue.o
                0x0000000000003c54                xQueueCreateMutexStatic
 .text.xQueueCreateMutex
                0x0000000000003c7e       0x24 _build_lpc40xx_freertos/obj/queue.o
                0x0000000000003c7e                xQueueCreateMutex
 *fill*         0x0000000000003ca2        0x2 ff
 .text.xQueueGenericSendFromISR
                0x0000000000003ca4       0xbc _build_lpc40xx_freertos/obj/queue.o
                0x0000000000003ca4                xQueueGenericSendFromISR
 .text.xQueueGiveFromISR
                0x0000000000003d60       0xa4 _build_lpc40xx_freertos/obj/queue.o
                0x0000000000003d60                xQueueGiveFromISR
 .text.xQueueReceive
                0x0000000000003e04      0x13c _build_lpc40xx_freertos/obj/queue.o
                0x0000000000003e04                xQueueReceive
 .text.xQueueSemaphoreTake
                0x0000000000003f40      0x180 _build_lpc40xx_freertos/obj/queue.o
                0x0000000000003f40                xQueueSemaphoreTake
 .text.xQueueReceiveFromISR
                0x00000000000040c0       0x9c _build_lpc40xx_freertos/obj/queue.o
                0x00000000000040c0                xQueueReceiveFromISR
 .text.vQueueDelete
                0x000000000000415c       0x24 _build_lpc40xx_freertos/obj/queue.o
                0x000000000000415c                vQueueDelete
 .text.prvAddNewTaskToReadyList
                0x0000000000004180       0xf4 _build_lpc40xx_freertos/obj/tasks.o
 .text.prvIdleTask
                0x0000000000004274       0x28 _build_lpc40xx_freertos/obj/tasks.o
 .text.prvResetNextTaskUnblockTime
                0x000000000000429c       0x24 _build_lpc40xx_freertos/obj/tasks.o
 .text.prvInitialiseNewTask.isra.2
                0x00000000000042c0       0x98 _build_lpc40xx_freertos/obj/tasks.o
 .text.prvAddCurrentTaskToDelayedList
                0x0000000000004358       0x8c _build_lpc40xx_freertos/obj/tasks.o
 .text.xTaskCreateStatic
                0x00000000000043e4       0x6c _build_lpc40xx_freertos/obj/tasks.o
                0x00000000000043e4                xTaskCreateStatic
 .text.xTaskCreate
                0x0000000000004450       0x5a _build_lpc40xx_freertos/obj/tasks.o
                0x0000000000004450                xTaskCreate
 *fill*         0x00000000000044aa        0x2 ff
 .text.vTaskStartScheduler
                0x00000000000044ac       0x74 _build_lpc40xx_freertos/obj/tasks.o
                0x00000000000044ac                vTaskStartScheduler
 .text.vTaskSuspendAll
                0x0000000000004520       0x10 _build_lpc40xx_freertos/obj/tasks.o
                0x0000000000004520                vTaskSuspendAll
 .text.xTaskIncrementTick
                0x0000000000004530      0x124 _build_lpc40xx_freertos/obj/tasks.o
                0x0000000000004530                xTaskIncrementTick
 .text.xTaskResumeAll
                0x0000000000004654       0xec _build_lpc40xx_freertos/obj/tasks.o
                0x0000000000004654                xTaskResumeAll
 .text.vTaskDelay
                0x0000000000004740       0x48 _build_lpc40xx_freertos/obj/tasks.o
                0x0000000000004740                vTaskDelay
 .text.vTaskSwitchContext
                0x0000000000004788       0xbc _build_lpc40xx_freertos/obj/tasks.o
                0x0000000000004788                vTaskSwitchContext
 .text.vTaskPlaceOnEventList
                0x0000000000004844       0x30 _build_lpc40xx_freertos/obj/tasks.o
                0x0000000000004844                vTaskPlaceOnEventList
 .text.xTaskRemoveFromEventList
                0x0000000000004874       0x80 _build_lpc40xx_freertos/obj/tasks.o
                0x0000000000004874                xTaskRemoveFromEventList
 .text.vTaskInternalSetTimeOutState
                0x00000000000048f4       0x18 _build_lpc40xx_freertos/obj/tasks.o
                0x00000000000048f4                vTaskInternalSetTimeOutState
 .text.xTaskCheckForTimeOut
                0x000000000000490c       0x74 _build_lpc40xx_freertos/obj/tasks.o
                0x000000000000490c                xTaskCheckForTimeOut
 .text.vTaskMissedYield
                0x0000000000004980        0xc _build_lpc40xx_freertos/obj/tasks.o
                0x0000000000004980                vTaskMissedYield
 .text.xTaskGetSchedulerState
                0x000000000000498c       0x20 _build_lpc40xx_freertos/obj/tasks.o
                0x000000000000498c                xTaskGetSchedulerState
 .text.xTaskPriorityInherit
                0x00000000000049ac       0xa4 _build_lpc40xx_freertos/obj/tasks.o
                0x00000000000049ac                xTaskPriorityInherit
 .text.xTaskPriorityDisinherit
                0x0000000000004a50       0x9c _build_lpc40xx_freertos/obj/tasks.o
                0x0000000000004a50                xTaskPriorityDisinherit
 .text.vTaskPriorityDisinheritAfterTimeout
                0x0000000000004aec       0xb0 _build_lpc40xx_freertos/obj/tasks.o
                0x0000000000004aec                vTaskPriorityDisinheritAfterTimeout
 .text.pvTaskIncrementMutexHeldCount
                0x0000000000004b9c       0x18 _build_lpc40xx_freertos/obj/tasks.o
                0x0000000000004b9c                pvTaskIncrementMutexHeldCount
 .text.vRunTimeStatIsrEntry
                0x0000000000004bb4       0x28 _build_lpc40xx_freertos/obj/tasks.o
                0x0000000000004bb4                vRunTimeStatIsrEntry
 .text.vRunTimeStatIsrExit
                0x0000000000004bdc       0x10 _build_lpc40xx_freertos/obj/tasks.o
                0x0000000000004bdc                vRunTimeStatIsrExit
 .text.board_io__initialize
                0x0000000000004bec      0x100 _build_lpc40xx_freertos/obj/board_io.o
                0x0000000000004bec                board_io__initialize
 .text.board_io__sd_card_cs
                0x0000000000004cec       0x10 _build_lpc40xx_freertos/obj/board_io.o
                0x0000000000004cec                board_io__sd_card_cs
 .text.board_io__sd_card_ds
                0x0000000000004cfc       0x10 _build_lpc40xx_freertos/obj/board_io.o
                0x0000000000004cfc                board_io__sd_card_ds
 .text.board_io__sd_card_is_present
                0x0000000000004d0c       0x14 _build_lpc40xx_freertos/obj/board_io.o
                0x0000000000004d0c                board_io__sd_card_is_present
 .text.board_io__get_led0
                0x0000000000004d20       0x24 _build_lpc40xx_freertos/obj/board_io.o
                0x0000000000004d20                board_io__get_led0
 .text.board_io__get_led1
                0x0000000000004d44       0x24 _build_lpc40xx_freertos/obj/board_io.o
                0x0000000000004d44                board_io__get_led1
 .text.board_io__get_led2
                0x0000000000004d68       0x24 _build_lpc40xx_freertos/obj/board_io.o
                0x0000000000004d68                board_io__get_led2
 .text.board_io__get_led3
                0x0000000000004d8c       0x24 _build_lpc40xx_freertos/obj/board_io.o
                0x0000000000004d8c                board_io__get_led3
 .text.gpio__set_function
                0x0000000000004db0       0x30 _build_lpc40xx_freertos/obj/gpio.o
                0x0000000000004db0                gpio__set_function
 .text.gpio__construct_with_function
                0x0000000000004de0       0x1e _build_lpc40xx_freertos/obj/gpio.o
                0x0000000000004de0                gpio__construct_with_function
 .text.gpio__enable_open_drain
                0x0000000000004dfe       0x26 _build_lpc40xx_freertos/obj/gpio.o
                0x0000000000004dfe                gpio__enable_open_drain
 .text.gpio__set_as_input
                0x0000000000004e24       0x28 _build_lpc40xx_freertos/obj/gpio.o
                0x0000000000004e24                gpio__set_as_input
 .text.gpio__construct_as_input
                0x0000000000004e4c       0x1c _build_lpc40xx_freertos/obj/gpio.o
                0x0000000000004e4c                gpio__construct_as_input
 .text.gpio__set_as_output
                0x0000000000004e68       0x24 _build_lpc40xx_freertos/obj/gpio.o
                0x0000000000004e68                gpio__set_as_output
 .text.gpio__construct_as_output
                0x0000000000004e8c       0x1c _build_lpc40xx_freertos/obj/gpio.o
                0x0000000000004e8c                gpio__construct_as_output
 .text.gpio__get
                0x0000000000004ea8       0x28 _build_lpc40xx_freertos/obj/gpio.o
                0x0000000000004ea8                gpio__get
 .text.gpio__set
                0x0000000000004ed0       0x1c _build_lpc40xx_freertos/obj/gpio.o
                0x0000000000004ed0                gpio__set
 .text.gpio__reset
                0x0000000000004eec       0x1c _build_lpc40xx_freertos/obj/gpio.o
                0x0000000000004eec                gpio__reset
 .text.gpio__toggle
                0x0000000000004f08       0x26 _build_lpc40xx_freertos/obj/gpio.o
                0x0000000000004f08                gpio__toggle
 *fill*         0x0000000000004f2e        0x2 ff
 .text.hw_timer__enable
                0x0000000000004f30       0x48 _build_lpc40xx_freertos/obj/hw_timer.o
                0x0000000000004f30                hw_timer__enable
 .text.hw_timer__enable_match_isr
                0x0000000000004f78       0x24 _build_lpc40xx_freertos/obj/hw_timer.o
                0x0000000000004f78                hw_timer__enable_match_isr
 .text.hw_timer__acknowledge_interrupt
                0x0000000000004f9c       0x14 _build_lpc40xx_freertos/obj/hw_timer.o
                0x0000000000004f9c                hw_timer__acknowledge_interrupt
 .text.hw_timer__get_value
                0x0000000000004fb0       0x10 _build_lpc40xx_freertos/obj/hw_timer.o
                0x0000000000004fb0                hw_timer__get_value
 .text.hw_timer__set_value
                0x0000000000004fc0       0x10 _build_lpc40xx_freertos/obj/hw_timer.o
                0x0000000000004fc0                hw_timer__set_value
 .text.i2c__transfer_unprotected
                0x0000000000004fd0       0x5e _build_lpc40xx_freertos/obj/i2c.o
 *fill*         0x000000000000502e        0x2 ff
 .text.i2c__handle_interrupt
                0x0000000000005030      0x128 _build_lpc40xx_freertos/obj/i2c.o
 .text.i2c2_isr
                0x0000000000005158        0xc _build_lpc40xx_freertos/obj/i2c.o
 .text.i2c1_isr
                0x0000000000005164        0xc _build_lpc40xx_freertos/obj/i2c.o
 .text.i2c0_isr
                0x0000000000005170        0xc _build_lpc40xx_freertos/obj/i2c.o
 .text.i2c__initialize
                0x000000000000517c       0xb8 _build_lpc40xx_freertos/obj/i2c.o
                0x000000000000517c                i2c__initialize
 .text.i2c__read_slave_data
                0x0000000000005234       0x58 _build_lpc40xx_freertos/obj/i2c.o
                0x0000000000005234                i2c__read_slave_data
 .text.i2c__read_single
                0x000000000000528c       0x1e _build_lpc40xx_freertos/obj/i2c.o
                0x000000000000528c                i2c__read_single
 *fill*         0x00000000000052aa        0x2 ff
 .text.i2c__write_slave_data
                0x00000000000052ac       0x50 _build_lpc40xx_freertos/obj/i2c.o
                0x00000000000052ac                i2c__write_slave_data
 .text.i2c__detect
                0x00000000000052fc       0x18 _build_lpc40xx_freertos/obj/i2c.o
                0x00000000000052fc                i2c__detect
 .text.i2c__write_single
                0x0000000000005314       0x18 _build_lpc40xx_freertos/obj/i2c.o
                0x0000000000005314                i2c__write_single
 .text.lpc_peripheral__halt_handler
                0x000000000000532c        0x2 _build_lpc40xx_freertos/obj/lpc_peripherals.o
 *fill*         0x000000000000532e        0x2 ff
 .text.lpc_peripheral__interrupt_dispatcher
                0x0000000000005330       0x34 _build_lpc40xx_freertos/obj/lpc_peripherals.o
                0x0000000000005330                lpc_peripheral__interrupt_dispatcher
 .text.lpc_peripheral__turn_on_power_to
                0x0000000000005364       0x24 _build_lpc40xx_freertos/obj/lpc_peripherals.o
                0x0000000000005364                lpc_peripheral__turn_on_power_to
 .text.lpc_peripheral__is_powered_on
                0x0000000000005388       0x24 _build_lpc40xx_freertos/obj/lpc_peripherals.o
                0x0000000000005388                lpc_peripheral__is_powered_on
 .text.lpc_peripheral__enable_interrupt
                0x00000000000053ac       0x28 _build_lpc40xx_freertos/obj/lpc_peripherals.o
                0x00000000000053ac                lpc_peripheral__enable_interrupt
 .text.ssp2__dma_transfer_block
                0x00000000000053d4       0x98 _build_lpc40xx_freertos/obj/ssp2.o
 .text.ssp2__set_max_clock
                0x000000000000546c       0x2c _build_lpc40xx_freertos/obj/ssp2.o
                0x000000000000546c                ssp2__set_max_clock
 .text.ssp2__initialize
                0x0000000000005498       0x44 _build_lpc40xx_freertos/obj/ssp2.o
                0x0000000000005498                ssp2__initialize
 .text.ssp2__exchange_byte
                0x00000000000054dc       0x14 _build_lpc40xx_freertos/obj/ssp2.o
                0x00000000000054dc                ssp2__exchange_byte
 .text.ssp2__dma_write_block
                0x00000000000054f0        0x6 _build_lpc40xx_freertos/obj/ssp2.o
                0x00000000000054f0                ssp2__dma_write_block
 .text.ssp2__dma_read_block
                0x00000000000054f6        0x6 _build_lpc40xx_freertos/obj/ssp2.o
                0x00000000000054f6                ssp2__dma_read_block
 .text.uart__isr_common
                0x00000000000054fc       0x94 _build_lpc40xx_freertos/obj/uart.o
 .text.uart3_isr
                0x0000000000005590        0xc _build_lpc40xx_freertos/obj/uart.o
 .text.uart2_isr
                0x000000000000559c        0xc _build_lpc40xx_freertos/obj/uart.o
 .text.uart1_isr
                0x00000000000055a8        0xc _build_lpc40xx_freertos/obj/uart.o
 .text.uart0_isr
                0x00000000000055b4        0xc _build_lpc40xx_freertos/obj/uart.o
 .text.uart__init
                0x00000000000055c0       0x58 _build_lpc40xx_freertos/obj/uart.o
                0x00000000000055c0                uart__init
 .text.uart__is_initialized
                0x0000000000005618       0x28 _build_lpc40xx_freertos/obj/uart.o
                0x0000000000005618                uart__is_initialized
 .text.uart__is_transmit_queue_initialized
                0x0000000000005640       0x18 _build_lpc40xx_freertos/obj/uart.o
                0x0000000000005640                uart__is_transmit_queue_initialized
 .text.uart__enable_queues
                0x0000000000005658       0x7c _build_lpc40xx_freertos/obj/uart.o
                0x0000000000005658                uart__enable_queues
 .text.uart__polled_put
                0x00000000000056d4       0x28 _build_lpc40xx_freertos/obj/uart.o
                0x00000000000056d4                uart__polled_put
 .text.uart__get
                0x00000000000056fc       0x50 _build_lpc40xx_freertos/obj/uart.o
                0x00000000000056fc                uart__get
 .text.uart__polled_get
                0x000000000000574c       0x58 _build_lpc40xx_freertos/obj/uart.o
                0x000000000000574c                uart__polled_get
 .text.uart__put
                0x00000000000057a4       0x84 _build_lpc40xx_freertos/obj/uart.o
                0x00000000000057a4                uart__put
 .text          0x0000000000005828      0x378 /Users/Jannas/Desktop/GitHub/CMPE146_MP3/compiler/mac/gcc-arm-none-eabi-8-2019-q3-update/bin/../lib/gcc/arm-none-eabi/8.3.1/thumb/v7e-m+fp/hard/libgcc.a(_arm_addsubdf3.o)
                0x0000000000005828                __aeabi_drsub
                0x0000000000005830                __subdf3
                0x0000000000005830                __aeabi_dsub
                0x0000000000005834                __aeabi_dadd
                0x0000000000005834                __adddf3
                0x0000000000005aac                __aeabi_ui2d
                0x0000000000005aac                __floatunsidf
                0x0000000000005acc                __floatsidf
                0x0000000000005acc                __aeabi_i2d
                0x0000000000005af0                __extendsfdf2
                0x0000000000005af0                __aeabi_f2d
                0x0000000000005b34                __aeabi_ul2d
                0x0000000000005b34                __floatundidf
                0x0000000000005b44                __aeabi_l2d
                0x0000000000005b44                __floatdidf
 .text          0x0000000000005ba0      0x424 /Users/Jannas/Desktop/GitHub/CMPE146_MP3/compiler/mac/gcc-arm-none-eabi-8-2019-q3-update/bin/../lib/gcc/arm-none-eabi/8.3.1/thumb/v7e-m+fp/hard/libgcc.a(_arm_muldivdf3.o)
                0x0000000000005ba0                __aeabi_dmul
                0x0000000000005ba0                __muldf3
                0x0000000000005df4                __aeabi_ddiv
                0x0000000000005df4                __divdf3
 .text          0x0000000000005fc4       0x40 /Users/Jannas/Desktop/GitHub/CMPE146_MP3/compiler/mac/gcc-arm-none-eabi-8-2019-q3-update/bin/../lib/gcc/arm-none-eabi/8.3.1/thumb/v7e-m+fp/hard/libgcc.a(_arm_fixunsdfsi.o)
                0x0000000000005fc4                __fixunsdfsi
                0x0000000000005fc4                __aeabi_d2uiz
 .text          0x0000000000006004       0x30 /Users/Jannas/Desktop/GitHub/CMPE146_MP3/compiler/mac/gcc-arm-none-eabi-8-2019-q3-update/bin/../lib/gcc/arm-none-eabi/8.3.1/thumb/v7e-m+fp/hard/libgcc.a(_aeabi_uldivmod.o)
                0x0000000000006004                __aeabi_uldivmod
 .text          0x0000000000006034      0x2d0 /Users/Jannas/Desktop/GitHub/CMPE146_MP3/compiler/mac/gcc-arm-none-eabi-8-2019-q3-update/bin/../lib/gcc/arm-none-eabi/8.3.1/thumb/v7e-m+fp/hard/libgcc.a(_udivmoddi4.o)
                0x0000000000006034                __udivmoddi4
 .text          0x0000000000006304        0x4 /Users/Jannas/Desktop/GitHub/CMPE146_MP3/compiler/mac/gcc-arm-none-eabi-8-2019-q3-update/bin/../lib/gcc/arm-none-eabi/8.3.1/thumb/v7e-m+fp/hard/libgcc.a(_dvmd_tls.o)
                0x0000000000006304                __aeabi_ldiv0
                0x0000000000006304                __aeabi_idiv0
 .text.exit     0x0000000000006308       0x28 /Users/Jannas/Desktop/GitHub/CMPE146_MP3/compiler/mac/gcc-arm-none-eabi-8-2019-q3-update/bin/../lib/gcc/arm-none-eabi/8.3.1/../../../../arm-none-eabi/lib/thumb/v7e-m+fp/hard/libg_nano.a(lib_a-exit.o)
                0x0000000000006308                exit
 .text.fprintf  0x0000000000006330       0x24 /Users/Jannas/Desktop/GitHub/CMPE146_MP3/compiler/mac/gcc-arm-none-eabi-8-2019-q3-update/bin/../lib/gcc/arm-none-eabi/8.3.1/../../../../arm-none-eabi/lib/thumb/v7e-m+fp/hard/libg_nano.a(lib_a-fprintf.o)
                0x0000000000006330                fprintf
                0x0000000000006330                fiprintf
 .text._fputs_r
                0x0000000000006354       0xcc /Users/Jannas/Desktop/GitHub/CMPE146_MP3/compiler/mac/gcc-arm-none-eabi-8-2019-q3-update/bin/../lib/gcc/arm-none-eabi/8.3.1/../../../../arm-none-eabi/lib/thumb/v7e-m+fp/hard/libg_nano.a(lib_a-fputs.o)
                0x0000000000006354                _fputs_r
 .text.fputs    0x0000000000006420       0x10 /Users/Jannas/Desktop/GitHub/CMPE146_MP3/compiler/mac/gcc-arm-none-eabi-8-2019-q3-update/bin/../lib/gcc/arm-none-eabi/8.3.1/../../../../arm-none-eabi/lib/thumb/v7e-m+fp/hard/libg_nano.a(lib_a-fputs.o)
                0x0000000000006420                fputs
 .text.getchar  0x0000000000006430       0x24 /Users/Jannas/Desktop/GitHub/CMPE146_MP3/compiler/mac/gcc-arm-none-eabi-8-2019-q3-update/bin/../lib/gcc/arm-none-eabi/8.3.1/../../../../arm-none-eabi/lib/thumb/v7e-m+fp/hard/libg_nano.a(lib_a-getchar.o)
                0x0000000000006430                getchar
 .text.__retarget_lock_init_recursive
                0x0000000000006454        0x2 /Users/Jannas/Desktop/GitHub/CMPE146_MP3/compiler/mac/gcc-arm-none-eabi-8-2019-q3-update/bin/../lib/gcc/arm-none-eabi/8.3.1/../../../../arm-none-eabi/lib/thumb/v7e-m+fp/hard/libg_nano.a(lib_a-lock.o)
                0x0000000000006454                __retarget_lock_init_recursive
 .text.__retarget_lock_acquire_recursive
                0x0000000000006456        0x2 /Users/Jannas/Desktop/GitHub/CMPE146_MP3/compiler/mac/gcc-arm-none-eabi-8-2019-q3-update/bin/../lib/gcc/arm-none-eabi/8.3.1/../../../../arm-none-eabi/lib/thumb/v7e-m+fp/hard/libg_nano.a(lib_a-lock.o)
                0x0000000000006456                __retarget_lock_acquire_recursive
 .text.__retarget_lock_release_recursive
                0x0000000000006458        0x2 /Users/Jannas/Desktop/GitHub/CMPE146_MP3/compiler/mac/gcc-arm-none-eabi-8-2019-q3-update/bin/../lib/gcc/arm-none-eabi/8.3.1/../../../../arm-none-eabi/lib/thumb/v7e-m+fp/hard/libg_nano.a(lib_a-lock.o)
                0x0000000000006458                __retarget_lock_release_recursive
 *fill*         0x000000000000645a        0x2 ff
 .text.malloc   0x000000000000645c       0x10 /Users/Jannas/Desktop/GitHub/CMPE146_MP3/compiler/mac/gcc-arm-none-eabi-8-2019-q3-update/bin/../lib/gcc/arm-none-eabi/8.3.1/../../../../arm-none-eabi/lib/thumb/v7e-m+fp/hard/libg_nano.a(lib_a-malloc.o)
                0x000000000000645c                malloc
 .text.free     0x000000000000646c       0x10 /Users/Jannas/Desktop/GitHub/CMPE146_MP3/compiler/mac/gcc-arm-none-eabi-8-2019-q3-update/bin/../lib/gcc/arm-none-eabi/8.3.1/../../../../arm-none-eabi/lib/thumb/v7e-m+fp/hard/libg_nano.a(lib_a-malloc.o)
                0x000000000000646c                free
 .text.memcpy   0x000000000000647c       0x1c /Users/Jannas/Desktop/GitHub/CMPE146_MP3/compiler/mac/gcc-arm-none-eabi-8-2019-q3-update/bin/../lib/gcc/arm-none-eabi/8.3.1/../../../../arm-none-eabi/lib/thumb/v7e-m+fp/hard/libg_nano.a(lib_a-memcpy-stub.o)
                0x000000000000647c                memcpy
 .text.memmove  0x0000000000006498       0x34 /Users/Jannas/Desktop/GitHub/CMPE146_MP3/compiler/mac/gcc-arm-none-eabi-8-2019-q3-update/bin/../lib/gcc/arm-none-eabi/8.3.1/../../../../arm-none-eabi/lib/thumb/v7e-m+fp/hard/libg_nano.a(lib_a-memmove.o)
                0x0000000000006498                memmove
 .text.memset   0x00000000000064cc       0x10 /Users/Jannas/Desktop/GitHub/CMPE146_MP3/compiler/mac/gcc-arm-none-eabi-8-2019-q3-update/bin/../lib/gcc/arm-none-eabi/8.3.1/../../../../arm-none-eabi/lib/thumb/v7e-m+fp/hard/libg_nano.a(lib_a-memset.o)
                0x00000000000064cc                memset
 .text._free_r  0x00000000000064dc       0x9c /Users/Jannas/Desktop/GitHub/CMPE146_MP3/compiler/mac/gcc-arm-none-eabi-8-2019-q3-update/bin/../lib/gcc/arm-none-eabi/8.3.1/../../../../arm-none-eabi/lib/thumb/v7e-m+fp/hard/libg_nano.a(lib_a-nano-freer.o)
                0x00000000000064dc                _free_r
 .text._malloc_r
                0x0000000000006578       0xb4 /Users/Jannas/Desktop/GitHub/CMPE146_MP3/compiler/mac/gcc-arm-none-eabi-8-2019-q3-update/bin/../lib/gcc/arm-none-eabi/8.3.1/../../../../arm-none-eabi/lib/thumb/v7e-m+fp/hard/libg_nano.a(lib_a-nano-mallocr.o)
                0x0000000000006578                _malloc_r
 .text.__sfputc_r
                0x000000000000662c       0x2e /Users/Jannas/Desktop/GitHub/CMPE146_MP3/compiler/mac/gcc-arm-none-eabi-8-2019-q3-update/bin/../lib/gcc/arm-none-eabi/8.3.1/../../../../arm-none-eabi/lib/thumb/v7e-m+fp/hard/libg_nano.a(lib_a-nano-vfprintf.o)
 .text.__sfputs_r
                0x000000000000665a       0x24 /Users/Jannas/Desktop/GitHub/CMPE146_MP3/compiler/mac/gcc-arm-none-eabi-8-2019-q3-update/bin/../lib/gcc/arm-none-eabi/8.3.1/../../../../arm-none-eabi/lib/thumb/v7e-m+fp/hard/libg_nano.a(lib_a-nano-vfprintf.o)
                0x000000000000665a                __sfputs_r
 *fill*         0x000000000000667e        0x2 ff
 .text._vfprintf_r
                0x0000000000006680      0x250 /Users/Jannas/Desktop/GitHub/CMPE146_MP3/compiler/mac/gcc-arm-none-eabi-8-2019-q3-update/bin/../lib/gcc/arm-none-eabi/8.3.1/../../../../arm-none-eabi/lib/thumb/v7e-m+fp/hard/libg_nano.a(lib_a-nano-vfprintf.o)
                0x0000000000006680                _vfiprintf_r
                0x0000000000006680                _vfprintf_r
 .text.__cvt    0x00000000000068d0       0xba /Users/Jannas/Desktop/GitHub/CMPE146_MP3/compiler/mac/gcc-arm-none-eabi-8-2019-q3-update/bin/../lib/gcc/arm-none-eabi/8.3.1/../../../../arm-none-eabi/lib/thumb/v7e-m+fp/hard/libg_nano.a(lib_a-nano-vfprintf_float.o)
                0x00000000000068d0                __cvt
 .text.__exponent
                0x000000000000698a       0x64 /Users/Jannas/Desktop/GitHub/CMPE146_MP3/compiler/mac/gcc-arm-none-eabi-8-2019-q3-update/bin/../lib/gcc/arm-none-eabi/8.3.1/../../../../arm-none-eabi/lib/thumb/v7e-m+fp/hard/libg_nano.a(lib_a-nano-vfprintf_float.o)
                0x000000000000698a                __exponent
 *fill*         0x00000000000069ee        0x2 ff
 .text._printf_float
                0x00000000000069f0      0x454 /Users/Jannas/Desktop/GitHub/CMPE146_MP3/compiler/mac/gcc-arm-none-eabi-8-2019-q3-update/bin/../lib/gcc/arm-none-eabi/8.3.1/../../../../arm-none-eabi/lib/thumb/v7e-m+fp/hard/libg_nano.a(lib_a-nano-vfprintf_float.o)
                0x00000000000069f0                _printf_float
 .text._printf_common
                0x0000000000006e44       0xea /Users/Jannas/Desktop/GitHub/CMPE146_MP3/compiler/mac/gcc-arm-none-eabi-8-2019-q3-update/bin/../lib/gcc/arm-none-eabi/8.3.1/../../../../arm-none-eabi/lib/thumb/v7e-m+fp/hard/libg_nano.a(lib_a-nano-vfprintf_i.o)
                0x0000000000006e44                _printf_common
 *fill*         0x0000000000006f2e        0x2 ff
 .text._printf_i
                0x0000000000006f30      0x228 /Users/Jannas/Desktop/GitHub/CMPE146_MP3/compiler/mac/gcc-arm-none-eabi-8-2019-q3-update/bin/../lib/gcc/arm-none-eabi/8.3.1/../../../../arm-none-eabi/lib/thumb/v7e-m+fp/hard/libg_nano.a(lib_a-nano-vfprintf_i.o)
                0x0000000000006f30                _printf_i
 .text._scanf_float
                0x0000000000007158      0x3c0 /Users/Jannas/Desktop/GitHub/CMPE146_MP3/compiler/mac/gcc-arm-none-eabi-8-2019-q3-update/bin/../lib/gcc/arm-none-eabi/8.3.1/../../../../arm-none-eabi/lib/thumb/v7e-m+fp/hard/libg_nano.a(lib_a-nano-vfscanf_float.o)
                0x0000000000007158                _scanf_float
 .text.printf   0x0000000000007518       0x30 /Users/Jannas/Desktop/GitHub/CMPE146_MP3/compiler/mac/gcc-arm-none-eabi-8-2019-q3-update/bin/../lib/gcc/arm-none-eabi/8.3.1/../../../../arm-none-eabi/lib/thumb/v7e-m+fp/hard/libg_nano.a(lib_a-printf.o)
                0x0000000000007518                printf
                0x0000000000007518                iprintf
 .text.putchar  0x0000000000007548       0x28 /Users/Jannas/Desktop/GitHub/CMPE146_MP3/compiler/mac/gcc-arm-none-eabi-8-2019-q3-update/bin/../lib/gcc/arm-none-eabi/8.3.1/../../../../arm-none-eabi/lib/thumb/v7e-m+fp/hard/libg_nano.a(lib_a-putchar.o)
                0x0000000000007548                putchar
 .text._puts_r  0x0000000000007570       0xdc /Users/Jannas/Desktop/GitHub/CMPE146_MP3/compiler/mac/gcc-arm-none-eabi-8-2019-q3-update/bin/../lib/gcc/arm-none-eabi/8.3.1/../../../../arm-none-eabi/lib/thumb/v7e-m+fp/hard/libg_nano.a(lib_a-puts.o)
                0x0000000000007570                _puts_r
 .text.puts     0x000000000000764c       0x10 /Users/Jannas/Desktop/GitHub/CMPE146_MP3/compiler/mac/gcc-arm-none-eabi-8-2019-q3-update/bin/../lib/gcc/arm-none-eabi/8.3.1/../../../../arm-none-eabi/lib/thumb/v7e-m+fp/hard/libg_nano.a(lib_a-puts.o)
                0x000000000000764c                puts
 .text._sbrk_r  0x000000000000765c       0x20 /Users/Jannas/Desktop/GitHub/CMPE146_MP3/compiler/mac/gcc-arm-none-eabi-8-2019-q3-update/bin/../lib/gcc/arm-none-eabi/8.3.1/../../../../arm-none-eabi/lib/thumb/v7e-m+fp/hard/libg_nano.a(lib_a-sbrkr.o)
                0x000000000000765c                _sbrk_r
 .text.setvbuf  0x000000000000767c      0x184 /Users/Jannas/Desktop/GitHub/CMPE146_MP3/compiler/mac/gcc-arm-none-eabi-8-2019-q3-update/bin/../lib/gcc/arm-none-eabi/8.3.1/../../../../arm-none-eabi/lib/thumb/v7e-m+fp/hard/libg_nano.a(lib_a-setvbuf.o)
                0x000000000000767c                setvbuf
 .text.nanf     0x0000000000007800        0xc /Users/Jannas/Desktop/GitHub/CMPE146_MP3/compiler/mac/gcc-arm-none-eabi-8-2019-q3-update/bin/../lib/gcc/arm-none-eabi/8.3.1/../../../../arm-none-eabi/lib/thumb/v7e-m+fp/hard/libg_nano.a(lib_a-sf_nan.o)
                0x0000000000007800                nanf
 .text.sprintf  0x000000000000780c       0x40 /Users/Jannas/Desktop/GitHub/CMPE146_MP3/compiler/mac/gcc-arm-none-eabi-8-2019-q3-update/bin/../lib/gcc/arm-none-eabi/8.3.1/../../../../arm-none-eabi/lib/thumb/v7e-m+fp/hard/libg_nano.a(lib_a-sprintf.o)
                0x000000000000780c                sprintf
                0x000000000000780c                siprintf
 .text.strcasecmp
                0x000000000000784c       0x38 /Users/Jannas/Desktop/GitHub/CMPE146_MP3/compiler/mac/gcc-arm-none-eabi-8-2019-q3-update/bin/../lib/gcc/arm-none-eabi/8.3.1/../../../../arm-none-eabi/lib/thumb/v7e-m+fp/hard/libg_nano.a(lib_a-strcasecmp.o)
                0x000000000000784c                strcasecmp
 .text.strchr   0x0000000000007884       0x1a /Users/Jannas/Desktop/GitHub/CMPE146_MP3/compiler/mac/gcc-arm-none-eabi-8-2019-q3-update/bin/../lib/gcc/arm-none-eabi/8.3.1/../../../../arm-none-eabi/lib/thumb/v7e-m+fp/hard/libg_nano.a(lib_a-strchr.o)
                0x0000000000007884                strchr
 .text          0x000000000000789e       0x14 /Users/Jannas/Desktop/GitHub/CMPE146_MP3/compiler/mac/gcc-arm-none-eabi-8-2019-q3-update/bin/../lib/gcc/arm-none-eabi/8.3.1/../../../../arm-none-eabi/lib/thumb/v7e-m+fp/hard/libg_nano.a(lib_a-strcmp.o)
                0x000000000000789e                strcmp
 .text.strcpy   0x00000000000078b2       0x10 /Users/Jannas/Desktop/GitHub/CMPE146_MP3/compiler/mac/gcc-arm-none-eabi-8-2019-q3-update/bin/../lib/gcc/arm-none-eabi/8.3.1/../../../../arm-none-eabi/lib/thumb/v7e-m+fp/hard/libg_nano.a(lib_a-strcpy.o)
                0x00000000000078b2                strcpy
 .text          0x00000000000078c2       0x10 /Users/Jannas/Desktop/GitHub/CMPE146_MP3/compiler/mac/gcc-arm-none-eabi-8-2019-q3-update/bin/../lib/gcc/arm-none-eabi/8.3.1/../../../../arm-none-eabi/lib/thumb/v7e-m+fp/hard/libg_nano.a(lib_a-strlen.o)
                0x00000000000078c2                strlen
 *fill*         0x00000000000078d2        0x2 ff
 .text.strncasecmp
                0x00000000000078d4       0x44 /Users/Jannas/Desktop/GitHub/CMPE146_MP3/compiler/mac/gcc-arm-none-eabi-8-2019-q3-update/bin/../lib/gcc/arm-none-eabi/8.3.1/../../../../arm-none-eabi/lib/thumb/v7e-m+fp/hard/libg_nano.a(lib_a-strncasecmp.o)
                0x00000000000078d4                strncasecmp
 .text.strncmp  0x0000000000007918       0x24 /Users/Jannas/Desktop/GitHub/CMPE146_MP3/compiler/mac/gcc-arm-none-eabi-8-2019-q3-update/bin/../lib/gcc/arm-none-eabi/8.3.1/../../../../arm-none-eabi/lib/thumb/v7e-m+fp/hard/libg_nano.a(lib_a-strncmp.o)
                0x0000000000007918                strncmp
 .text.strncpy  0x000000000000793c       0x26 /Users/Jannas/Desktop/GitHub/CMPE146_MP3/compiler/mac/gcc-arm-none-eabi-8-2019-q3-update/bin/../lib/gcc/arm-none-eabi/8.3.1/../../../../arm-none-eabi/lib/thumb/v7e-m+fp/hard/libg_nano.a(lib_a-strncpy.o)
                0x000000000000793c                strncpy
 .text.strrchr  0x0000000000007962       0x28 /Users/Jannas/Desktop/GitHub/CMPE146_MP3/compiler/mac/gcc-arm-none-eabi-8-2019-q3-update/bin/../lib/gcc/arm-none-eabi/8.3.1/../../../../arm-none-eabi/lib/thumb/v7e-m+fp/hard/libg_nano.a(lib_a-strrchr.o)
                0x0000000000007962                strrchr
 .text.strstr   0x000000000000798a       0x2e /Users/Jannas/Desktop/GitHub/CMPE146_MP3/compiler/mac/gcc-arm-none-eabi-8-2019-q3-update/bin/../lib/gcc/arm-none-eabi/8.3.1/../../../../arm-none-eabi/lib/thumb/v7e-m+fp/hard/libg_nano.a(lib_a-strstr.o)
                0x000000000000798a                strstr
 .text.sulp     0x00000000000079b8       0x38 /Users/Jannas/Desktop/GitHub/CMPE146_MP3/compiler/mac/gcc-arm-none-eabi-8-2019-q3-update/bin/../lib/gcc/arm-none-eabi/8.3.1/../../../../arm-none-eabi/lib/thumb/v7e-m+fp/hard/libg_nano.a(lib_a-strtod.o)
 .text._strtod_l
                0x00000000000079f0      0xb98 /Users/Jannas/Desktop/GitHub/CMPE146_MP3/compiler/mac/gcc-arm-none-eabi-8-2019-q3-update/bin/../lib/gcc/arm-none-eabi/8.3.1/../../../../arm-none-eabi/lib/thumb/v7e-m+fp/hard/libg_nano.a(lib_a-strtod.o)
                0x00000000000079f0                _strtod_l
 .text._strtod_r
                0x0000000000008588        0xc /Users/Jannas/Desktop/GitHub/CMPE146_MP3/compiler/mac/gcc-arm-none-eabi-8-2019-q3-update/bin/../lib/gcc/arm-none-eabi/8.3.1/../../../../arm-none-eabi/lib/thumb/v7e-m+fp/hard/libg_nano.a(lib_a-strtod.o)
                0x0000000000008588                _strtod_r
 .text._strtol_l.isra.0
                0x0000000000008594       0xf0 /Users/Jannas/Desktop/GitHub/CMPE146_MP3/compiler/mac/gcc-arm-none-eabi-8-2019-q3-update/bin/../lib/gcc/arm-none-eabi/8.3.1/../../../../arm-none-eabi/lib/thumb/v7e-m+fp/hard/libg_nano.a(lib_a-strtol.o)
 .text._strtol_r
                0x0000000000008684        0x4 /Users/Jannas/Desktop/GitHub/CMPE146_MP3/compiler/mac/gcc-arm-none-eabi-8-2019-q3-update/bin/../lib/gcc/arm-none-eabi/8.3.1/../../../../arm-none-eabi/lib/thumb/v7e-m+fp/hard/libg_nano.a(lib_a-strtol.o)
                0x0000000000008684                _strtol_r
 .text._vsnprintf_r
                0x0000000000008688       0x58 /Users/Jannas/Desktop/GitHub/CMPE146_MP3/compiler/mac/gcc-arm-none-eabi-8-2019-q3-update/bin/../lib/gcc/arm-none-eabi/8.3.1/../../../../arm-none-eabi/lib/thumb/v7e-m+fp/hard/libg_nano.a(lib_a-vsnprintf.o)
                0x0000000000008688                _vsnprintf_r
                0x0000000000008688                _vsniprintf_r
 .text.vsnprintf
                0x00000000000086e0       0x1c /Users/Jannas/Desktop/GitHub/CMPE146_MP3/compiler/mac/gcc-arm-none-eabi-8-2019-q3-update/bin/../lib/gcc/arm-none-eabi/8.3.1/../../../../arm-none-eabi/lib/thumb/v7e-m+fp/hard/libg_nano.a(lib_a-vsnprintf.o)
                0x00000000000086e0                vsnprintf
                0x00000000000086e0                vsniprintf
 .text.__swbuf_r
                0x00000000000086fc       0xa4 /Users/Jannas/Desktop/GitHub/CMPE146_MP3/compiler/mac/gcc-arm-none-eabi-8-2019-q3-update/bin/../lib/gcc/arm-none-eabi/8.3.1/../../../../arm-none-eabi/lib/thumb/v7e-m+fp/hard/libg_nano.a(lib_a-wbuf.o)
                0x00000000000086fc                __swbuf_r
 .text.__swsetup_r
                0x00000000000087a0       0xdc /Users/Jannas/Desktop/GitHub/CMPE146_MP3/compiler/mac/gcc-arm-none-eabi-8-2019-q3-update/bin/../lib/gcc/arm-none-eabi/8.3.1/../../../../arm-none-eabi/lib/thumb/v7e-m+fp/hard/libg_nano.a(lib_a-wsetup.o)
                0x00000000000087a0                __swsetup_r
 .text.quorem   0x000000000000887c      0x112 /Users/Jannas/Desktop/GitHub/CMPE146_MP3/compiler/mac/gcc-arm-none-eabi-8-2019-q3-update/bin/../lib/gcc/arm-none-eabi/8.3.1/../../../../arm-none-eabi/lib/thumb/v7e-m+fp/hard/libg_nano.a(lib_a-dtoa.o)
 *fill*         0x000000000000898e        0x2 ff
 .text._dtoa_r  0x0000000000008990      0xb74 /Users/Jannas/Desktop/GitHub/CMPE146_MP3/compiler/mac/gcc-arm-none-eabi-8-2019-q3-update/bin/../lib/gcc/arm-none-eabi/8.3.1/../../../../arm-none-eabi/lib/thumb/v7e-m+fp/hard/libg_nano.a(lib_a-dtoa.o)
                0x0000000000008990                _dtoa_r
 .text.__sflush_r
                0x0000000000009504      0x10c /Users/Jannas/Desktop/GitHub/CMPE146_MP3/compiler/mac/gcc-arm-none-eabi-8-2019-q3-update/bin/../lib/gcc/arm-none-eabi/8.3.1/../../../../arm-none-eabi/lib/thumb/v7e-m+fp/hard/libg_nano.a(lib_a-fflush.o)
                0x0000000000009504                __sflush_r
 .text._fflush_r
                0x0000000000009610       0x78 /Users/Jannas/Desktop/GitHub/CMPE146_MP3/compiler/mac/gcc-arm-none-eabi-8-2019-q3-update/bin/../lib/gcc/arm-none-eabi/8.3.1/../../../../arm-none-eabi/lib/thumb/v7e-m+fp/hard/libg_nano.a(lib_a-fflush.o)
                0x0000000000009610                _fflush_r
 .text.fflush   0x0000000000009688       0x24 /Users/Jannas/Desktop/GitHub/CMPE146_MP3/compiler/mac/gcc-arm-none-eabi-8-2019-q3-update/bin/../lib/gcc/arm-none-eabi/8.3.1/../../../../arm-none-eabi/lib/thumb/v7e-m+fp/hard/libg_nano.a(lib_a-fflush.o)
                0x0000000000009688                fflush
 .text.std      0x00000000000096ac       0x48 /Users/Jannas/Desktop/GitHub/CMPE146_MP3/compiler/mac/gcc-arm-none-eabi-8-2019-q3-update/bin/../lib/gcc/arm-none-eabi/8.3.1/../../../../arm-none-eabi/lib/thumb/v7e-m+fp/hard/libg_nano.a(lib_a-findfp.o)
 .text._cleanup_r
                0x00000000000096f4        0xc /Users/Jannas/Desktop/GitHub/CMPE146_MP3/compiler/mac/gcc-arm-none-eabi-8-2019-q3-update/bin/../lib/gcc/arm-none-eabi/8.3.1/../../../../arm-none-eabi/lib/thumb/v7e-m+fp/hard/libg_nano.a(lib_a-findfp.o)
                0x00000000000096f4                _cleanup_r
 .text.__sfmoreglue
                0x0000000000009700       0x2c /Users/Jannas/Desktop/GitHub/CMPE146_MP3/compiler/mac/gcc-arm-none-eabi-8-2019-q3-update/bin/../lib/gcc/arm-none-eabi/8.3.1/../../../../arm-none-eabi/lib/thumb/v7e-m+fp/hard/libg_nano.a(lib_a-findfp.o)
                0x0000000000009700                __sfmoreglue
 .text.__sfp_lock_acquire
                0x000000000000972c        0xc /Users/Jannas/Desktop/GitHub/CMPE146_MP3/compiler/mac/gcc-arm-none-eabi-8-2019-q3-update/bin/../lib/gcc/arm-none-eabi/8.3.1/../../../../arm-none-eabi/lib/thumb/v7e-m+fp/hard/libg_nano.a(lib_a-findfp.o)
                0x000000000000972c                __sfp_lock_acquire
 .text.__sfp_lock_release
                0x0000000000009738        0xc /Users/Jannas/Desktop/GitHub/CMPE146_MP3/compiler/mac/gcc-arm-none-eabi-8-2019-q3-update/bin/../lib/gcc/arm-none-eabi/8.3.1/../../../../arm-none-eabi/lib/thumb/v7e-m+fp/hard/libg_nano.a(lib_a-findfp.o)
                0x0000000000009738                __sfp_lock_release
 .text.__sinit_lock_acquire
                0x0000000000009744        0xc /Users/Jannas/Desktop/GitHub/CMPE146_MP3/compiler/mac/gcc-arm-none-eabi-8-2019-q3-update/bin/../lib/gcc/arm-none-eabi/8.3.1/../../../../arm-none-eabi/lib/thumb/v7e-m+fp/hard/libg_nano.a(lib_a-findfp.o)
                0x0000000000009744                __sinit_lock_acquire
 .text.__sinit_lock_release
                0x0000000000009750        0xc /Users/Jannas/Desktop/GitHub/CMPE146_MP3/compiler/mac/gcc-arm-none-eabi-8-2019-q3-update/bin/../lib/gcc/arm-none-eabi/8.3.1/../../../../arm-none-eabi/lib/thumb/v7e-m+fp/hard/libg_nano.a(lib_a-findfp.o)
                0x0000000000009750                __sinit_lock_release
 .text.__sinit  0x000000000000975c       0x70 /Users/Jannas/Desktop/GitHub/CMPE146_MP3/compiler/mac/gcc-arm-none-eabi-8-2019-q3-update/bin/../lib/gcc/arm-none-eabi/8.3.1/../../../../arm-none-eabi/lib/thumb/v7e-m+fp/hard/libg_nano.a(lib_a-findfp.o)
                0x000000000000975c                __sinit
 .text.__sfp    0x00000000000097cc       0x8c /Users/Jannas/Desktop/GitHub/CMPE146_MP3/compiler/mac/gcc-arm-none-eabi-8-2019-q3-update/bin/../lib/gcc/arm-none-eabi/8.3.1/../../../../arm-none-eabi/lib/thumb/v7e-m+fp/hard/libg_nano.a(lib_a-findfp.o)
                0x00000000000097cc                __sfp
 .text._fwalk   0x0000000000009858       0x38 /Users/Jannas/Desktop/GitHub/CMPE146_MP3/compiler/mac/gcc-arm-none-eabi-8-2019-q3-update/bin/../lib/gcc/arm-none-eabi/8.3.1/../../../../arm-none-eabi/lib/thumb/v7e-m+fp/hard/libg_nano.a(lib_a-fwalk.o)
                0x0000000000009858                _fwalk
 .text._fwalk_reent
                0x0000000000009890       0x3c /Users/Jannas/Desktop/GitHub/CMPE146_MP3/compiler/mac/gcc-arm-none-eabi-8-2019-q3-update/bin/../lib/gcc/arm-none-eabi/8.3.1/../../../../arm-none-eabi/lib/thumb/v7e-m+fp/hard/libg_nano.a(lib_a-fwalk.o)
                0x0000000000009890                _fwalk_reent
 .text.rshift   0x00000000000098cc       0x74 /Users/Jannas/Desktop/GitHub/CMPE146_MP3/compiler/mac/gcc-arm-none-eabi-8-2019-q3-update/bin/../lib/gcc/arm-none-eabi/8.3.1/../../../../arm-none-eabi/lib/thumb/v7e-m+fp/hard/libg_nano.a(lib_a-gdtoa-gethex.o)
 .text.__hexdig_fun
                0x0000000000009940       0x2a /Users/Jannas/Desktop/GitHub/CMPE146_MP3/compiler/mac/gcc-arm-none-eabi-8-2019-q3-update/bin/../lib/gcc/arm-none-eabi/8.3.1/../../../../arm-none-eabi/lib/thumb/v7e-m+fp/hard/libg_nano.a(lib_a-gdtoa-gethex.o)
                0x0000000000009940                __hexdig_fun
 *fill*         0x000000000000996a        0x2 ff
 .text.__gethex
                0x000000000000996c      0x448 /Users/Jannas/Desktop/GitHub/CMPE146_MP3/compiler/mac/gcc-arm-none-eabi-8-2019-q3-update/bin/../lib/gcc/arm-none-eabi/8.3.1/../../../../arm-none-eabi/lib/thumb/v7e-m+fp/hard/libg_nano.a(lib_a-gdtoa-gethex.o)
                0x000000000000996c                __gethex
 .text.L_shift  0x0000000000009db4       0x24 /Users/Jannas/Desktop/GitHub/CMPE146_MP3/compiler/mac/gcc-arm-none-eabi-8-2019-q3-update/bin/../lib/gcc/arm-none-eabi/8.3.1/../../../../arm-none-eabi/lib/thumb/v7e-m+fp/hard/libg_nano.a(lib_a-gdtoa-hexnan.o)
 .text.__match  0x0000000000009dd8       0x28 /Users/Jannas/Desktop/GitHub/CMPE146_MP3/compiler/mac/gcc-arm-none-eabi-8-2019-q3-update/bin/../lib/gcc/arm-none-eabi/8.3.1/../../../../arm-none-eabi/lib/thumb/v7e-m+fp/hard/libg_nano.a(lib_a-gdtoa-hexnan.o)
                0x0000000000009dd8                __match
 .text.__hexnan
                0x0000000000009e00      0x120 /Users/Jannas/Desktop/GitHub/CMPE146_MP3/compiler/mac/gcc-arm-none-eabi-8-2019-q3-update/bin/../lib/gcc/arm-none-eabi/8.3.1/../../../../arm-none-eabi/lib/thumb/v7e-m+fp/hard/libg_nano.a(lib_a-gdtoa-hexnan.o)
                0x0000000000009e00                __hexnan
 .text._getc_r  0x0000000000009f20       0x80 /Users/Jannas/Desktop/GitHub/CMPE146_MP3/compiler/mac/gcc-arm-none-eabi-8-2019-q3-update/bin/../lib/gcc/arm-none-eabi/8.3.1/../../../../arm-none-eabi/lib/thumb/v7e-m+fp/hard/libg_nano.a(lib_a-getc.o)
                0x0000000000009f20                _getc_r
 .text._localeconv_r
                0x0000000000009fa0        0x8 /Users/Jannas/Desktop/GitHub/CMPE146_MP3/compiler/mac/gcc-arm-none-eabi-8-2019-q3-update/bin/../lib/gcc/arm-none-eabi/8.3.1/../../../../arm-none-eabi/lib/thumb/v7e-m+fp/hard/libg_nano.a(lib_a-localeconv.o)
                0x0000000000009fa0                _localeconv_r
 .text.__swhatbuf_r
                0x0000000000009fa8       0x48 /Users/Jannas/Desktop/GitHub/CMPE146_MP3/compiler/mac/gcc-arm-none-eabi-8-2019-q3-update/bin/../lib/gcc/arm-none-eabi/8.3.1/../../../../arm-none-eabi/lib/thumb/v7e-m+fp/hard/libg_nano.a(lib_a-makebuf.o)
                0x0000000000009fa8                __swhatbuf_r
 .text.__smakebuf_r
                0x0000000000009ff0       0x80 /Users/Jannas/Desktop/GitHub/CMPE146_MP3/compiler/mac/gcc-arm-none-eabi-8-2019-q3-update/bin/../lib/gcc/arm-none-eabi/8.3.1/../../../../arm-none-eabi/lib/thumb/v7e-m+fp/hard/libg_nano.a(lib_a-makebuf.o)
                0x0000000000009ff0                __smakebuf_r
 .text.__ascii_mbtowc
                0x000000000000a070       0x24 /Users/Jannas/Desktop/GitHub/CMPE146_MP3/compiler/mac/gcc-arm-none-eabi-8-2019-q3-update/bin/../lib/gcc/arm-none-eabi/8.3.1/../../../../arm-none-eabi/lib/thumb/v7e-m+fp/hard/libg_nano.a(lib_a-mbtowc_r.o)
                0x000000000000a070                __ascii_mbtowc
 *fill*         0x000000000000a094        0xc ff
 .text          0x000000000000a0a0       0xa0 /Users/Jannas/Desktop/GitHub/CMPE146_MP3/compiler/mac/gcc-arm-none-eabi-8-2019-q3-update/bin/../lib/gcc/arm-none-eabi/8.3.1/../../../../arm-none-eabi/lib/thumb/v7e-m+fp/hard/libg_nano.a(lib_a-memchr.o)
                0x000000000000a0a0                memchr
 .text.__malloc_lock
                0x000000000000a140        0xc /Users/Jannas/Desktop/GitHub/CMPE146_MP3/compiler/mac/gcc-arm-none-eabi-8-2019-q3-update/bin/../lib/gcc/arm-none-eabi/8.3.1/../../../../arm-none-eabi/lib/thumb/v7e-m+fp/hard/libg_nano.a(lib_a-mlock.o)
                0x000000000000a140                __malloc_lock
 .text.__malloc_unlock
                0x000000000000a14c        0xc /Users/Jannas/Desktop/GitHub/CMPE146_MP3/compiler/mac/gcc-arm-none-eabi-8-2019-q3-update/bin/../lib/gcc/arm-none-eabi/8.3.1/../../../../arm-none-eabi/lib/thumb/v7e-m+fp/hard/libg_nano.a(lib_a-mlock.o)
                0x000000000000a14c                __malloc_unlock
 .text._Balloc  0x000000000000a158       0x68 /Users/Jannas/Desktop/GitHub/CMPE146_MP3/compiler/mac/gcc-arm-none-eabi-8-2019-q3-update/bin/../lib/gcc/arm-none-eabi/8.3.1/../../../../arm-none-eabi/lib/thumb/v7e-m+fp/hard/libg_nano.a(lib_a-mprec.o)
                0x000000000000a158                _Balloc
 .text._Bfree   0x000000000000a1c0       0x2e /Users/Jannas/Desktop/GitHub/CMPE146_MP3/compiler/mac/gcc-arm-none-eabi-8-2019-q3-update/bin/../lib/gcc/arm-none-eabi/8.3.1/../../../../arm-none-eabi/lib/thumb/v7e-m+fp/hard/libg_nano.a(lib_a-mprec.o)
                0x000000000000a1c0                _Bfree
 .text.__multadd
                0x000000000000a1ee       0x76 /Users/Jannas/Desktop/GitHub/CMPE146_MP3/compiler/mac/gcc-arm-none-eabi-8-2019-q3-update/bin/../lib/gcc/arm-none-eabi/8.3.1/../../../../arm-none-eabi/lib/thumb/v7e-m+fp/hard/libg_nano.a(lib_a-mprec.o)
                0x000000000000a1ee                __multadd
 .text.__s2b    0x000000000000a264       0x7c /Users/Jannas/Desktop/GitHub/CMPE146_MP3/compiler/mac/gcc-arm-none-eabi-8-2019-q3-update/bin/../lib/gcc/arm-none-eabi/8.3.1/../../../../arm-none-eabi/lib/thumb/v7e-m+fp/hard/libg_nano.a(lib_a-mprec.o)
                0x000000000000a264                __s2b
 .text.__hi0bits
                0x000000000000a2e0       0x40 /Users/Jannas/Desktop/GitHub/CMPE146_MP3/compiler/mac/gcc-arm-none-eabi-8-2019-q3-update/bin/../lib/gcc/arm-none-eabi/8.3.1/../../../../arm-none-eabi/lib/thumb/v7e-m+fp/hard/libg_nano.a(lib_a-mprec.o)
                0x000000000000a2e0                __hi0bits
 .text.__lo0bits
                0x000000000000a320       0x60 /Users/Jannas/Desktop/GitHub/CMPE146_MP3/compiler/mac/gcc-arm-none-eabi-8-2019-q3-update/bin/../lib/gcc/arm-none-eabi/8.3.1/../../../../arm-none-eabi/lib/thumb/v7e-m+fp/hard/libg_nano.a(lib_a-mprec.o)
                0x000000000000a320                __lo0bits
 .text.__i2b    0x000000000000a380       0x12 /Users/Jannas/Desktop/GitHub/CMPE146_MP3/compiler/mac/gcc-arm-none-eabi-8-2019-q3-update/bin/../lib/gcc/arm-none-eabi/8.3.1/../../../../arm-none-eabi/lib/thumb/v7e-m+fp/hard/libg_nano.a(lib_a-mprec.o)
                0x000000000000a380                __i2b
 .text.__multiply
                0x000000000000a392      0x120 /Users/Jannas/Desktop/GitHub/CMPE146_MP3/compiler/mac/gcc-arm-none-eabi-8-2019-q3-update/bin/../lib/gcc/arm-none-eabi/8.3.1/../../../../arm-none-eabi/lib/thumb/v7e-m+fp/hard/libg_nano.a(lib_a-mprec.o)
                0x000000000000a392                __multiply
 *fill*         0x000000000000a4b2        0x2 ff
 .text.__pow5mult
                0x000000000000a4b4       0x9c /Users/Jannas/Desktop/GitHub/CMPE146_MP3/compiler/mac/gcc-arm-none-eabi-8-2019-q3-update/bin/../lib/gcc/arm-none-eabi/8.3.1/../../../../arm-none-eabi/lib/thumb/v7e-m+fp/hard/libg_nano.a(lib_a-mprec.o)
                0x000000000000a4b4                __pow5mult
 .text.__lshift
                0x000000000000a550       0xa6 /Users/Jannas/Desktop/GitHub/CMPE146_MP3/compiler/mac/gcc-arm-none-eabi-8-2019-q3-update/bin/../lib/gcc/arm-none-eabi/8.3.1/../../../../arm-none-eabi/lib/thumb/v7e-m+fp/hard/libg_nano.a(lib_a-mprec.o)
                0x000000000000a550                __lshift
 .text.__mcmp   0x000000000000a5f6       0x34 /Users/Jannas/Desktop/GitHub/CMPE146_MP3/compiler/mac/gcc-arm-none-eabi-8-2019-q3-update/bin/../lib/gcc/arm-none-eabi/8.3.1/../../../../arm-none-eabi/lib/thumb/v7e-m+fp/hard/libg_nano.a(lib_a-mprec.o)
                0x000000000000a5f6                __mcmp
 .text.__mdiff  0x000000000000a62a       0xba /Users/Jannas/Desktop/GitHub/CMPE146_MP3/compiler/mac/gcc-arm-none-eabi-8-2019-q3-update/bin/../lib/gcc/arm-none-eabi/8.3.1/../../../../arm-none-eabi/lib/thumb/v7e-m+fp/hard/libg_nano.a(lib_a-mprec.o)
                0x000000000000a62a                __mdiff
 .text.__ulp    0x000000000000a6e4       0x4c /Users/Jannas/Desktop/GitHub/CMPE146_MP3/compiler/mac/gcc-arm-none-eabi-8-2019-q3-update/bin/../lib/gcc/arm-none-eabi/8.3.1/../../../../arm-none-eabi/lib/thumb/v7e-m+fp/hard/libg_nano.a(lib_a-mprec.o)
                0x000000000000a6e4                __ulp
 .text.__b2d    0x000000000000a730       0xa0 /Users/Jannas/Desktop/GitHub/CMPE146_MP3/compiler/mac/gcc-arm-none-eabi-8-2019-q3-update/bin/../lib/gcc/arm-none-eabi/8.3.1/../../../../arm-none-eabi/lib/thumb/v7e-m+fp/hard/libg_nano.a(lib_a-mprec.o)
                0x000000000000a730                __b2d
 .text.__d2b    0x000000000000a7d0       0x9c /Users/Jannas/Desktop/GitHub/CMPE146_MP3/compiler/mac/gcc-arm-none-eabi-8-2019-q3-update/bin/../lib/gcc/arm-none-eabi/8.3.1/../../../../arm-none-eabi/lib/thumb/v7e-m+fp/hard/libg_nano.a(lib_a-mprec.o)
                0x000000000000a7d0                __d2b
 .text.__ratio  0x000000000000a86c       0x66 /Users/Jannas/Desktop/GitHub/CMPE146_MP3/compiler/mac/gcc-arm-none-eabi-8-2019-q3-update/bin/../lib/gcc/arm-none-eabi/8.3.1/../../../../arm-none-eabi/lib/thumb/v7e-m+fp/hard/libg_nano.a(lib_a-mprec.o)
                0x000000000000a86c                __ratio
 .text.__copybits
                0x000000000000a8d2       0x34 /Users/Jannas/Desktop/GitHub/CMPE146_MP3/compiler/mac/gcc-arm-none-eabi-8-2019-q3-update/bin/../lib/gcc/arm-none-eabi/8.3.1/../../../../arm-none-eabi/lib/thumb/v7e-m+fp/hard/libg_nano.a(lib_a-mprec.o)
                0x000000000000a8d2                __copybits
 .text.__any_on
                0x000000000000a906       0x42 /Users/Jannas/Desktop/GitHub/CMPE146_MP3/compiler/mac/gcc-arm-none-eabi-8-2019-q3-update/bin/../lib/gcc/arm-none-eabi/8.3.1/../../../../arm-none-eabi/lib/thumb/v7e-m+fp/hard/libg_nano.a(lib_a-mprec.o)
                0x000000000000a906                __any_on
 .text._calloc_r
                0x000000000000a948       0x1c /Users/Jannas/Desktop/GitHub/CMPE146_MP3/compiler/mac/gcc-arm-none-eabi-8-2019-q3-update/bin/../lib/gcc/arm-none-eabi/8.3.1/../../../../arm-none-eabi/lib/thumb/v7e-m+fp/hard/libg_nano.a(lib_a-nano-callocr.o)
                0x000000000000a948                _calloc_r
 .text._realloc_r
                0x000000000000a964       0x4c /Users/Jannas/Desktop/GitHub/CMPE146_MP3/compiler/mac/gcc-arm-none-eabi-8-2019-q3-update/bin/../lib/gcc/arm-none-eabi/8.3.1/../../../../arm-none-eabi/lib/thumb/v7e-m+fp/hard/libg_nano.a(lib_a-nano-reallocr.o)
                0x000000000000a964                _realloc_r
 .text.__ssputs_r
                0x000000000000a9b0       0xb6 /Users/Jannas/Desktop/GitHub/CMPE146_MP3/compiler/mac/gcc-arm-none-eabi-8-2019-q3-update/bin/../lib/gcc/arm-none-eabi/8.3.1/../../../../arm-none-eabi/lib/thumb/v7e-m+fp/hard/libg_nano.a(lib_a-nano-svfprintf.o)
                0x000000000000a9b0                __ssputs_r
 *fill*         0x000000000000aa66        0x2 ff
 .text._svfprintf_r
                0x000000000000aa68      0x1f0 /Users/Jannas/Desktop/GitHub/CMPE146_MP3/compiler/mac/gcc-arm-none-eabi-8-2019-q3-update/bin/../lib/gcc/arm-none-eabi/8.3.1/../../../../arm-none-eabi/lib/thumb/v7e-m+fp/hard/libg_nano.a(lib_a-nano-svfprintf.o)
                0x000000000000aa68                _svfprintf_r
                0x000000000000aa68                _svfiprintf_r
 .text._putc_r  0x000000000000ac58       0x90 /Users/Jannas/Desktop/GitHub/CMPE146_MP3/compiler/mac/gcc-arm-none-eabi-8-2019-q3-update/bin/../lib/gcc/arm-none-eabi/8.3.1/../../../../arm-none-eabi/lib/thumb/v7e-m+fp/hard/libg_nano.a(lib_a-putc.o)
                0x000000000000ac58                _putc_r
 .text.__srget_r
                0x000000000000ace8       0x58 /Users/Jannas/Desktop/GitHub/CMPE146_MP3/compiler/mac/gcc-arm-none-eabi-8-2019-q3-update/bin/../lib/gcc/arm-none-eabi/8.3.1/../../../../arm-none-eabi/lib/thumb/v7e-m+fp/hard/libg_nano.a(lib_a-rget.o)
                0x000000000000ace8                __srget_r
 .text.nan      0x000000000000ad40       0x10 /Users/Jannas/Desktop/GitHub/CMPE146_MP3/compiler/mac/gcc-arm-none-eabi-8-2019-q3-update/bin/../lib/gcc/arm-none-eabi/8.3.1/../../../../arm-none-eabi/lib/thumb/v7e-m+fp/hard/libg_nano.a(lib_a-s_nan.o)
                0x000000000000ad40                nan
 .text.__sread  0x000000000000ad50       0x22 /Users/Jannas/Desktop/GitHub/CMPE146_MP3/compiler/mac/gcc-arm-none-eabi-8-2019-q3-update/bin/../lib/gcc/arm-none-eabi/8.3.1/../../../../arm-none-eabi/lib/thumb/v7e-m+fp/hard/libg_nano.a(lib_a-stdio.o)
                0x000000000000ad50                __sread
 .text.__swrite
                0x000000000000ad72       0x38 /Users/Jannas/Desktop/GitHub/CMPE146_MP3/compiler/mac/gcc-arm-none-eabi-8-2019-q3-update/bin/../lib/gcc/arm-none-eabi/8.3.1/../../../../arm-none-eabi/lib/thumb/v7e-m+fp/hard/libg_nano.a(lib_a-stdio.o)
                0x000000000000ad72                __swrite
 .text.__sseek  0x000000000000adaa       0x24 /Users/Jannas/Desktop/GitHub/CMPE146_MP3/compiler/mac/gcc-arm-none-eabi-8-2019-q3-update/bin/../lib/gcc/arm-none-eabi/8.3.1/../../../../arm-none-eabi/lib/thumb/v7e-m+fp/hard/libg_nano.a(lib_a-stdio.o)
                0x000000000000adaa                __sseek
 .text.__sclose
                0x000000000000adce        0x8 /Users/Jannas/Desktop/GitHub/CMPE146_MP3/compiler/mac/gcc-arm-none-eabi-8-2019-q3-update/bin/../lib/gcc/arm-none-eabi/8.3.1/../../../../arm-none-eabi/lib/thumb/v7e-m+fp/hard/libg_nano.a(lib_a-stdio.o)
                0x000000000000adce                __sclose
 .text.__ascii_wctomb
                0x000000000000add6       0x1a /Users/Jannas/Desktop/GitHub/CMPE146_MP3/compiler/mac/gcc-arm-none-eabi-8-2019-q3-update/bin/../lib/gcc/arm-none-eabi/8.3.1/../../../../arm-none-eabi/lib/thumb/v7e-m+fp/hard/libg_nano.a(lib_a-wctomb_r.o)
                0x000000000000add6                __ascii_wctomb
 .text._write_r
                0x000000000000adf0       0x24 /Users/Jannas/Desktop/GitHub/CMPE146_MP3/compiler/mac/gcc-arm-none-eabi-8-2019-q3-update/bin/../lib/gcc/arm-none-eabi/8.3.1/../../../../arm-none-eabi/lib/thumb/v7e-m+fp/hard/libg_nano.a(lib_a-writer.o)
                0x000000000000adf0                _write_r
 .text._close_r
                0x000000000000ae14       0x20 /Users/Jannas/Desktop/GitHub/CMPE146_MP3/compiler/mac/gcc-arm-none-eabi-8-2019-q3-update/bin/../lib/gcc/arm-none-eabi/8.3.1/../../../../arm-none-eabi/lib/thumb/v7e-m+fp/hard/libg_nano.a(lib_a-closer.o)
                0x000000000000ae14                _close_r
 .text._fstat_r
                0x000000000000ae34       0x24 /Users/Jannas/Desktop/GitHub/CMPE146_MP3/compiler/mac/gcc-arm-none-eabi-8-2019-q3-update/bin/../lib/gcc/arm-none-eabi/8.3.1/../../../../arm-none-eabi/lib/thumb/v7e-m+fp/hard/libg_nano.a(lib_a-fstatr.o)
                0x000000000000ae34                _fstat_r
 .text._isatty_r
                0x000000000000ae58       0x20 /Users/Jannas/Desktop/GitHub/CMPE146_MP3/compiler/mac/gcc-arm-none-eabi-8-2019-q3-update/bin/../lib/gcc/arm-none-eabi/8.3.1/../../../../arm-none-eabi/lib/thumb/v7e-m+fp/hard/libg_nano.a(lib_a-isattyr.o)
                0x000000000000ae58                _isatty_r
 .text._lseek_r
                0x000000000000ae78       0x24 /Users/Jannas/Desktop/GitHub/CMPE146_MP3/compiler/mac/gcc-arm-none-eabi-8-2019-q3-update/bin/../lib/gcc/arm-none-eabi/8.3.1/../../../../arm-none-eabi/lib/thumb/v7e-m+fp/hard/libg_nano.a(lib_a-lseekr.o)
                0x000000000000ae78                _lseek_r
 .text._malloc_usable_size_r
                0x000000000000ae9c       0x10 /Users/Jannas/Desktop/GitHub/CMPE146_MP3/compiler/mac/gcc-arm-none-eabi-8-2019-q3-update/bin/../lib/gcc/arm-none-eabi/8.3.1/../../../../arm-none-eabi/lib/thumb/v7e-m+fp/hard/libg_nano.a(lib_a-nano-msizer.o)
                0x000000000000ae9c                _malloc_usable_size_r
 .text._read_r  0x000000000000aeac       0x24 /Users/Jannas/Desktop/GitHub/CMPE146_MP3/compiler/mac/gcc-arm-none-eabi-8-2019-q3-update/bin/../lib/gcc/arm-none-eabi/8.3.1/../../../../arm-none-eabi/lib/thumb/v7e-m+fp/hard/libg_nano.a(lib_a-readr.o)
                0x000000000000aeac                _read_r
 .text.lflush   0x000000000000aed0       0x12 /Users/Jannas/Desktop/GitHub/CMPE146_MP3/compiler/mac/gcc-arm-none-eabi-8-2019-q3-update/bin/../lib/gcc/arm-none-eabi/8.3.1/../../../../arm-none-eabi/lib/thumb/v7e-m+fp/hard/libg_nano.a(lib_a-refill.o)
 *fill*         0x000000000000aee2        0x2 ff
 .text.__srefill_r
                0x000000000000aee4      0x118 /Users/Jannas/Desktop/GitHub/CMPE146_MP3/compiler/mac/gcc-arm-none-eabi-8-2019-q3-update/bin/../lib/gcc/arm-none-eabi/8.3.1/../../../../arm-none-eabi/lib/thumb/v7e-m+fp/hard/libg_nano.a(lib_a-refill.o)
                0x000000000000aee4                __srefill_r
 .text          0x000000000000affc      0x110 /Users/Jannas/Desktop/GitHub/CMPE146_MP3/compiler/mac/gcc-arm-none-eabi-8-2019-q3-update/bin/../lib/gcc/arm-none-eabi/8.3.1/thumb/v7e-m+fp/hard/libgcc.a(_arm_cmpdf2.o)
                0x000000000000affc                __gedf2
                0x000000000000affc                __gtdf2
                0x000000000000b004                __ledf2
                0x000000000000b004                __ltdf2
                0x000000000000b00c                __cmpdf2
                0x000000000000b00c                __eqdf2
                0x000000000000b00c                __nedf2
                0x000000000000b088                __aeabi_cdrcmple
                0x000000000000b098                __aeabi_cdcmple
                0x000000000000b098                __aeabi_cdcmpeq
                0x000000000000b0a8                __aeabi_dcmpeq
                0x000000000000b0bc                __aeabi_dcmplt
                0x000000000000b0d0                __aeabi_dcmple
                0x000000000000b0e4                __aeabi_dcmpge
                0x000000000000b0f8                __aeabi_dcmpgt
 .text          0x000000000000b10c       0x2c /Users/Jannas/Desktop/GitHub/CMPE146_MP3/compiler/mac/gcc-arm-none-eabi-8-2019-q3-update/bin/../lib/gcc/arm-none-eabi/8.3.1/thumb/v7e-m+fp/hard/libgcc.a(_arm_unorddf2.o)
                0x000000000000b10c                __aeabi_dcmpun
                0x000000000000b10c                __unorddf2
 .text          0x000000000000b138       0x50 /Users/Jannas/Desktop/GitHub/CMPE146_MP3/compiler/mac/gcc-arm-none-eabi-8-2019-q3-update/bin/../lib/gcc/arm-none-eabi/8.3.1/thumb/v7e-m+fp/hard/libgcc.a(_arm_fixdfsi.o)
                0x000000000000b138                __fixdfsi
                0x000000000000b138                __aeabi_d2iz
 .text          0x000000000000b188       0xa0 /Users/Jannas/Desktop/GitHub/CMPE146_MP3/compiler/mac/gcc-arm-none-eabi-8-2019-q3-update/bin/../lib/gcc/arm-none-eabi/8.3.1/thumb/v7e-m+fp/hard/libgcc.a(_arm_truncdfsf2.o)
                0x000000000000b188                __aeabi_d2f
                0x000000000000b188                __truncdfsf2
 .text          0x000000000000b228       0x30 /Users/Jannas/Desktop/GitHub/CMPE146_MP3/compiler/mac/gcc-arm-none-eabi-8-2019-q3-update/bin/../lib/gcc/arm-none-eabi/8.3.1/thumb/v7e-m+fp/hard/libgcc.a(_fixdfdi.o)
                0x000000000000b228                __aeabi_d2lz
                0x000000000000b228                __fixdfdi
 .text          0x000000000000b258       0x3c /Users/Jannas/Desktop/GitHub/CMPE146_MP3/compiler/mac/gcc-arm-none-eabi-8-2019-q3-update/bin/../lib/gcc/arm-none-eabi/8.3.1/thumb/v7e-m+fp/hard/libgcc.a(_fixunsdfdi.o)
                0x000000000000b258                __aeabi_d2ulz
                0x000000000000b258                __fixunsdfdi
 .text._close   0x000000000000b294       0x10 /Users/Jannas/Desktop/GitHub/CMPE146_MP3/compiler/mac/gcc-arm-none-eabi-8-2019-q3-update/bin/../lib/gcc/arm-none-eabi/8.3.1/../../../../arm-none-eabi/lib/thumb/v7e-m+fp/hard/libnosys.a(close.o)
                0x000000000000b294                _close
 .text._fstat   0x000000000000b2a4       0x10 /Users/Jannas/Desktop/GitHub/CMPE146_MP3/compiler/mac/gcc-arm-none-eabi-8-2019-q3-update/bin/../lib/gcc/arm-none-eabi/8.3.1/../../../../arm-none-eabi/lib/thumb/v7e-m+fp/hard/libnosys.a(fstat.o)
                0x000000000000b2a4                _fstat